Archive member included to satisfy reference by file (symbol)

C:/ST/STM32CubeIDE_1.19.0/STM32CubeIDE/plugins/com.st.stm32cube.ide.mcu.externaltools.gnu-tools-for-stm32.13.3.rel1.win32_1.0.0.202411081344/tools/bin/../lib/gcc/arm-none-eabi/13.3.1/../../../../arm-none-eabi/lib/thumb/v7-m/nofp\libc_nano.a(libc_a-exit.o)
                              C:/ST/STM32CubeIDE_1.19.0/STM32CubeIDE/plugins/com.st.stm32cube.ide.mcu.externaltools.gnu-tools-for-stm32.13.3.rel1.win32_1.0.0.202411081344/tools/bin/../lib/gcc/arm-none-eabi/13.3.1/../../../../arm-none-eabi/lib/thumb/v7-m/nofp/crt0.o (exit)
C:/ST/STM32CubeIDE_1.19.0/STM32CubeIDE/plugins/com.st.stm32cube.ide.mcu.externaltools.gnu-tools-for-stm32.13.3.rel1.win32_1.0.0.202411081344/tools/bin/../lib/gcc/arm-none-eabi/13.3.1/../../../../arm-none-eabi/lib/thumb/v7-m/nofp\libc_nano.a(libc_a-itoa.o)
                              ./Core/Src/esp01.o (itoa)
C:/ST/STM32CubeIDE_1.19.0/STM32CubeIDE/plugins/com.st.stm32cube.ide.mcu.externaltools.gnu-tools-for-stm32.13.3.rel1.win32_1.0.0.202411081344/tools/bin/../lib/gcc/arm-none-eabi/13.3.1/../../../../arm-none-eabi/lib/thumb/v7-m/nofp\libc_nano.a(libc_a-utoa.o)
                              C:/ST/STM32CubeIDE_1.19.0/STM32CubeIDE/plugins/com.st.stm32cube.ide.mcu.externaltools.gnu-tools-for-stm32.13.3.rel1.win32_1.0.0.202411081344/tools/bin/../lib/gcc/arm-none-eabi/13.3.1/../../../../arm-none-eabi/lib/thumb/v7-m/nofp\libc_nano.a(libc_a-itoa.o) (__utoa)
C:/ST/STM32CubeIDE_1.19.0/STM32CubeIDE/plugins/com.st.stm32cube.ide.mcu.externaltools.gnu-tools-for-stm32.13.3.rel1.win32_1.0.0.202411081344/tools/bin/../lib/gcc/arm-none-eabi/13.3.1/../../../../arm-none-eabi/lib/thumb/v7-m/nofp\libc_nano.a(libc_a-findfp.o)
                              C:/ST/STM32CubeIDE_1.19.0/STM32CubeIDE/plugins/com.st.stm32cube.ide.mcu.externaltools.gnu-tools-for-stm32.13.3.rel1.win32_1.0.0.202411081344/tools/bin/../lib/gcc/arm-none-eabi/13.3.1/../../../../arm-none-eabi/lib/thumb/v7-m/nofp\libc_nano.a(libc_a-exit.o) (__stdio_exit_handler)
C:/ST/STM32CubeIDE_1.19.0/STM32CubeIDE/plugins/com.st.stm32cube.ide.mcu.externaltools.gnu-tools-for-stm32.13.3.rel1.win32_1.0.0.202411081344/tools/bin/../lib/gcc/arm-none-eabi/13.3.1/../../../../arm-none-eabi/lib/thumb/v7-m/nofp\libc_nano.a(libc_a-fwalk.o)
                              C:/ST/STM32CubeIDE_1.19.0/STM32CubeIDE/plugins/com.st.stm32cube.ide.mcu.externaltools.gnu-tools-for-stm32.13.3.rel1.win32_1.0.0.202411081344/tools/bin/../lib/gcc/arm-none-eabi/13.3.1/../../../../arm-none-eabi/lib/thumb/v7-m/nofp\libc_nano.a(libc_a-findfp.o) (_fwalk_sglue)
C:/ST/STM32CubeIDE_1.19.0/STM32CubeIDE/plugins/com.st.stm32cube.ide.mcu.externaltools.gnu-tools-for-stm32.13.3.rel1.win32_1.0.0.202411081344/tools/bin/../lib/gcc/arm-none-eabi/13.3.1/../../../../arm-none-eabi/lib/thumb/v7-m/nofp\libc_nano.a(libc_a-snprintf.o)
                              ./Core/Src/main.o (snprintf)
C:/ST/STM32CubeIDE_1.19.0/STM32CubeIDE/plugins/com.st.stm32cube.ide.mcu.externaltools.gnu-tools-for-stm32.13.3.rel1.win32_1.0.0.202411081344/tools/bin/../lib/gcc/arm-none-eabi/13.3.1/../../../../arm-none-eabi/lib/thumb/v7-m/nofp\libc_nano.a(libc_a-stdio.o)
                              C:/ST/STM32CubeIDE_1.19.0/STM32CubeIDE/plugins/com.st.stm32cube.ide.mcu.externaltools.gnu-tools-for-stm32.13.3.rel1.win32_1.0.0.202411081344/tools/bin/../lib/gcc/arm-none-eabi/13.3.1/../../../../arm-none-eabi/lib/thumb/v7-m/nofp\libc_nano.a(libc_a-findfp.o) (__sread)
C:/ST/STM32CubeIDE_1.19.0/STM32CubeIDE/plugins/com.st.stm32cube.ide.mcu.externaltools.gnu-tools-for-stm32.13.3.rel1.win32_1.0.0.202411081344/tools/bin/../lib/gcc/arm-none-eabi/13.3.1/../../../../arm-none-eabi/lib/thumb/v7-m/nofp\libc_nano.a(libc_a-memset.o)
                              C:/ST/STM32CubeIDE_1.19.0/STM32CubeIDE/plugins/com.st.stm32cube.ide.mcu.externaltools.gnu-tools-for-stm32.13.3.rel1.win32_1.0.0.202411081344/tools/bin/../lib/gcc/arm-none-eabi/13.3.1/../../../../arm-none-eabi/lib/thumb/v7-m/nofp/crt0.o (memset)
C:/ST/STM32CubeIDE_1.19.0/STM32CubeIDE/plugins/com.st.stm32cube.ide.mcu.externaltools.gnu-tools-for-stm32.13.3.rel1.win32_1.0.0.202411081344/tools/bin/../lib/gcc/arm-none-eabi/13.3.1/../../../../arm-none-eabi/lib/thumb/v7-m/nofp\libc_nano.a(libc_a-strncpy.o)
                              ./Core/Src/esp01.o (strncpy)
C:/ST/STM32CubeIDE_1.19.0/STM32CubeIDE/plugins/com.st.stm32cube.ide.mcu.externaltools.gnu-tools-for-stm32.13.3.rel1.win32_1.0.0.202411081344/tools/bin/../lib/gcc/arm-none-eabi/13.3.1/../../../../arm-none-eabi/lib/thumb/v7-m/nofp\libc_nano.a(libc_a-closer.o)
                              C:/ST/STM32CubeIDE_1.19.0/STM32CubeIDE/plugins/com.st.stm32cube.ide.mcu.externaltools.gnu-tools-for-stm32.13.3.rel1.win32_1.0.0.202411081344/tools/bin/../lib/gcc/arm-none-eabi/13.3.1/../../../../arm-none-eabi/lib/thumb/v7-m/nofp\libc_nano.a(libc_a-stdio.o) (_close_r)
[...]
Memory Configuration

Name             Origin             Length             Attributes
RAM              0x20000000         0x00005000         xrw
FLASH            0x08000000         0x00010000         xr
*default*        0x00000000         0xffffffff

Linker script and memory map

LOAD C:/ST/STM32CubeIDE_1.19.0/STM32CubeIDE/plugins/com.st.stm32cube.ide.mcu.externaltools.gnu-tools-for-stm32.13.3.rel1.win32_1.0.0.202411081344/tools/bin/../lib/gcc/arm-none-eabi/13.3.1/thumb/v7-m/nofp/crti.o
LOAD C:/ST/STM32CubeIDE_1.19.0/STM32CubeIDE/plugins/com.st.stm32cube.ide.mcu.externaltools.gnu-tools-for-stm32.13.3.rel1.win32_1.0.0.202411081344/tools/bin/../lib/gcc/arm-none-eabi/13.3.1/thumb/v7-m/nofp/crtbegin.o
LOAD C:/ST/STM32CubeIDE_1.19.0/STM32CubeIDE/plugins/com.st.stm32cube.ide.mcu.externaltools.gnu-tools-for-stm32.13.3.rel1.win32_1.0.0.202411081344/tools/bin/../lib/gcc/arm-none-eabi/13.3.1/../../../../arm-none-eabi/lib/thumb/v7-m/nofp/crt0.o
LOAD ./Core/Src/esp01.o
LOAD ./Core/Src/fonts.o
LOAD ./Core/Src/main.o
LOAD ./Core/Src/mpu6050.o
LOAD ./Core/Src/ssd1306.o
LOAD ./Core/Src/stm32f1xx_hal_msp.o
LOAD ./Core/Src/stm32f1xx_it.o
LOAD ./Core/Src/syscalls.o
LOAD ./Core/Src/sysmem.o
LOAD ./Core/Src/system_stm32f1xx.o
LOAD ./Core/Src/unerPrtcl.o
LOAD ./Core/Startup/startup_stm32f103c8tx.o
LOAD ./Drivers/STM32F1xx_HAL_Driver/Src/stm32f1xx_hal.o
LOAD ./Drivers/STM32F1xx_HAL_Driver/Src/stm32f1xx_hal_adc.o
LOAD ./Drivers/STM32F1xx_HAL_Driver/Src/stm32f1xx_hal_adc_ex.o
LOAD ./Drivers/STM32F1xx_HAL_Driver/Src/stm32f1xx_hal_cortex.o
LOAD ./Drivers/STM32F1xx_HAL_Driver/Src/stm32f1xx_hal_dma.o
LOAD ./Drivers/STM32F1xx_HAL_Driver/Src/stm32f1xx_hal_exti.o
LOAD ./Drivers/STM32F1xx_HAL_Driver/Src/stm32f1xx_hal_flash.o
LOAD ./Drivers/STM32F1xx_HAL_Driver/Src/stm32f1xx_hal_flash_ex.o
LOAD ./Drivers/STM32F1xx_HAL_Driver/Src/stm32f1xx_hal_gpio.o
LOAD ./Drivers/STM32F1xx_HAL_Driver/Src/stm32f1xx_hal_gpio_ex.o
LOAD ./Drivers/STM32F1xx_HAL_Driver/Src/stm32f1xx_hal_i2c.o
LOAD ./Drivers/STM32F1xx_HAL_Driver/Src/stm32f1xx_hal_pcd.o
LOAD ./Drivers/STM32F1xx_HAL_Driver/Src/stm32f1xx_hal_pcd_ex.o
LOAD ./Drivers/STM32F1xx_HAL_Driver/Src/stm32f1xx_hal_pwr.o
LOAD ./Drivers/STM32F1xx_HAL_Driver/Src/stm32f1xx_hal_rcc.o
LOAD ./Drivers/STM32F1xx_HAL_Driver/Src/stm32f1xx_hal_rcc_ex.o
LOAD ./Drivers/STM32F1xx_HAL_Driver/Src/stm32f1xx_hal_tim.o
LOAD ./Drivers/STM32F1xx_HAL_Driver/Src/stm32f1xx_hal_tim_ex.o
LOAD ./Drivers/STM32F1xx_HAL_Driver/Src/stm32f1xx_hal_uart.o
LOAD ./Drivers/STM32F1xx_HAL_Driver/Src/stm32f1xx_ll_usb.o
LOAD ./Middlewares/ST/STM32_USB_Device_Library/Class/CDC/Src/usbd_cdc.o
LOAD ./Middlewares/ST/STM32_USB_Device_Library/Core/Src/usbd_core.o
LOAD ./Middlewares/ST/STM32_USB_Device_Library/Core/Src/usbd_ctlreq.o
LOAD ./Middlewares/ST/STM32_USB_Device_Library/Core/Src/usbd_ioreq.o
LOAD ./USB_DEVICE/App/usb_device.o
LOAD ./USB_DEVICE/App/usbd_cdc_if.o
LOAD ./USB_DEVICE/App/usbd_desc.o
LOAD ./USB_DEVICE/Target/usbd_conf.o
START GROUP
LOAD C:/ST/STM32CubeIDE_1.19.0/STM32CubeIDE/plugins/com.st.stm32cube.ide.mcu.externaltools.gnu-tools-for-stm32.13.3.rel1.win32_1.0.0.202411081344/tools/bin/../lib/gcc/arm-none-eabi/13.3.1/../../../../arm-none-eabi/lib/thumb/v7-m/nofp\libc_nano.a
LOAD C:/ST/STM32CubeIDE_1.19.0/STM32CubeIDE/plugins/com.st.stm32cube.ide.mcu.externaltools.gnu-tools-for-stm32.13.3.rel1.win32_1.0.0.202411081344/tools/bin/../lib/gcc/arm-none-eabi/13.3.1/../../../../arm-none-eabi/lib/thumb/v7-m/nofp\libm.a
END GROUP
START GROUP
LOAD C:/ST/STM32CubeIDE_1.19.0/STM32CubeIDE/plugins/com.st.stm32cube.ide.mcu.externaltools.gnu-tools-for-stm32.13.3.rel1.win32_1.0.0.202411081344/tools/bin/../lib/gcc/arm-none-eabi/13.3.1/thumb/v7-m/nofp\libgcc.a
LOAD C:/ST/STM32CubeIDE_1.19.0/STM32CubeIDE/plugins/com.st.stm32cube.ide.mcu.externaltools.gnu-tools-for-stm32.13.3.rel1.win32_1.0.0.202411081344/tools/bin/../lib/gcc/arm-none-eabi/13.3.1/../../../../arm-none-eabi/lib/thumb/v7-m/nofp\libc_nano.a
END GROUP
START GROUP
LOAD C:/ST/STM32CubeIDE_1.19.0/STM32CubeIDE/plugins/com.st.stm32cube.ide.mcu.externaltools.gnu-tools-for-stm32.13.3.rel1.win32_1.0.0.202411081344/tools/bin/../lib/gcc/arm-none-eabi/13.3.1/thumb/v7-m/nofp\libgcc.a
LOAD C:/ST/STM32CubeIDE_1.19.0/STM32CubeIDE/plugins/com.st.stm32cube.ide.mcu.externaltools.gnu-tools-for-stm32.13.3.rel1.win32_1.0.0.202411081344/tools/bin/../lib/gcc/arm-none-eabi/13.3.1/../../../../arm-none-eabi/lib/thumb/v7-m/nofp\libc_nano.a
LOAD C:/ST/STM32CubeIDE_1.19.0/STM32CubeIDE/plugins/com.st.stm32cube.ide.mcu.externaltools.gnu-tools-for-stm32.13.3.rel1.win32_1.0.0.202411081344/tools/bin/../lib/gcc/arm-none-eabi/13.3.1/../../../../arm-none-eabi/lib/thumb/v7-m/nofp\libnosys.a
END GROUP
START GROUP
LOAD C:/ST/STM32CubeIDE_1.19.0/STM32CubeIDE/plugins/com.st.stm32cube.ide.mcu.externaltools.gnu-tools-for-stm32.13.3.rel1.win32_1.0.0.202411081344/tools/bin/../lib/gcc/arm-none-eabi/13.3.1/thumb/v7-m/nofp\libgcc.a
LOAD C:/ST/STM32CubeIDE_1.19.0/STM32CubeIDE/plugins/com.st.stm32cube.ide.mcu.externaltools.gnu-tools-for-stm32.13.3.rel1.win32_1.0.0.202411081344/tools/bin/../lib/gcc/arm-none-eabi/13.3.1/../../../../arm-none-eabi/lib/thumb/v7-m/nofp\libc_nano.a
LOAD C:/ST/STM32CubeIDE_1.19.0/STM32CubeIDE/plugins/com.st.stm32cube.ide.mcu.externaltools.gnu-tools-for-stm32.13.3.rel1.win32_1.0.0.202411081344/tools/bin/../lib/gcc/arm-none-eabi/13.3.1/../../../../arm-none-eabi/lib/thumb/v7-m/nofp\libnosys.a
END GROUP
LOAD C:/ST/STM32CubeIDE_1.19.0/STM32CubeIDE/plugins/com.st.stm32cube.ide.mcu.externaltools.gnu-tools-for-stm32.13.3.rel1.win32_1.0.0.202411081344/tools/bin/../lib/gcc/arm-none-eabi/13.3.1/thumb/v7-m/nofp/crtend.o
LOAD C:/ST/STM32CubeIDE_1.19.0/STM32CubeIDE/plugins/com.st.stm32cube.ide.mcu.externaltools.gnu-tools-for-stm32.13.3.rel1.win32_1.0.0.202411081344/tools/bin/../lib/gcc/arm-none-eabi/13.3.1/thumb/v7-m/nofp/crtn.o
                0x20005000                        _estack = (ORIGIN (RAM) + LENGTH (RAM))
                0x00000200                        _Min_Heap_Size = 0x200
                0x00000400                        _Min_Stack_Size = 0x400

.isr_vector     0x08000000      0x10c
                0x08000000                        . = ALIGN (0x4)
 *(.isr_vector)
 .isr_vector    0x08000000      0x10c ./Core/Startup/startup_stm32f103c8tx.o
                0x08000000                g_pfnVectors
                0x0800010c                        . = ALIGN (0x4)

.text           0x08000110     0x8438
                0x08000110                        . = ALIGN (0x4)
 *(.text)
 .text          0x08000110       0x40 C:/ST/STM32CubeIDE_1.19.0/STM32CubeIDE/plugins/com.st.stm32cube.ide.mcu.externaltools.gnu-tools-for-stm32.13.3.rel1.win32_1.0.0.202411081344/tools/bin/../lib/gcc/arm-none-eabi/13.3.1/thumb/v7-m/nofp/crtbegin.o
 .text          0x08000150       0x10 C:/ST/STM32CubeIDE_1.19.0/STM32CubeIDE/plugins/com.st.stm32cube.ide.mcu.externaltools.gnu-tools-for-stm32.13.3.rel1.win32_1.0.0.202411081344/tools/bin/../lib/gcc/arm-none-eabi/13.3.1/../../../../arm-none-eabi/lib/thumb/v7-m/nofp\libc_nano.a(libc_a-strlen.o)
                0x08000150                strlen
 .text          0x08000160      0x254 C:/ST/STM32CubeIDE_1.19.0/STM32CubeIDE/plugins/com.st.stm32cube.ide.mcu.externaltools.gnu-tools-for-stm32.13.3.rel1.win32_1.0.0.202411081344/tools/bin/../lib/gcc/arm-none-eabi/13.3.1/thumb/v7-m/nofp\libgcc.a(_arm_muldf3.o)
                0x08000160                __muldf3
                0x08000160                __aeabi_dmul
 .text          0x080003b4      0x378 C:/ST/STM32CubeIDE_1.19.0/STM32CubeIDE/plugins/com.st.stm32cube.ide.mcu.externaltools.gnu-tools-for-stm32.13.3.rel1.win32_1.0.0.202411081344/tools/bin/../lib/gcc/arm-none-eabi/13.3.1/thumb/v7-m/nofp\libgcc.a(_arm_addsubdf3.o)
                0x080003b4                __aeabi_drsub
                0x080003bc                __aeabi_dsub
                0x080003bc                __subdf3
                0x080003c0                __aeabi_dadd
                0x080003c0                __adddf3
                0x08000638                __floatunsidf
                0x08000638                __aeabi_ui2d
                0x08000658                __floatsidf
                0x08000658                __aeabi_i2d
                0x0800067c                __aeabi_f2d
                0x0800067c                __extendsfdf2
                0x080006c0                __floatundidf
                0x080006c0                __aeabi_ul2d
                0x080006d0                __floatdidf
                0x080006d0                __aeabi_l2d
 .text          0x0800072c       0x50 C:/ST/STM32CubeIDE_1.19.0/STM32CubeIDE/plugins/com.st.stm32cube.ide.mcu.externaltools.gnu-tools-for-stm32.13.3.rel1.win32_1.0.0.202411081344/tools/bin/../lib/gcc/arm-none-eabi/13.3.1/thumb/v7-m/nofp\libgcc.a(_arm_fixdfsi.o)
                0x0800072c                __aeabi_d2iz
                0x0800072c                __fixdfsi
 .text          0x0800077c      0x21c C:/ST/STM32CubeIDE_1.19.0/STM32CubeIDE/plugins/com.st.stm32cube.ide.mcu.externaltools.gnu-tools-for-stm32.13.3.rel1.win32_1.0.0.202411081344/tools/bin/../lib/gcc/arm-none-eabi/13.3.1/thumb/v7-m/nofp\libgcc.a(_arm_addsubsf3.o)
                0x0800077c                __aeabi_frsub
                0x08000784                __subsf3
                0x08000784                __aeabi_fsub
                0x08000788                __aeabi_fadd
                0x08000788                __addsf3
                0x080008e8                __aeabi_ui2f
                0x080008e8                __floatunsisf
                0x080008f0                __aeabi_i2f
                0x080008f0                __floatsisf
                0x0800090c                __aeabi_ul2f
                0x0800090c                __floatundisf
                0x0800091c                __aeabi_l2f
                0x0800091c                __floatdisf
 .text          0x08000998      0x2a0 C:/ST/STM32CubeIDE_1.19.0/STM32CubeIDE/plugins/com.st.stm32cube.ide.mcu.externaltools.gnu-tools-for-stm32.13.3.rel1.win32_1.0.0.202411081344/tools/bin/../lib/gcc/arm-none-eabi/13.3.1/thumb/v7-m/nofp\libgcc.a(_arm_muldivsf3.o)
                0x08000998                __mulsf3
                0x08000998                __aeabi_fmul
                0x08000b00                __aeabi_fdiv
                0x08000b00                __divsf3
 .text          0x08000c38       0x4c C:/ST/STM32CubeIDE_1.19.0/STM32CubeIDE/plugins/com.st.stm32cube.ide.mcu.externaltools.gnu-tools-for-stm32.13.3.rel1.win32_1.0.0.202411081344/tools/bin/../lib/gcc/arm-none-eabi/13.3.1/thumb/v7-m/nofp\libgcc.a(_arm_fixsfsi.o)
                0x08000c38                __aeabi_f2iz
                0x08000c38                __fixsfsi
 *(.text*)
 .text.USBRxData
                0x08000c84       0x2c ./Core/Src/main.o
                0x08000c84                USBRxData
 .text.mpuMemReadDMA
                0x08000cb0       0x1c ./Core/Src/main.o
                0x08000cb0                mpuMemReadDMA
 .text.HAL_I2C_MemTxCpltCallback
                0x08000ccc        0xc ./Core/Src/main.o
                0x08000ccc                HAL_I2C_MemTxCpltCallback
 .text.HAL_I2C_MemRxCpltCallback
                0x08000cd8        0xc ./Core/Src/main.o
                0x08000cd8                HAL_I2C_MemRxCpltCallback
 .text.HAL_TIM_PeriodElapsedCallback
                0x08000ce4       0x7c ./Core/Src/main.o
                0x08000ce4                HAL_TIM_PeriodElapsedCallback
 .text.decodeCommand
                0x08000d60      0x24c ./Core/Src/main.o
                0x08000d60                decodeCommand
 .text.USBTask  0x08000fac       0x5c ./Core/Src/main.o
                0x08000fac                USBTask
 .text.heartBeatTask
                0x08001008       0x34 ./Core/Src/main.o
                0x08001008                heartBeatTask
 .text.do10ms   0x0800103c       0x64 ./Core/Src/main.o
                0x0800103c                do10ms
 .text.displayMemWrite
                0x080010a0       0x24 ./Core/Src/main.o
                0x080010a0                displayMemWrite
 .text.mpuMemWrite
                0x080010c4        0x4 ./Core/Src/main.o
                0x080010c4                mpuMemWrite
 .text.ssd1306Data
                0x080010c8      0x280 ./Core/Src/main.o
                0x080010c8                ssd1306Data
 .text.i2cTask  0x08001348       0xbc ./Core/Src/main.o
                0x08001348                i2cTask
 .text.PWM_Control
                0x08001404       0x34 ./Core/Src/main.o
                0x08001404                PWM_Control
 .text.SystemClock_Config
                0x08001438       0x82 ./Core/Src/main.o
                0x08001438                SystemClock_Config
 *fill*         0x080014ba        0x2 
 .text.startup.main
                0x080014bc      0x414 ./Core/Src/main.o
                0x080014bc                main
 .text.Error_Handler
                0x080018d0        0x4 ./Core/Src/main.o
                0x080018d0                Error_Handler
 .text.mpu6050_ADC_ConfCpltCallback
                0x080018d4        0xc ./Core/Src/mpu6050.o
                0x080018d4                mpu6050_ADC_ConfCpltCallback
 .text.mpu6050_Attach_MemWrite
                0x080018e0        0xc ./Core/Src/mpu6050.o
                0x080018e0                mpu6050_Attach_MemWrite
 .text.mpu6050_Attach_MemReadDMA
                0x080018ec        0xc ./Core/Src/mpu6050.o
                0x080018ec                mpu6050_Attach_MemReadDMA
 .text.mpu6050_WriteData
                0x080018f8       0x18 ./Core/Src/mpu6050.o
                0x080018f8                mpu6050_WriteData
 .text.mpu6050_ReadDataDMA
                0x08001910       0x18 ./Core/Src/mpu6050.o
                0x08001910                mpu6050_ReadDataDMA
 .text.mpu6050_Init
                0x08001928       0x2c ./Core/Src/mpu6050.o
                0x08001928                mpu6050_Init
 *fill*         0x08001954        0x4 
 .text.mpu6050_Read
                0x08001958      0x1c8 ./Core/Src/mpu6050.o
                0x08001958                mpu6050_Read
 .text.mpu6050_GetData
                0x08001b20       0x5c ./Core/Src/mpu6050.o
                0x08001b20                mpu6050_GetData
 .text.ssd1306_WriteCommandDMA
                0x08001b7c       0x20 ./Core/Src/ssd1306.o
                0x08001b7c                ssd1306_WriteCommandDMA
 .text.ssd1306_WriteDataDMA
                0x08001b9c       0x18 ./Core/Src/ssd1306.o
                0x08001b9c                ssd1306_WriteDataDMA
 .text.ssd1306_Fill
                0x08001bb4       0x18 ./Core/Src/ssd1306.o
                0x08001bb4                ssd1306_Fill
 .text.ssd1306_UpdateScreenDMA
                0x08001bcc       0x84 ./Core/Src/ssd1306.o
                0x08001bcc                ssd1306_UpdateScreenDMA
 .text.ssd1306_DrawPixel
                0x08001c50       0x30 ./Core/Src/ssd1306.o
                0x08001c50                ssd1306_DrawPixel
 .text.ssd1306_WriteChar
                0x08001c80       0xb8 ./Core/Src/ssd1306.o
                0x08001c80                ssd1306_WriteChar
 .text.ssd1306_WriteString
                0x08001d38       0x2c ./Core/Src/ssd1306.o
                0x08001d38                ssd1306_WriteString
 .text.ssd1306_SetCursor
                0x08001d64        0xc ./Core/Src/ssd1306.o
                0x08001d64                ssd1306_SetCursor
 .text.ssd1306_Line
                0x08001d70       0x8c ./Core/Src/ssd1306.o
                0x08001d70                ssd1306_Line
 .text.ssd1306_FillRectangle
                0x08001dfc       0x54 ./Core/Src/ssd1306.o
                0x08001dfc                ssd1306_FillRectangle
 .text.HAL_MspInit
                0x08001e50       0x44 ./Core/Src/stm32f1xx_hal_msp.o
                0x08001e50                HAL_MspInit
 .text.HAL_ADC_MspInit
                0x08001e94       0x94 ./Core/Src/stm32f1xx_hal_msp.o
                0x08001e94                HAL_ADC_MspInit
 .text.HAL_I2C_MspInit
                0x08001f28       0xe4 ./Core/Src/stm32f1xx_hal_msp.o
                0x08001f28                HAL_I2C_MspInit
 .text.HAL_TIM_Base_MspInit
                0x0800200c       0xc8 ./Core/Src/stm32f1xx_hal_msp.o
                0x0800200c                HAL_TIM_Base_MspInit
 .text.HAL_TIM_MspPostInit
                0x080020d4       0x64 ./Core/Src/stm32f1xx_hal_msp.o
                0x080020d4                HAL_TIM_MspPostInit
 .text.HAL_UART_MspInit
                0x08002138       0x88 ./Core/Src/stm32f1xx_hal_msp.o
                0x08002138                HAL_UART_MspInit
 .text.NMI_Handler
                0x080021c0        0x2 ./Core/Src/stm32f1xx_it.o
                0x080021c0                NMI_Handler
 .text.HardFault_Handler
                0x080021c2        0x2 ./Core/Src/stm32f1xx_it.o
                0x080021c2                HardFault_Handler
 .text.MemManage_Handler
                0x080021c4        0x2 ./Core/Src/stm32f1xx_it.o
                0x080021c4                MemManage_Handler
 .text.BusFault_Handler
                0x080021c6        0x2 ./Core/Src/stm32f1xx_it.o
                0x080021c6                BusFault_Handler
 .text.UsageFault_Handler
                0x080021c8        0x2 ./Core/Src/stm32f1xx_it.o
                0x080021c8                UsageFault_Handler
 .text.SVC_Handler
                0x080021ca        0x2 ./Core/Src/stm32f1xx_it.o
                0x080021ca                SVC_Handler
 .text.DebugMon_Handler
                0x080021cc        0x2 ./Core/Src/stm32f1xx_it.o
                0x080021cc                DebugMon_Handler
 .text.PendSV_Handler
                0x080021ce        0x2 ./Core/Src/stm32f1xx_it.o
                0x080021ce                PendSV_Handler
 .text.SysTick_Handler
                0x080021d0        0x4 ./Core/Src/stm32f1xx_it.o
                0x080021d0                SysTick_Handler
 .text.DMA1_Channel1_IRQHandler
                0x080021d4        0xc ./Core/Src/stm32f1xx_it.o
                0x080021d4                DMA1_Channel1_IRQHandler
 .text.DMA1_Channel6_IRQHandler
                0x080021e0        0xc ./Core/Src/stm32f1xx_it.o
                0x080021e0                DMA1_Channel6_IRQHandler
 .text.DMA1_Channel7_IRQHandler
                0x080021ec        0xc ./Core/Src/stm32f1xx_it.o
                0x080021ec                DMA1_Channel7_IRQHandler
 .text.USB_LP_CAN1_RX0_IRQHandler
                0x080021f8        0xc ./Core/Src/stm32f1xx_it.o
                0x080021f8                USB_LP_CAN1_RX0_IRQHandler
 .text.TIM1_BRK_IRQHandler
                0x08002204        0xc ./Core/Src/stm32f1xx_it.o
                0x08002204                TIM1_BRK_IRQHandler
 .text.TIM1_UP_IRQHandler
                0x08002210        0x4 ./Core/Src/stm32f1xx_it.o
                0x08002210                TIM1_UP_IRQHandler
 .text.TIM1_TRG_COM_IRQHandler
                0x08002214        0x4 ./Core/Src/stm32f1xx_it.o
                0x08002214                TIM1_TRG_COM_IRQHandler
 .text.TIM1_CC_IRQHandler
                0x08002218        0x4 ./Core/Src/stm32f1xx_it.o
                0x08002218                TIM1_CC_IRQHandler
 .text.TIM2_IRQHandler
                0x0800221c        0xc ./Core/Src/stm32f1xx_it.o
                0x0800221c                TIM2_IRQHandler
 .text.TIM3_IRQHandler
                0x08002228        0xc ./Core/Src/stm32f1xx_it.o
                0x08002228                TIM3_IRQHandler
 .text.I2C1_EV_IRQHandler
                0x08002234        0xc ./Core/Src/stm32f1xx_it.o
                0x08002234                I2C1_EV_IRQHandler
 .text.I2C1_ER_IRQHandler
                0x08002240        0xc ./Core/Src/stm32f1xx_it.o
                0x08002240                I2C1_ER_IRQHandler
 .text.USART1_IRQHandler
                0x0800224c        0xc ./Core/Src/stm32f1xx_it.o
                0x0800224c                USART1_IRQHandler
 .text._sbrk    0x08002258       0x40 ./Core/Src/sysmem.o
                0x08002258                _sbrk
 .text.SystemInit
                0x08002298        0x2 ./Core/Src/system_stm32f1xx.o
                0x08002298                SystemInit
 .text.unerPrtcl_PutHeaderOnTx
                0x0800229a       0x90 ./Core/Src/unerPrtcl.o
                0x0800229a                unerPrtcl_PutHeaderOnTx
 .text.unerPrtcl_PutByteOnTx
                0x0800232a       0x26 ./Core/Src/unerPrtcl.o
                0x0800232a                unerPrtcl_PutByteOnTx
 .text.unerPrtcl_PutStrOntx
                0x08002350       0x4a ./Core/Src/unerPrtcl.o
                0x08002350                unerPrtcl_PutStrOntx
 .text.unerPrtcl_GetByteFromRx
                0x0800239a       0x1a ./Core/Src/unerPrtcl.o
                0x0800239a                unerPrtcl_GetByteFromRx
 .text.unerPrtcl_DecodeHeader
                0x080023b4       0xcc ./Core/Src/unerPrtcl.o
                0x080023b4                unerPrtcl_DecodeHeader
 .text.unerPrtcl_Init
                0x08002480       0x16 ./Core/Src/unerPrtcl.o
                0x08002480                unerPrtcl_Init
 *fill*         0x08002496        0x2 
 .text.Reset_Handler
                0x08002498       0x48 ./Core/Startup/startup_stm32f103c8tx.o
                0x08002498                Reset_Handler
 .text.Default_Handler
                0x080024e0        0x2 ./Core/Startup/startup_stm32f103c8tx.o
                0x080024e0                RTC_Alarm_IRQHandler
                0x080024e0                EXTI2_IRQHandler
                0x080024e0                PVD_IRQHandler
                0x080024e0                EXTI3_IRQHandler
                0x080024e0                EXTI0_IRQHandler
                0x080024e0                I2C2_EV_IRQHandler
                0x080024e0                ADC1_2_IRQHandler
                0x080024e0                SPI1_IRQHandler
                0x080024e0                TAMPER_IRQHandler
                0x080024e0                DMA1_Channel4_IRQHandler
                0x080024e0                USART3_IRQHandler
                0x080024e0                RTC_IRQHandler
                0x080024e0                CAN1_RX1_IRQHandler
                0x080024e0                TIM4_IRQHandler
                0x080024e0                RCC_IRQHandler
                0x080024e0                Default_Handler
                0x080024e0                EXTI15_10_IRQHandler
                0x080024e0                EXTI9_5_IRQHandler
                0x080024e0                SPI2_IRQHandler
                0x080024e0                DMA1_Channel5_IRQHandler
                0x080024e0                EXTI4_IRQHandler
                0x080024e0                USB_HP_CAN1_TX_IRQHandler
                0x080024e0                DMA1_Channel3_IRQHandler
                0x080024e0                WWDG_IRQHandler
                0x080024e0                EXTI1_IRQHandler
                0x080024e0                USART2_IRQHandler
                0x080024e0                I2C2_ER_IRQHandler
                0x080024e0                DMA1_Channel2_IRQHandler
                0x080024e0                CAN1_SCE_IRQHandler
                0x080024e0                FLASH_IRQHandler
                0x080024e0                USBWakeUp_IRQHandler
 *fill*         0x080024e2        0x2 
 .text.HAL_InitTick
                0x080024e4       0x48 ./Drivers/STM32F1xx_HAL_Driver/Src/stm32f1xx_hal.o
                0x080024e4                HAL_InitTick
 .text.HAL_Init
                0x0800252c       0x24 ./Drivers/STM32F1xx_HAL_Driver/Src/stm32f1xx_hal.o
                0x0800252c                HAL_Init
 .text.HAL_IncTick
                0x08002550       0x18 ./Drivers/STM32F1xx_HAL_Driver/Src/stm32f1xx_hal.o
                0x08002550                HAL_IncTick
 .text.HAL_GetTick
                0x08002568        0xc ./Drivers/STM32F1xx_HAL_Driver/Src/stm32f1xx_hal.o
                0x08002568                HAL_GetTick
 .text.HAL_ADC_ConfigChannel
                0x08002574       0xfc ./Drivers/STM32F1xx_HAL_Driver/Src/stm32f1xx_hal_adc.o
                0x08002574                HAL_ADC_ConfigChannel
 .text.ADC_ConversionStop_Disable
                0x08002670       0x4c ./Drivers/STM32F1xx_HAL_Driver/Src/stm32f1xx_hal_adc.o
                0x08002670                ADC_ConversionStop_Disable
 .text.HAL_ADC_Init
                0x080026bc       0xfc ./Drivers/STM32F1xx_HAL_Driver/Src/stm32f1xx_hal_adc.o
                0x080026bc                HAL_ADC_Init
 .text.HAL_NVIC_SetPriorityGrouping
                0x080027b8       0x24 ./Drivers/STM32F1xx_HAL_Driver/Src/stm32f1xx_hal_cortex.o
                0x080027b8                HAL_NVIC_SetPriorityGrouping
 .text.HAL_NVIC_SetPriority
                0x080027dc       0x60 ./Drivers/STM32F1xx_HAL_Driver/Src/stm32f1xx_hal_cortex.o
                0x080027dc                HAL_NVIC_SetPriority
 .text.HAL_NVIC_EnableIRQ
                0x0800283c       0x1c ./Drivers/STM32F1xx_HAL_Driver/Src/stm32f1xx_hal_cortex.o
                0x0800283c                HAL_NVIC_EnableIRQ
 .text.HAL_SYSTICK_Config
                0x08002858       0x28 ./Drivers/STM32F1xx_HAL_Driver/Src/stm32f1xx_hal_cortex.o
                0x08002858                HAL_SYSTICK_Config
 .text.HAL_DMA_Init
                0x08002880       0x60 ./Drivers/STM32F1xx_HAL_Driver/Src/stm32f1xx_hal_dma.o
                0x08002880                HAL_DMA_Init
 .text.HAL_DMA_Start_IT
                0x080028e0       0x78 ./Drivers/STM32F1xx_HAL_Driver/Src/stm32f1xx_hal_dma.o
                0x080028e0                HAL_DMA_Start_IT
 .text.HAL_DMA_Abort
                0x08002958       0x3e ./Drivers/STM32F1xx_HAL_Driver/Src/stm32f1xx_hal_dma.o
                0x08002958                HAL_DMA_Abort
 *fill*         0x08002996        0x2 
 .text.HAL_DMA_Abort_IT
                0x08002998       0x8c ./Drivers/STM32F1xx_HAL_Driver/Src/stm32f1xx_hal_dma.o
                0x08002998                HAL_DMA_Abort_IT
 .text.HAL_DMA_IRQHandler
                0x08002a24      0x128 ./Drivers/STM32F1xx_HAL_Driver/Src/stm32f1xx_hal_dma.o
                0x08002a24                HAL_DMA_IRQHandler
 .text.HAL_DMA_GetState
                0x08002b4c        0x6 ./Drivers/STM32F1xx_HAL_Driver/Src/stm32f1xx_hal_dma.o
                0x08002b4c                HAL_DMA_GetState
 *fill*         0x08002b52        0x2 
 .text.HAL_GPIO_Init
                0x08002b54      0x1a8 ./Drivers/STM32F1xx_HAL_Driver/Src/stm32f1xx_hal_gpio.o
                0x08002b54                HAL_GPIO_Init
 .text.HAL_GPIO_WritePin
                0x08002cfc        0xa ./Drivers/STM32F1xx_HAL_Driver/Src/stm32f1xx_hal_gpio.o
                0x08002cfc                HAL_GPIO_WritePin
 .text.HAL_GPIO_TogglePin
                0x08002d06       0x12 ./Drivers/STM32F1xx_HAL_Driver/Src/stm32f1xx_hal_gpio.o
                0x08002d06                HAL_GPIO_TogglePin
 .text.I2C_IsAcknowledgeFailed
                0x08002d18       0x32 ./Drivers/STM32F1xx_HAL_Driver/Src/stm32f1xx_hal_i2c.o
 .text.I2C_WaitOnFlagUntilTimeout
                0x08002d4a       0x80 ./Drivers/STM32F1xx_HAL_Driver/Src/stm32f1xx_hal_i2c.o
 .text.I2C_WaitOnMasterAddressFlagUntilTimeout
                0x08002dca       0x84 ./Drivers/STM32F1xx_HAL_Driver/Src/stm32f1xx_hal_i2c.o
 .text.I2C_WaitOnTXEFlagUntilTimeout
                0x08002e4e       0x54 ./Drivers/STM32F1xx_HAL_Driver/Src/stm32f1xx_hal_i2c.o
 *fill*         0x08002ea2        0x2 
 .text.I2C_RequestMemoryWrite
                0x08002ea4       0xb4 ./Drivers/STM32F1xx_HAL_Driver/Src/stm32f1xx_hal_i2c.o
 .text.I2C_RequestMemoryRead
                0x08002f58      0x108 ./Drivers/STM32F1xx_HAL_Driver/Src/stm32f1xx_hal_i2c.o
 .text.I2C_WaitOnBTFFlagUntilTimeout
                0x08003060       0x54 ./Drivers/STM32F1xx_HAL_Driver/Src/stm32f1xx_hal_i2c.o
 .text.HAL_I2C_Init
                0x080030b4      0x150 ./Drivers/STM32F1xx_HAL_Driver/Src/stm32f1xx_hal_i2c.o
                0x080030b4                HAL_I2C_Init
 .text.HAL_I2C_Mem_Write
                0x08003204      0x120 ./Drivers/STM32F1xx_HAL_Driver/Src/stm32f1xx_hal_i2c.o
                0x08003204                HAL_I2C_Mem_Write
 .text.HAL_I2C_Mem_Read_DMA
                0x08003324      0x1d4 ./Drivers/STM32F1xx_HAL_Driver/Src/stm32f1xx_hal_i2c.o
                0x08003324                HAL_I2C_Mem_Read_DMA
 .text.HAL_I2C_MasterTxCpltCallback
                0x080034f8        0x2 ./Drivers/STM32F1xx_HAL_Driver/Src/stm32f1xx_hal_i2c.o
                0x080034f8                HAL_I2C_MasterTxCpltCallback
 .text.HAL_I2C_MasterRxCpltCallback
                0x080034fa        0x2 ./Drivers/STM32F1xx_HAL_Driver/Src/stm32f1xx_hal_i2c.o
                0x080034fa                HAL_I2C_MasterRxCpltCallback
 .text.HAL_I2C_SlaveTxCpltCallback
                0x080034fc        0x2 ./Drivers/STM32F1xx_HAL_Driver/Src/stm32f1xx_hal_i2c.o
                0x080034fc                HAL_I2C_SlaveTxCpltCallback
 .text.HAL_I2C_SlaveRxCpltCallback
                0x080034fe        0x2 ./Drivers/STM32F1xx_HAL_Driver/Src/stm32f1xx_hal_i2c.o
                0x080034fe                HAL_I2C_SlaveRxCpltCallback
 .text.HAL_I2C_AddrCallback
                0x08003500        0x2 ./Drivers/STM32F1xx_HAL_Driver/Src/stm32f1xx_hal_i2c.o
                0x08003500                HAL_I2C_AddrCallback
 .text.HAL_I2C_ListenCpltCallback
                0x08003502        0x2 ./Drivers/STM32F1xx_HAL_Driver/Src/stm32f1xx_hal_i2c.o
                0x08003502                HAL_I2C_ListenCpltCallback
 .text.I2C_MemoryTransmit_TXE_BTF
                0x08003504       0xb0 ./Drivers/STM32F1xx_HAL_Driver/Src/stm32f1xx_hal_i2c.o
 .text.HAL_I2C_ErrorCallback
                0x080035b4        0x2 ./Drivers/STM32F1xx_HAL_Driver/Src/stm32f1xx_hal_i2c.o
                0x080035b4                HAL_I2C_ErrorCallback
 .text.I2C_DMAError
                0x080035b6       0x3a ./Drivers/STM32F1xx_HAL_Driver/Src/stm32f1xx_hal_i2c.o
 .text.I2C_DMAXferCplt
                0x080035f0      0x114 ./Drivers/STM32F1xx_HAL_Driver/Src/stm32f1xx_hal_i2c.o
 .text.HAL_I2C_AbortCpltCallback
                0x08003704        0x2 ./Drivers/STM32F1xx_HAL_Driver/Src/stm32f1xx_hal_i2c.o
                0x08003704                HAL_I2C_AbortCpltCallback
 *fill*         0x08003706        0x2 
 .text.I2C_DMAAbort
                0x08003708       0xc0 ./Drivers/STM32F1xx_HAL_Driver/Src/stm32f1xx_hal_i2c.o
 .text.I2C_ITError
                0x080037c8      0x150 ./Drivers/STM32F1xx_HAL_Driver/Src/stm32f1xx_hal_i2c.o
 .text.HAL_I2C_EV_IRQHandler
                0x08003918      0x8b0 ./Drivers/STM32F1xx_HAL_Driver/Src/stm32f1xx_hal_i2c.o
                0x08003918                HAL_I2C_EV_IRQHandler
 .text.HAL_I2C_ER_IRQHandler
                0x080041c8      0x140 ./Drivers/STM32F1xx_HAL_Driver/Src/stm32f1xx_hal_i2c.o
                0x080041c8                HAL_I2C_ER_IRQHandler
 .text.HAL_I2C_GetState
                0x08004308        0x6 ./Drivers/STM32F1xx_HAL_Driver/Src/stm32f1xx_hal_i2c.o
                0x08004308                HAL_I2C_GetState
 .text.HAL_PCD_Init
                0x0800430e       0xc6 ./Drivers/STM32F1xx_HAL_Driver/Src/stm32f1xx_hal_pcd.o
                0x0800430e                HAL_PCD_Init
 .text.HAL_PCD_Start
                0x080043d4       0x32 ./Drivers/STM32F1xx_HAL_Driver/Src/stm32f1xx_hal_pcd.o
                0x080043d4                HAL_PCD_Start
 .text.HAL_PCD_SetAddress
                0x08004406       0x26 ./Drivers/STM32F1xx_HAL_Driver/Src/stm32f1xx_hal_pcd.o
                0x08004406                HAL_PCD_SetAddress
 .text.HAL_PCD_IRQHandler
                0x0800442c      0xa08 ./Drivers/STM32F1xx_HAL_Driver/Src/stm32f1xx_hal_pcd.o
                0x0800442c                HAL_PCD_IRQHandler
 .text.HAL_PCD_EP_Open
                0x08004e34       0x60 ./Drivers/STM32F1xx_HAL_Driver/Src/stm32f1xx_hal_pcd.o
                0x08004e34                HAL_PCD_EP_Open
 .text.HAL_PCD_EP_Close
                0x08004e94       0x50 ./Drivers/STM32F1xx_HAL_Driver/Src/stm32f1xx_hal_pcd.o
                0x08004e94                HAL_PCD_EP_Close
 .text.HAL_PCD_EP_Receive
                0x08004ee4       0x2e ./Drivers/STM32F1xx_HAL_Driver/Src/stm32f1xx_hal_pcd.o
                0x08004ee4                HAL_PCD_EP_Receive
 .text.HAL_PCD_EP_GetRxCount
                0x08004f12       0x10 ./Drivers/STM32F1xx_HAL_Driver/Src/stm32f1xx_hal_pcd.o
                0x08004f12                HAL_PCD_EP_GetRxCount
 .text.HAL_PCD_EP_Transmit
                0x08004f22       0x30 ./Drivers/STM32F1xx_HAL_Driver/Src/stm32f1xx_hal_pcd.o
                0x08004f22                HAL_PCD_EP_Transmit
 .text.HAL_PCD_EP_SetStall
                0x08004f52       0x6c ./Drivers/STM32F1xx_HAL_Driver/Src/stm32f1xx_hal_pcd.o
                0x08004f52                HAL_PCD_EP_SetStall
 .text.HAL_PCD_EP_ClrStall
                0x08004fbe       0x64 ./Drivers/STM32F1xx_HAL_Driver/Src/stm32f1xx_hal_pcd.o
                0x08004fbe                HAL_PCD_EP_ClrStall
 .text.HAL_PCDEx_PMAConfig
                0x08005022       0x32 ./Drivers/STM32F1xx_HAL_Driver/Src/stm32f1xx_hal_pcd_ex.o
                0x08005022                HAL_PCDEx_PMAConfig
 .text.HAL_RCC_OscConfig
                0x08005054      0x338 ./Drivers/STM32F1xx_HAL_Driver/Src/stm32f1xx_hal_rcc.o
                0x08005054                HAL_RCC_OscConfig
 .text.HAL_RCC_GetSysClockFreq
                0x0800538c       0x4c ./Drivers/STM32F1xx_HAL_Driver/Src/stm32f1xx_hal_rcc.o
                0x0800538c                HAL_RCC_GetSysClockFreq
 .text.HAL_RCC_ClockConfig
                0x080053d8      0x138 ./Drivers/STM32F1xx_HAL_Driver/Src/stm32f1xx_hal_rcc.o
                0x080053d8                HAL_RCC_ClockConfig
 .text.HAL_RCC_GetPCLK1Freq
                0x08005510       0x20 ./Drivers/STM32F1xx_HAL_Driver/Src/stm32f1xx_hal_rcc.o
                0x08005510                HAL_RCC_GetPCLK1Freq
 .text.HAL_RCC_GetPCLK2Freq
                0x08005530       0x20 ./Drivers/STM32F1xx_HAL_Driver/Src/stm32f1xx_hal_rcc.o
                0x08005530                HAL_RCC_GetPCLK2Freq
 .text.HAL_RCCEx_PeriphCLKConfig
                0x08005550       0xf4 ./Drivers/STM32F1xx_HAL_Driver/Src/stm32f1xx_hal_rcc_ex.o
                0x08005550                HAL_RCCEx_PeriphCLKConfig
 .text.TIM_OC1_SetConfig
                0x08005644       0x50 ./Drivers/STM32F1xx_HAL_Driver/Src/stm32f1xx_hal_tim.o
 .text.TIM_OC3_SetConfig
                0x08005694       0x54 ./Drivers/STM32F1xx_HAL_Driver/Src/stm32f1xx_hal_tim.o
 .text.TIM_OC4_SetConfig
                0x080056e8       0x44 ./Drivers/STM32F1xx_HAL_Driver/Src/stm32f1xx_hal_tim.o
 .text.HAL_TIM_Base_Start_IT
                0x0800572c       0x54 ./Drivers/STM32F1xx_HAL_Driver/Src/stm32f1xx_hal_tim.o
                0x0800572c                HAL_TIM_Base_Start_IT
 .text.HAL_TIM_PWM_MspInit
                0x08005780        0x2 ./Drivers/STM32F1xx_HAL_Driver/Src/stm32f1xx_hal_tim.o
                0x08005780                HAL_TIM_PWM_MspInit
 .text.HAL_TIM_OC_DelayElapsedCallback
                0x08005782        0x2 ./Drivers/STM32F1xx_HAL_Driver/Src/stm32f1xx_hal_tim.o
                0x08005782                HAL_TIM_OC_DelayElapsedCallback
 .text.HAL_TIM_IC_CaptureCallback
                0x08005784        0x2 ./Drivers/STM32F1xx_HAL_Driver/Src/stm32f1xx_hal_tim.o
                0x08005784                HAL_TIM_IC_CaptureCallback
 .text.HAL_TIM_PWM_PulseFinishedCallback
                0x08005786        0x2 ./Drivers/STM32F1xx_HAL_Driver/Src/stm32f1xx_hal_tim.o
                0x08005786                HAL_TIM_PWM_PulseFinishedCallback
 .text.HAL_TIM_TriggerCallback
                0x08005788        0x2 ./Drivers/STM32F1xx_HAL_Driver/Src/stm32f1xx_hal_tim.o
                0x08005788                HAL_TIM_TriggerCallback
 .text.HAL_TIM_IRQHandler
                0x0800578a      0x128 ./Drivers/STM32F1xx_HAL_Driver/Src/stm32f1xx_hal_tim.o
                0x0800578a                HAL_TIM_IRQHandler
 *fill*         0x080058b2        0x2 
 .text.TIM_Base_SetConfig
                0x080058b4       0x64 ./Drivers/STM32F1xx_HAL_Driver/Src/stm32f1xx_hal_tim.o
                0x080058b4                TIM_Base_SetConfig
 .text.HAL_TIM_Base_Init
                0x08005918       0x58 ./Drivers/STM32F1xx_HAL_Driver/Src/stm32f1xx_hal_tim.o
                0x08005918                HAL_TIM_Base_Init
 .text.HAL_TIM_PWM_Init
                0x08005970       0x58 ./Drivers/STM32F1xx_HAL_Driver/Src/stm32f1xx_hal_tim.o
                0x08005970                HAL_TIM_PWM_Init
 .text.TIM_OC2_SetConfig
                0x080059c8       0x58 ./Drivers/STM32F1xx_HAL_Driver/Src/stm32f1xx_hal_tim.o
                0x080059c8                TIM_OC2_SetConfig
 .text.HAL_TIM_PWM_ConfigChannel
                0x08005a20       0xb0 ./Drivers/STM32F1xx_HAL_Driver/Src/stm32f1xx_hal_tim.o
                0x08005a20                HAL_TIM_PWM_ConfigChannel
 .text.TIM_ETR_SetConfig
                0x08005ad0       0x14 ./Drivers/STM32F1xx_HAL_Driver/Src/stm32f1xx_hal_tim.o
                0x08005ad0                TIM_ETR_SetConfig
 .text.HAL_TIM_ConfigClockSource
                0x08005ae4      0x132 ./Drivers/STM32F1xx_HAL_Driver/Src/stm32f1xx_hal_tim.o
                0x08005ae4                HAL_TIM_ConfigClockSource
 .text.TIM_SlaveTimer_SetConfig.constprop.0
                0x08005c16       0xc0 ./Drivers/STM32F1xx_HAL_Driver/Src/stm32f1xx_hal_tim.o
 .text.HAL_TIM_SlaveConfigSynchro
                0x08005cd6       0x4e ./Drivers/STM32F1xx_HAL_Driver/Src/stm32f1xx_hal_tim.o
                0x08005cd6                HAL_TIM_SlaveConfigSynchro
 .text.TIM_CCxChannelCmd
                0x08005d24       0x1c ./Drivers/STM32F1xx_HAL_Driver/Src/stm32f1xx_hal_tim.o
                0x08005d24                TIM_CCxChannelCmd
 .text.HAL_TIM_OC_Start
                0x08005d40       0x9c ./Drivers/STM32F1xx_HAL_Driver/Src/stm32f1xx_hal_tim.o
                0x08005d40                HAL_TIM_OC_Start
 .text.HAL_TIM_PWM_Start
                0x08005ddc        0x4 ./Drivers/STM32F1xx_HAL_Driver/Src/stm32f1xx_hal_tim.o
                0x08005ddc                HAL_TIM_PWM_Start
 .text.HAL_TIMEx_MasterConfigSynchronization
                0x08005de0       0x5c ./Drivers/STM32F1xx_HAL_Driver/Src/stm32f1xx_hal_tim_ex.o
                0x08005de0                HAL_TIMEx_MasterConfigSynchronization
 .text.HAL_TIMEx_CommutCallback
                0x08005e3c        0x2 ./Drivers/STM32F1xx_HAL_Driver/Src/stm32f1xx_hal_tim_ex.o
                0x08005e3c                HAL_TIMEx_CommutCallback
 .text.HAL_TIMEx_BreakCallback
                0x08005e3e        0x2 ./Drivers/STM32F1xx_HAL_Driver/Src/stm32f1xx_hal_tim_ex.o
                0x08005e3e                HAL_TIMEx_BreakCallback
 .text.UART_EndRxTransfer
                0x08005e40       0x5c ./Drivers/STM32F1xx_HAL_Driver/Src/stm32f1xx_hal_uart.o
 .text.UART_SetConfig
                0x08005e9c       0x74 ./Drivers/STM32F1xx_HAL_Driver/Src/stm32f1xx_hal_uart.o
 .text.HAL_UART_Init
                0x08005f10       0x5e ./Drivers/STM32F1xx_HAL_Driver/Src/stm32f1xx_hal_uart.o
                0x08005f10                HAL_UART_Init
 .text.HAL_UART_TxCpltCallback
                0x08005f6e        0x2 ./Drivers/STM32F1xx_HAL_Driver/Src/stm32f1xx_hal_uart.o
                0x08005f6e                HAL_UART_TxCpltCallback
 .text.HAL_UART_RxCpltCallback
                0x08005f70        0x2 ./Drivers/STM32F1xx_HAL_Driver/Src/stm32f1xx_hal_uart.o
                0x08005f70                HAL_UART_RxCpltCallback
 .text.HAL_UART_ErrorCallback
                0x08005f72        0x2 ./Drivers/STM32F1xx_HAL_Driver/Src/stm32f1xx_hal_uart.o
                0x08005f72                HAL_UART_ErrorCallback
 .text.UART_DMAAbortOnError
                0x08005f74       0x10 ./Drivers/STM32F1xx_HAL_Driver/Src/stm32f1xx_hal_uart.o
 .text.HAL_UARTEx_RxEventCallback
                0x08005f84        0x2 ./Drivers/STM32F1xx_HAL_Driver/Src/stm32f1xx_hal_uart.o
                0x08005f84                HAL_UARTEx_RxEventCallback
 .text.UART_Receive_IT.isra.0
                0x08005f86       0xb6 ./Drivers/STM32F1xx_HAL_Driver/Src/stm32f1xx_hal_uart.o
 .text.HAL_UART_IRQHandler
                0x0800603c      0x294 ./Drivers/STM32F1xx_HAL_Driver/Src/stm32f1xx_hal_uart.o
                0x0800603c                HAL_UART_IRQHandler
 .text.USB_CoreInit
                0x080062d0        0xe ./Drivers/STM32F1xx_HAL_Driver/Src/stm32f1xx_ll_usb.o
                0x080062d0                USB_CoreInit
 .text.USB_EnableGlobalInt
                0x080062de       0x12 ./Drivers/STM32F1xx_HAL_Driver/Src/stm32f1xx_ll_usb.o
                0x080062de                USB_EnableGlobalInt
 .text.USB_DisableGlobalInt
                0x080062f0       0x14 ./Drivers/STM32F1xx_HAL_Driver/Src/stm32f1xx_ll_usb.o
                0x080062f0                USB_DisableGlobalInt
 .text.USB_SetCurrentMode
                0x08006304        0x4 ./Drivers/STM32F1xx_HAL_Driver/Src/stm32f1xx_ll_usb.o
                0x08006304                USB_SetCurrentMode
 .text.USB_DevInit
                0x08006308       0x22 ./Drivers/STM32F1xx_HAL_Driver/Src/stm32f1xx_ll_usb.o
                0x08006308                USB_DevInit
 *fill*         0x0800632a        0x2 
 .text.USB_ActivateEndpoint
                0x0800632c      0x2c0 ./Drivers/STM32F1xx_HAL_Driver/Src/stm32f1xx_ll_usb.o
                0x0800632c                USB_ActivateEndpoint
 .text.USB_DeactivateEndpoint
                0x080065ec      0x1a6 ./Drivers/STM32F1xx_HAL_Driver/Src/stm32f1xx_ll_usb.o
                0x080065ec                USB_DeactivateEndpoint
 .text.USB_EPSetStall
                0x08006792       0x40 ./Drivers/STM32F1xx_HAL_Driver/Src/stm32f1xx_ll_usb.o
                0x08006792                USB_EPSetStall
 .text.USB_EPClearStall
                0x080067d2       0x92 ./Drivers/STM32F1xx_HAL_Driver/Src/stm32f1xx_ll_usb.o
                0x080067d2                USB_EPClearStall
 .text.USB_SetDevAddress
                0x08006864        0xc ./Drivers/STM32F1xx_HAL_Driver/Src/stm32f1xx_ll_usb.o
                0x08006864                USB_SetDevAddress
 .text.USB_DevConnect
                0x08006870        0x4 ./Drivers/STM32F1xx_HAL_Driver/Src/stm32f1xx_ll_usb.o
                0x08006870                USB_DevConnect
 .text.USB_DevDisconnect
                0x08006874        0x4 ./Drivers/STM32F1xx_HAL_Driver/Src/stm32f1xx_ll_usb.o
                0x08006874                USB_DevDisconnect
 .text.USB_ReadInterrupts
                0x08006878        0x8 ./Drivers/STM32F1xx_HAL_Driver/Src/stm32f1xx_ll_usb.o
                0x08006878                USB_ReadInterrupts
 .text.USB_EP0_OutStart
                0x08006880        0x4 ./Drivers/STM32F1xx_HAL_Driver/Src/stm32f1xx_ll_usb.o
                0x08006880                USB_EP0_OutStart
 .text.USB_WritePMA
                0x08006884       0x20 ./Drivers/STM32F1xx_HAL_Driver/Src/stm32f1xx_ll_usb.o
                0x08006884                USB_WritePMA
 .text.USB_EPStartXfer
                0x080068a4      0x46a ./Drivers/STM32F1xx_HAL_Driver/Src/stm32f1xx_ll_usb.o
                0x080068a4                USB_EPStartXfer
 .text.USB_ReadPMA
                0x08006d0e       0x38 ./Drivers/STM32F1xx_HAL_Driver/Src/stm32f1xx_ll_usb.o
                0x08006d0e                USB_ReadPMA
 .text.USBD_CDC_EP0_RxReady
                0x08006d46       0x28 ./Middlewares/ST/STM32_USB_Device_Library/Class/CDC/Src/usbd_cdc.o
 *fill*         0x08006d6e        0x2 
 .text.USBD_CDC_GetFSCfgDesc
                0x08006d70        0xc ./Middlewares/ST/STM32_USB_Device_Library/Class/CDC/Src/usbd_cdc.o
 .text.USBD_CDC_GetHSCfgDesc
                0x08006d7c        0xc ./Middlewares/ST/STM32_USB_Device_Library/Class/CDC/Src/usbd_cdc.o
 .text.USBD_CDC_GetOtherSpeedCfgDesc
                0x08006d88        0xc ./Middlewares/ST/STM32_USB_Device_Library/Class/CDC/Src/usbd_cdc.o
 .text.USBD_CDC_GetDeviceQualifierDescriptor
                0x08006d94        0xc ./Middlewares/ST/STM32_USB_Device_Library/Class/CDC/Src/usbd_cdc.o
                0x08006d94                USBD_CDC_GetDeviceQualifierDescriptor
 .text.USBD_CDC_DataOut
                0x08006da0       0x2e ./Middlewares/ST/STM32_USB_Device_Library/Class/CDC/Src/usbd_cdc.o
 .text.USBD_CDC_DataIn
                0x08006dce       0x40 ./Middlewares/ST/STM32_USB_Device_Library/Class/CDC/Src/usbd_cdc.o
 .text.USBD_CDC_Setup
                0x08006e0e       0xa2 ./Middlewares/ST/STM32_USB_Device_Library/Class/CDC/Src/usbd_cdc.o
 .text.USBD_CDC_DeInit
                0x08006eb0       0x42 ./Middlewares/ST/STM32_USB_Device_Library/Class/CDC/Src/usbd_cdc.o
 .text.USBD_CDC_Init
                0x08006ef2       0x8c ./Middlewares/ST/STM32_USB_Device_Library/Class/CDC/Src/usbd_cdc.o
 .text.USBD_CDC_RegisterInterface
                0x08006f7e        0xe ./Middlewares/ST/STM32_USB_Device_Library/Class/CDC/Src/usbd_cdc.o
                0x08006f7e                USBD_CDC_RegisterInterface
 .text.USBD_CDC_SetTxBuffer
                0x08006f8c       0x10 ./Middlewares/ST/STM32_USB_Device_Library/Class/CDC/Src/usbd_cdc.o
                0x08006f8c                USBD_CDC_SetTxBuffer
 .text.USBD_CDC_SetRxBuffer
                0x08006f9c        0xc ./Middlewares/ST/STM32_USB_Device_Library/Class/CDC/Src/usbd_cdc.o
                0x08006f9c                USBD_CDC_SetRxBuffer
 .text.USBD_CDC_TransmitPacket
                0x08006fa8       0x32 ./Middlewares/ST/STM32_USB_Device_Library/Class/CDC/Src/usbd_cdc.o
                0x08006fa8                USBD_CDC_TransmitPacket
 .text.USBD_CDC_ReceivePacket
                0x08006fda       0x26 ./Middlewares/ST/STM32_USB_Device_Library/Class/CDC/Src/usbd_cdc.o
                0x08006fda                USBD_CDC_ReceivePacket
 .text.USBD_Init
                0x08007000       0x2a ./Middlewares/ST/STM32_USB_Device_Library/Core/Src/usbd_core.o
                0x08007000                USBD_Init
 .text.USBD_RegisterClass
                0x0800702a        0xe ./Middlewares/ST/STM32_USB_Device_Library/Core/Src/usbd_core.o
                0x0800702a                USBD_RegisterClass
 .text.USBD_Start
                0x08007038        0xa ./Middlewares/ST/STM32_USB_Device_Library/Core/Src/usbd_core.o
                0x08007038                USBD_Start
 .text.USBD_SetClassConfig
                0x08007042       0x1a ./Middlewares/ST/STM32_USB_Device_Library/Core/Src/usbd_core.o
                0x08007042                USBD_SetClassConfig
 .text.USBD_ClrClassConfig
                0x0800705c        0xe ./Middlewares/ST/STM32_USB_Device_Library/Core/Src/usbd_core.o
                0x0800705c                USBD_ClrClassConfig
 .text.USBD_LL_SetupStage
                0x0800706a       0x5a ./Middlewares/ST/STM32_USB_Device_Library/Core/Src/usbd_core.o
                0x0800706a                USBD_LL_SetupStage
 .text.USBD_LL_DataOutStage
                0x080070c4       0x70 ./Middlewares/ST/STM32_USB_Device_Library/Core/Src/usbd_core.o
                0x080070c4                USBD_LL_DataOutStage
 .text.USBD_LL_DataInStage
                0x08007134       0xb8 ./Middlewares/ST/STM32_USB_Device_Library/Core/Src/usbd_core.o
                0x08007134                USBD_LL_DataInStage
 .text.USBD_LL_Reset
                0x080071ec       0x4e ./Middlewares/ST/STM32_USB_Device_Library/Core/Src/usbd_core.o
                0x080071ec                USBD_LL_Reset
 .text.USBD_LL_SetSpeed
                0x0800723a        0x6 ./Middlewares/ST/STM32_USB_Device_Library/Core/Src/usbd_core.o
                0x0800723a                USBD_LL_SetSpeed
 .text.USBD_LL_Suspend
                0x08007240       0x12 ./Middlewares/ST/STM32_USB_Device_Library/Core/Src/usbd_core.o
                0x08007240                USBD_LL_Suspend
 .text.USBD_LL_Resume
                0x08007252       0x14 ./Middlewares/ST/STM32_USB_Device_Library/Core/Src/usbd_core.o
                0x08007252                USBD_LL_Resume
 .text.USBD_LL_SOF
                0x08007266       0x18 ./Middlewares/ST/STM32_USB_Device_Library/Core/Src/usbd_core.o
                0x08007266                USBD_LL_SOF
 .text.USBD_CtlError.constprop.0
                0x0800727e       0x16 ./Middlewares/ST/STM32_USB_Device_Library/Core/Src/usbd_ctlreq.o
 .text.USBD_StdDevReq
                0x08007294      0x290 ./Middlewares/ST/STM32_USB_Device_Library/Core/Src/usbd_ctlreq.o
                0x08007294                USBD_StdDevReq
 .text.USBD_StdItfReq
                0x08007524       0x48 ./Middlewares/ST/STM32_USB_Device_Library/Core/Src/usbd_ctlreq.o
                0x08007524                USBD_StdItfReq
 .text.USBD_StdEPReq
                0x0800756c      0x118 ./Middlewares/ST/STM32_USB_Device_Library/Core/Src/usbd_ctlreq.o
                0x0800756c                USBD_StdEPReq
 .text.USBD_ParseSetupRequest
                0x08007684       0x16 ./Middlewares/ST/STM32_USB_Device_Library/Core/Src/usbd_ctlreq.o
                0x08007684                USBD_ParseSetupRequest
 .text.USBD_CtlError
                0x0800769a       0x16 ./Middlewares/ST/STM32_USB_Device_Library/Core/Src/usbd_ctlreq.o
                0x0800769a                USBD_CtlError
 .text.USBD_GetString
                0x080076b0       0x38 ./Middlewares/ST/STM32_USB_Device_Library/Core/Src/usbd_ctlreq.o
                0x080076b0                USBD_GetString
 .text.USBD_CtlSendData
                0x080076e8       0x1a ./Middlewares/ST/STM32_USB_Device_Library/Core/Src/usbd_ioreq.o
                0x080076e8                USBD_CtlSendData
 .text.USBD_CtlContinueSendData
                0x08007702       0x10 ./Middlewares/ST/STM32_USB_Device_Library/Core/Src/usbd_ioreq.o
                0x08007702                USBD_CtlContinueSendData
 .text.USBD_CtlPrepareRx
                0x08007712       0x1a ./Middlewares/ST/STM32_USB_Device_Library/Core/Src/usbd_ioreq.o
                0x08007712                USBD_CtlPrepareRx
 .text.USBD_CtlContinueRx
                0x0800772c       0x10 ./Middlewares/ST/STM32_USB_Device_Library/Core/Src/usbd_ioreq.o
                0x0800772c                USBD_CtlContinueRx
 .text.USBD_CtlSendStatus
                0x0800773c       0x16 ./Middlewares/ST/STM32_USB_Device_Library/Core/Src/usbd_ioreq.o
                0x0800773c                USBD_CtlSendStatus
 .text.USBD_CtlReceiveStatus
                0x08007752       0x16 ./Middlewares/ST/STM32_USB_Device_Library/Core/Src/usbd_ioreq.o
                0x08007752                USBD_CtlReceiveStatus
 .text.MX_USB_DEVICE_Init
                0x08007768       0x50 ./USB_DEVICE/App/usb_device.o
                0x08007768                MX_USB_DEVICE_Init
 .text.CDC_DeInit_FS
                0x080077b8        0x4 ./USB_DEVICE/App/usbd_cdc_if.o
 .text.CDC_Control_FS
                0x080077bc       0x48 ./USB_DEVICE/App/usbd_cdc_if.o
 .text.CDC_Receive_FS
                0x08007804       0x28 ./USB_DEVICE/App/usbd_cdc_if.o
 .text.CDC_Init_FS
                0x0800782c       0x28 ./USB_DEVICE/App/usbd_cdc_if.o
 .text.CDC_Transmit_FS
                0x08007854       0x2c ./USB_DEVICE/App/usbd_cdc_if.o
                0x08007854                CDC_Transmit_FS
 .text.CDC_Attach_Rx
                0x08007880        0xc ./USB_DEVICE/App/usbd_cdc_if.o
                0x08007880                CDC_Attach_Rx
 .text.USBD_FS_DeviceDescriptor
                0x0800788c        0xc ./USB_DEVICE/App/usbd_desc.o
                0x0800788c                USBD_FS_DeviceDescriptor
 .text.USBD_FS_LangIDStrDescriptor
                0x08007898        0xc ./USB_DEVICE/App/usbd_desc.o
                0x08007898                USBD_FS_LangIDStrDescriptor
 .text.IntToUnicode
                0x080078a4       0x2a ./USB_DEVICE/App/usbd_desc.o
 *fill*         0x080078ce        0x2 
 .text.USBD_FS_SerialStrDescriptor
                0x080078d0       0x3c ./USB_DEVICE/App/usbd_desc.o
                0x080078d0                USBD_FS_SerialStrDescriptor
 .text.USBD_FS_ManufacturerStrDescriptor
                0x0800790c       0x1c ./USB_DEVICE/App/usbd_desc.o
                0x0800790c                USBD_FS_ManufacturerStrDescriptor
 .text.USBD_FS_ProductStrDescriptor
                0x08007928       0x1c ./USB_DEVICE/App/usbd_desc.o
                0x08007928                USBD_FS_ProductStrDescriptor
 .text.USBD_FS_ConfigStrDescriptor
                0x08007944       0x1c ./USB_DEVICE/App/usbd_desc.o
                0x08007944                USBD_FS_ConfigStrDescriptor
 .text.USBD_FS_InterfaceStrDescriptor
                0x08007960       0x1c ./USB_DEVICE/App/usbd_desc.o
                0x08007960                USBD_FS_InterfaceStrDescriptor
 .text.USBD_Get_USB_Status
                0x0800797c        0xc ./USB_DEVICE/Target/usbd_conf.o
 .text.HAL_PCD_MspInit
                0x08007988       0x40 ./USB_DEVICE/Target/usbd_conf.o
                0x08007988                HAL_PCD_MspInit
 .text.HAL_PCD_SetupStageCallback
                0x080079c8        0xc ./USB_DEVICE/Target/usbd_conf.o
                0x080079c8                HAL_PCD_SetupStageCallback
 .text.HAL_PCD_DataOutStageCallback
                0x080079d4       0x12 ./USB_DEVICE/Target/usbd_conf.o
                0x080079d4                HAL_PCD_DataOutStageCallback
 .text.HAL_PCD_DataInStageCallback
                0x080079e6       0x10 ./USB_DEVICE/Target/usbd_conf.o
                0x080079e6                HAL_PCD_DataInStageCallback
 .text.HAL_PCD_SOFCallback
                0x080079f6        0x8 ./USB_DEVICE/Target/usbd_conf.o
                0x080079f6                HAL_PCD_SOFCallback
 .text.HAL_PCD_ResetCallback
                0x080079fe       0x24 ./USB_DEVICE/Target/usbd_conf.o
                0x080079fe                HAL_PCD_ResetCallback
 *fill*         0x08007a22        0x2 
 .text.HAL_PCD_SuspendCallback
                0x08007a24       0x20 ./USB_DEVICE/Target/usbd_conf.o
                0x08007a24                HAL_PCD_SuspendCallback
 .text.HAL_PCD_ResumeCallback
                0x08007a44        0x8 ./USB_DEVICE/Target/usbd_conf.o
                0x08007a44                HAL_PCD_ResumeCallback
 .text.USBD_LL_Init
                0x08007a4c       0x80 ./USB_DEVICE/Target/usbd_conf.o
                0x08007a4c                USBD_LL_Init
 .text.USBD_LL_Start
                0x08007acc       0x12 ./USB_DEVICE/Target/usbd_conf.o
                0x08007acc                USBD_LL_Start
 .text.USBD_LL_OpenEP
                0x08007ade       0x18 ./USB_DEVICE/Target/usbd_conf.o
                0x08007ade                USBD_LL_OpenEP
 .text.USBD_LL_CloseEP
                0x08007af6       0x12 ./USB_DEVICE/Target/usbd_conf.o
                0x08007af6                USBD_LL_CloseEP
 .text.USBD_LL_StallEP
                0x08007b08       0x12 ./USB_DEVICE/Target/usbd_conf.o
                0x08007b08                USBD_LL_StallEP
 .text.USBD_LL_ClearStallEP
                0x08007b1a       0x12 ./USB_DEVICE/Target/usbd_conf.o
                0x08007b1a                USBD_LL_ClearStallEP
 .text.USBD_LL_IsStallEP
                0x08007b2c       0x22 ./USB_DEVICE/Target/usbd_conf.o
                0x08007b2c                USBD_LL_IsStallEP
 .text.USBD_LL_SetUSBAddress
                0x08007b4e       0x12 ./USB_DEVICE/Target/usbd_conf.o
                0x08007b4e                USBD_LL_SetUSBAddress
 .text.USBD_LL_Transmit
                0x08007b60       0x12 ./USB_DEVICE/Target/usbd_conf.o
                0x08007b60                USBD_LL_Transmit
 .text.USBD_LL_PrepareReceive
                0x08007b72       0x12 ./USB_DEVICE/Target/usbd_conf.o
                0x08007b72                USBD_LL_PrepareReceive
 .text.USBD_LL_GetRxDataSize
                0x08007b84        0x8 ./USB_DEVICE/Target/usbd_conf.o
                0x08007b84                USBD_LL_GetRxDataSize
 .text.USBD_static_malloc
                0x08007b8c        0x8 ./USB_DEVICE/Target/usbd_conf.o
                0x08007b8c                USBD_static_malloc
 .text.USBD_static_free
                0x08007b94        0x2 ./USB_DEVICE/Target/usbd_conf.o
                0x08007b94                USBD_static_free
 .text.HAL_PCDEx_SetConnectionState
                0x08007b96        0x2 ./USB_DEVICE/Target/usbd_conf.o
                0x08007b96                HAL_PCDEx_SetConnectionState
 .text.snprintf
                0x08007b98       0x6c C:/ST/STM32CubeIDE_1.19.0/STM32CubeIDE/plugins/com.st.stm32cube.ide.mcu.externaltools.gnu-tools-for-stm32.13.3.rel1.win32_1.0.0.202411081344/tools/bin/../lib/gcc/arm-none-eabi/13.3.1/../../../../arm-none-eabi/lib/thumb/v7-m/nofp\libc_nano.a(libc_a-snprintf.o)
                0x08007b98                sniprintf
                0x08007b98                snprintf
 .text.memset   0x08007c04       0x10 C:/ST/STM32CubeIDE_1.19.0/STM32CubeIDE/plugins/com.st.stm32cube.ide.mcu.externaltools.gnu-tools-for-stm32.13.3.rel1.win32_1.0.0.202411081344/tools/bin/../lib/gcc/arm-none-eabi/13.3.1/../../../../arm-none-eabi/lib/thumb/v7-m/nofp\libc_nano.a(libc_a-memset.o)
                0x08007c04                memset
 .text.__errno  0x08007c14        0xc C:/ST/STM32CubeIDE_1.19.0/STM32CubeIDE/plugins/com.st.stm32cube.ide.mcu.externaltools.gnu-tools-for-stm32.13.3.rel1.win32_1.0.0.202411081344/tools/bin/../lib/gcc/arm-none-eabi/13.3.1/../../../../arm-none-eabi/lib/thumb/v7-m/nofp\libc_nano.a(libc_a-errno.o)
                0x08007c14                __errno
 .text.__libc_init_array
                0x08007c20       0x48 C:/ST/STM32CubeIDE_1.19.0/STM32CubeIDE/plugins/com.st.stm32cube.ide.mcu.externaltools.gnu-tools-for-stm32.13.3.rel1.win32_1.0.0.202411081344/tools/bin/../lib/gcc/arm-none-eabi/13.3.1/../../../../arm-none-eabi/lib/thumb/v7-m/nofp\libc_nano.a(libc_a-init.o)
                0x08007c20                __libc_init_array
 .text.__retarget_lock_acquire_recursive
                0x08007c68        0x2 C:/ST/STM32CubeIDE_1.19.0/STM32CubeIDE/plugins/com.st.stm32cube.ide.mcu.externaltools.gnu-tools-for-stm32.13.3.rel1.win32_1.0.0.202411081344/tools/bin/../lib/gcc/arm-none-eabi/13.3.1/../../../../arm-none-eabi/lib/thumb/v7-m/nofp\libc_nano.a(libc_a-lock.o)
                0x08007c68                __retarget_lock_acquire_recursive
 .text.__retarget_lock_release_recursive
                0x08007c6a        0x2 C:/ST/STM32CubeIDE_1.19.0/STM32CubeIDE/plugins/com.st.stm32cube.ide.mcu.externaltools.gnu-tools-for-stm32.13.3.rel1.win32_1.0.0.202411081344/tools/bin/../lib/gcc/arm-none-eabi/13.3.1/../../../../arm-none-eabi/lib/thumb/v7-m/nofp\libc_nano.a(libc_a-lock.o)
                0x08007c6a                __retarget_lock_release_recursive
 .text.strcpy   0x08007c6c       0x10 C:/ST/STM32CubeIDE_1.19.0/STM32CubeIDE/plugins/com.st.stm32cube.ide.mcu.externaltools.gnu-tools-for-stm32.13.3.rel1.win32_1.0.0.202411081344/tools/bin/../lib/gcc/arm-none-eabi/13.3.1/../../../../arm-none-eabi/lib/thumb/v7-m/nofp\libc_nano.a(libc_a-strcpy.o)
                0x08007c6c                strcpy
 .text.memcpy   0x08007c7c       0x1c C:/ST/STM32CubeIDE_1.19.0/STM32CubeIDE/plugins/com.st.stm32cube.ide.mcu.externaltools.gnu-tools-for-stm32.13.3.rel1.win32_1.0.0.202411081344/tools/bin/../lib/gcc/arm-none-eabi/13.3.1/../../../../arm-none-eabi/lib/thumb/v7-m/nofp\libc_nano.a(libc_a-memcpy-stub.o)
                0x08007c7c                memcpy
 .text._free_r  0x08007c98       0x90 C:/ST/STM32CubeIDE_1.19.0/STM32CubeIDE/plugins/com.st.stm32cube.ide.mcu.externaltools.gnu-tools-for-stm32.13.3.rel1.win32_1.0.0.202411081344/tools/bin/../lib/gcc/arm-none-eabi/13.3.1/../../../../arm-none-eabi/lib/thumb/v7-m/nofp\libc_nano.a(libc_a-freer.o)
                0x08007c98                _free_r
 .text.sbrk_aligned
                0x08007d28       0x44 C:/ST/STM32CubeIDE_1.19.0/STM32CubeIDE/plugins/com.st.stm32cube.ide.mcu.externaltools.gnu-tools-for-stm32.13.3.rel1.win32_1.0.0.202411081344/tools/bin/../lib/gcc/arm-none-eabi/13.3.1/../../../../arm-none-eabi/lib/thumb/v7-m/nofp\libc_nano.a(libc_a-mallocr.o)
 .text._malloc_r
                0x08007d6c      0x100 C:/ST/STM32CubeIDE_1.19.0/STM32CubeIDE/plugins/com.st.stm32cube.ide.mcu.externaltools.gnu-tools-for-stm32.13.3.rel1.win32_1.0.0.202411081344/tools/bin/../lib/gcc/arm-none-eabi/13.3.1/../../../../arm-none-eabi/lib/thumb/v7-m/nofp\libc_nano.a(libc_a-mallocr.o)
                0x08007d6c                _malloc_r
 .text.__malloc_lock
                0x08007e6c        0xc C:/ST/STM32CubeIDE_1.19.0/STM32CubeIDE/plugins/com.st.stm32cube.ide.mcu.externaltools.gnu-tools-for-stm32.13.3.rel1.win32_1.0.0.202411081344/tools/bin/../lib/gcc/arm-none-eabi/13.3.1/../../../../arm-none-eabi/lib/thumb/v7-m/nofp\libc_nano.a(libc_a-mlock.o)
                0x08007e6c                __malloc_lock
 .text.__malloc_unlock
                0x08007e78        0xc C:/ST/STM32CubeIDE_1.19.0/STM32CubeIDE/plugins/com.st.stm32cube.ide.mcu.externaltools.gnu-tools-for-stm32.13.3.rel1.win32_1.0.0.202411081344/tools/bin/../lib/gcc/arm-none-eabi/13.3.1/../../../../arm-none-eabi/lib/thumb/v7-m/nofp\libc_nano.a(libc_a-mlock.o)
                0x08007e78                __malloc_unlock
 .text.__ssputs_r
                0x08007e84       0xb6 C:/ST/STM32CubeIDE_1.19.0/STM32CubeIDE/plugins/com.st.stm32cube.ide.mcu.externaltools.gnu-tools-for-stm32.13.3.rel1.win32_1.0.0.202411081344/tools/bin/../lib/gcc/arm-none-eabi/13.3.1/../../../../arm-none-eabi/lib/thumb/v7-m/nofp\libc_nano.a(libc_a-nano-svfprintf.o)
                0x08007e84                __ssputs_r
 *fill*         0x08007f3a        0x2 
 .text._svfprintf_r
                0x08007f3c      0x1f8 C:/ST/STM32CubeIDE_1.19.0/STM32CubeIDE/plugins/com.st.stm32cube.ide.mcu.externaltools.gnu-tools-for-stm32.13.3.rel1.win32_1.0.0.202411081344/tools/bin/../lib/gcc/arm-none-eabi/13.3.1/../../../../arm-none-eabi/lib/thumb/v7-m/nofp\libc_nano.a(libc_a-nano-svfprintf.o)
                0x08007f3c                _svfiprintf_r
                0x08007f3c                _svfprintf_r
 .text._printf_common
                0x08008134       0xe4 C:/ST/STM32CubeIDE_1.19.0/STM32CubeIDE/plugins/com.st.stm32cube.ide.mcu.externaltools.gnu-tools-for-stm32.13.3.rel1.win32_1.0.0.202411081344/tools/bin/../lib/gcc/arm-none-eabi/13.3.1/../../../../arm-none-eabi/lib/thumb/v7-m/nofp\libc_nano.a(libc_a-nano-vfprintf_i.o)
                0x08008134                _printf_common
 .text._printf_i
                0x08008218      0x23c C:/ST/STM32CubeIDE_1.19.0/STM32CubeIDE/plugins/com.st.stm32cube.ide.mcu.externaltools.gnu-tools-for-stm32.13.3.rel1.win32_1.0.0.202411081344/tools/bin/../lib/gcc/arm-none-eabi/13.3.1/../../../../arm-none-eabi/lib/thumb/v7-m/nofp\libc_nano.a(libc_a-nano-vfprintf_i.o)
                0x08008218                _printf_i
 .text.memmove  0x08008454       0x34 C:/ST/STM32CubeIDE_1.19.0/STM32CubeIDE/plugins/com.st.stm32cube.ide.mcu.externaltools.gnu-tools-for-stm32.13.3.rel1.win32_1.0.0.202411081344/tools/bin/../lib/gcc/arm-none-eabi/13.3.1/../../../../arm-none-eabi/lib/thumb/v7-m/nofp\libc_nano.a(libc_a-memmove.o)
                0x08008454                memmove
 .text._sbrk_r  0x08008488       0x20 C:/ST/STM32CubeIDE_1.19.0/STM32CubeIDE/plugins/com.st.stm32cube.ide.mcu.externaltools.gnu-tools-for-stm32.13.3.rel1.win32_1.0.0.202411081344/tools/bin/../lib/gcc/arm-none-eabi/13.3.1/../../../../arm-none-eabi/lib/thumb/v7-m/nofp\libc_nano.a(libc_a-sbrkr.o)
                0x08008488                _sbrk_r
 .text.memchr   0x080084a8       0x1c C:/ST/STM32CubeIDE_1.19.0/STM32CubeIDE/plugins/com.st.stm32cube.ide.mcu.externaltools.gnu-tools-for-stm32.13.3.rel1.win32_1.0.0.202411081344/tools/bin/../lib/gcc/arm-none-eabi/13.3.1/../../../../arm-none-eabi/lib/thumb/v7-m/nofp\libc_nano.a(libc_a-memchr-stub.o)
                0x080084a8                memchr
 .text._realloc_r
                0x080084c4       0x5c C:/ST/STM32CubeIDE_1.19.0/STM32CubeIDE/plugins/com.st.stm32cube.ide.mcu.externaltools.gnu-tools-for-stm32.13.3.rel1.win32_1.0.0.202411081344/tools/bin/../lib/gcc/arm-none-eabi/13.3.1/../../../../arm-none-eabi/lib/thumb/v7-m/nofp\libc_nano.a(libc_a-reallocr.o)
                0x080084c4                _realloc_r
 .text._malloc_usable_size_r
                0x08008520       0x10 C:/ST/STM32CubeIDE_1.19.0/STM32CubeIDE/plugins/com.st.stm32cube.ide.mcu.externaltools.gnu-tools-for-stm32.13.3.rel1.win32_1.0.0.202411081344/tools/bin/../lib/gcc/arm-none-eabi/13.3.1/../../../../arm-none-eabi/lib/thumb/v7-m/nofp\libc_nano.a(libc_a-msizer.o)
                0x08008520                _malloc_usable_size_r
 *(.glue_7)
 .glue_7        0x08008530        0x0 linker stubs
 *(.glue_7t)
 .glue_7t       0x08008530        0x0 linker stubs
 *(.eh_frame)
 .eh_frame      0x08008530        0x0 C:/ST/STM32CubeIDE_1.19.0/STM32CubeIDE/plugins/com.st.stm32cube.ide.mcu.externaltools.gnu-tools-for-stm32.13.3.rel1.win32_1.0.0.202411081344/tools/bin/../lib/gcc/arm-none-eabi/13.3.1/thumb/v7-m/nofp/crtbegin.o
 *(.init)
 .init          0x08008530        0x4 C:/ST/STM32CubeIDE_1.19.0/STM32CubeIDE/plugins/com.st.stm32cube.ide.mcu.externaltools.gnu-tools-for-stm32.13.3.rel1.win32_1.0.0.202411081344/tools/bin/../lib/gcc/arm-none-eabi/13.3.1/thumb/v7-m/nofp/crti.o
                0x08008530                _init
 .init          0x08008534        0x8 C:/ST/STM32CubeIDE_1.19.0/STM32CubeIDE/plugins/com.st.stm32cube.ide.mcu.externaltools.gnu-tools-for-stm32.13.3.rel1.win32_1.0.0.202411081344/tools/bin/../lib/gcc/arm-none-eabi/13.3.1/thumb/v7-m/nofp/crtn.o
 *(.fini)
 .fini          0x0800853c        0x4 C:/ST/STM32CubeIDE_1.19.0/STM32CubeIDE/plugins/com.st.stm32cube.ide.mcu.externaltools.gnu-tools-for-stm32.13.3.rel1.win32_1.0.0.202411081344/tools/bin/../lib/gcc/arm-none-eabi/13.3.1/thumb/v7-m/nofp/crti.o
                0x0800853c                _fini
 .fini          0x08008540        0x8 C:/ST/STM32CubeIDE_1.19.0/STM32CubeIDE/plugins/com.st.stm32cube.ide.mcu.externaltools.gnu-tools-for-stm32.13.3.rel1.win32_1.0.0.202411081344/tools/bin/../lib/gcc/arm-none-eabi/13.3.1/thumb/v7-m/nofp/crtn.o
                0x08008548                        . = ALIGN (0x4)
                0x08008548                        _etext = .

.vfp11_veneer   0x08008548        0x0
 .vfp11_veneer  0x08008548        0x0 linker stubs

.v4_bx          0x08008548        0x0
 .v4_bx         0x08008548        0x0 linker stubs

.iplt           0x08008548        0x0
 .iplt          0x08008548        0x0 C:/ST/STM32CubeIDE_1.19.0/STM32CubeIDE/plugins/com.st.stm32cube.ide.mcu.externaltools.gnu-tools-for-stm32.13.3.rel1.win32_1.0.0.202411081344/tools/bin/../lib/gcc/arm-none-eabi/13.3.1/thumb/v7-m/nofp/crtbegin.o

.rodata         0x08008548     0x1598
                0x08008548                        . = ALIGN (0x4)
 *(.rodata)
 *(.rodata*)
 .rodata.Font_11x18
                0x08008548        0xc ./Core/Src/fonts.o
                0x08008548                Font_11x18
 .rodata.Font_7x10
                0x08008554        0xc ./Core/Src/fonts.o
                0x08008554                Font_7x10
 .rodata.Font11x18
                0x08008560      0xd5c ./Core/Src/fonts.o
 .rodata.Font7x10
                0x080092bc      0x76c ./Core/Src/fonts.o
 .rodata.ssd1306Data.str1.1
                0x08009a28       0x80 ./Core/Src/main.o
                                  0xb (size before relaxing)
 .rodata.firmware
                0x08009aa8        0xd ./Core/Src/main.o
                0x08009aa8                firmware
 .rodata.APBPrescTable
                0x08009ab5        0x8 ./Core/Src/system_stm32f1xx.o
                0x08009ab5                APBPrescTable
 .rodata.AHBPrescTable
                0x08009abd       0x10 ./Core/Src/system_stm32f1xx.o
                0x08009abd                AHBPrescTable
 .rodata.aPredivFactorTable.0
                0x08009acd        0x2 ./Drivers/STM32F1xx_HAL_Driver/Src/stm32f1xx_hal_rcc.o
 .rodata.aPLLMULFactorTable.1
                0x08009acf       0x10 ./Drivers/STM32F1xx_HAL_Driver/Src/stm32f1xx_hal_rcc.o
 .rodata.USBD_FS_ManufacturerStrDescriptor.str1.1
                0x08009adf       0x13 ./USB_DEVICE/App/usbd_desc.o
 .rodata.USBD_FS_ProductStrDescriptor.str1.1
                0x08009adf       0x16 ./USB_DEVICE/App/usbd_desc.o
 .rodata.USBD_FS_ConfigStrDescriptor.str1.1
                0x08009adf        0xb ./USB_DEVICE/App/usbd_desc.o
 .rodata.USBD_FS_InterfaceStrDescriptor.str1.1
                0x08009adf        0xe ./USB_DEVICE/App/usbd_desc.o
 .rodata._svfprintf_r.str1.1
                0x08009adf       0x11 C:/ST/STM32CubeIDE_1.19.0/STM32CubeIDE/plugins/com.st.stm32cube.ide.mcu.externaltools.gnu-tools-for-stm32.13.3.rel1.win32_1.0.0.202411081344/tools/bin/../lib/gcc/arm-none-eabi/13.3.1/../../../../arm-none-eabi/lib/thumb/v7-m/nofp\libc_nano.a(libc_a-nano-svfprintf.o)
 .rodata._printf_i.str1.1
                0x08009adf       0x22 C:/ST/STM32CubeIDE_1.19.0/STM32CubeIDE/plugins/com.st.stm32cube.ide.mcu.externaltools.gnu-tools-for-stm32.13.3.rel1.win32_1.0.0.202411081344/tools/bin/../lib/gcc/arm-none-eabi/13.3.1/../../../../arm-none-eabi/lib/thumb/v7-m/nofp\libc_nano.a(libc_a-nano-vfprintf_i.o)
                0x08009b04                        . = ALIGN (0x4)
 *fill*         0x08009adf        0x1 

.ARM.extab      0x08009ae0        0x0
                0x08009ae0                        . = ALIGN (0x4)
 *(.ARM.extab* .gnu.linkonce.armextab.*)
                0x08009ae0                        . = ALIGN (0x4)

.ARM            0x08009ae0        0x8
                0x08009ae0                        . = ALIGN (0x4)
                0x08009ae0                        __exidx_start = .
 *(.ARM.exidx*)
 .ARM.exidx     0x08009ae0        0x8 C:/ST/STM32CubeIDE_1.19.0/STM32CubeIDE/plugins/com.st.stm32cube.ide.mcu.externaltools.gnu-tools-for-stm32.13.3.rel1.win32_1.0.0.202411081344/tools/bin/../lib/gcc/arm-none-eabi/13.3.1/../../../../arm-none-eabi/lib/thumb/v7-m/nofp\libc_nano.a(libc_a-strlen.o)
                0x08009ae8                        __exidx_end = .
                0x08009ae8                        . = ALIGN (0x4)

.preinit_array  0x08009ae8        0x0
                0x08009ae8                        . = ALIGN (0x4)
                0x08009ae8                        PROVIDE (__preinit_array_start = .)
 *(.preinit_array*)
                0x08009ae8                        PROVIDE (__preinit_array_end = .)
                0x08009ae8                        . = ALIGN (0x4)

.init_array     0x08009ae8        0x4
                0x08009ae8                        . = ALIGN (0x4)
                0x08009ae8                        PROVIDE (__init_array_start = .)
 *(SORT_BY_NAME(.init_array.*))
 *(.init_array*)
 .init_array    0x08009ae8        0x4 C:/ST/STM32CubeIDE_1.19.0/STM32CubeIDE/plugins/com.st.stm32cube.ide.mcu.externaltools.gnu-tools-for-stm32.13.3.rel1.win32_1.0.0.202411081344/tools/bin/../lib/gcc/arm-none-eabi/13.3.1/thumb/v7-m/nofp/crtbegin.o
                0x08009aec                        PROVIDE (__init_array_end = .)
                0x08009aec                        . = ALIGN (0x4)

.fini_array     0x08009aec        0x4
                0x08009aec                        . = ALIGN (0x4)
                [!provide]                        PROVIDE (__fini_array_start = .)
 *(SORT_BY_NAME(.fini_array.*))
 *(.fini_array*)
 .fini_array    0x08009aec        0x4 C:/ST/STM32CubeIDE_1.19.0/STM32CubeIDE/plugins/com.st.stm32cube.ide.mcu.externaltools.gnu-tools-for-stm32.13.3.rel1.win32_1.0.0.202411081344/tools/bin/../lib/gcc/arm-none-eabi/13.3.1/thumb/v7-m/nofp/crtbegin.o
                [!provide]                        PROVIDE (__fini_array_end = .)
                0x08009af0                        . = ALIGN (0x4)
                0x08009af0                        _sidata = LOADADDR (.data)

.rel.dyn        0x08009af0        0x0
 .rel.iplt      0x08009af0        0x0 C:/ST/STM32CubeIDE_1.19.0/STM32CubeIDE/plugins/com.st.stm32cube.ide.mcu.externaltools.gnu-tools-for-stm32.13.3.rel1.win32_1.0.0.202411081344/tools/bin/../lib/gcc/arm-none-eabi/13.3.1/thumb/v7-m/nofp/crtbegin.o

.data           0x20000000      0x204 load address 0x08009af0
                0x20000000                        . = ALIGN (0x4)
                0x20000000                        _sdata = .
 *(.data)
 *(.data*)
 .data.tmo100   0x20000000        0x1 ./Core/Src/main.o
                0x20000000                tmo100
 .data.tmo20ms  0x20000001        0x1 ./Core/Src/main.o
                0x20000001                tmo20ms
 .data.tmo100ms
                0x20000002        0x1 ./Core/Src/main.o
                0x20000002                tmo100ms
 *fill*         0x20000003        0x1 
 .data.heartBeatMask
                0x20000004       0x28 ./Core/Src/main.o
                0x20000004                heartBeatMask
 .data.state.1  0x2000002c        0x1 ./Core/Src/mpu6050.o
 .data.state.1  0x2000002d        0x1 ./Core/Src/ssd1306.o
 *fill*         0x2000002e        0x2 
 .data.SystemCoreClock
                0x20000030        0x4 ./Core/Src/system_stm32f1xx.o
                0x20000030                SystemCoreClock
 .data.uwTickFreq
                0x20000034        0x1 ./Drivers/STM32F1xx_HAL_Driver/Src/stm32f1xx_hal.o
                0x20000034                uwTickFreq
 *fill*         0x20000035        0x3 
 .data.uwTickPrio
                0x20000038        0x4 ./Drivers/STM32F1xx_HAL_Driver/Src/stm32f1xx_hal.o
                0x20000038                uwTickPrio
 .data.USBD_CDC_OtherSpeedCfgDesc
                0x2000003c       0x43 ./Middlewares/ST/STM32_USB_Device_Library/Class/CDC/Src/usbd_cdc.o
                0x2000003c                USBD_CDC_OtherSpeedCfgDesc
 *fill*         0x2000007f        0x1 
 .data.USBD_CDC_CfgFSDesc
                0x20000080       0x43 ./Middlewares/ST/STM32_USB_Device_Library/Class/CDC/Src/usbd_cdc.o
                0x20000080                USBD_CDC_CfgFSDesc
 *fill*         0x200000c3        0x1 
 .data.USBD_CDC_CfgHSDesc
                0x200000c4       0x43 ./Middlewares/ST/STM32_USB_Device_Library/Class/CDC/Src/usbd_cdc.o
                0x200000c4                USBD_CDC_CfgHSDesc
 *fill*         0x20000107        0x1 
 .data.USBD_CDC
                0x20000108       0x38 ./Middlewares/ST/STM32_USB_Device_Library/Class/CDC/Src/usbd_cdc.o
                0x20000108                USBD_CDC
 .data.USBD_CDC_DeviceQualifierDesc
                0x20000140        0xa ./Middlewares/ST/STM32_USB_Device_Library/Class/CDC/Src/usbd_cdc.o
 *fill*         0x2000014a        0x2 
 .data.USBD_Interface_fops_FS
                0x2000014c       0x10 ./USB_DEVICE/App/usbd_cdc_if.o
                0x2000014c                USBD_Interface_fops_FS
 .data.LineCoding
                0x2000015c        0x8 ./USB_DEVICE/App/usbd_cdc_if.o
                0x2000015c                LineCoding
 .data.USBD_StringSerial
                0x20000164       0x1a ./USB_DEVICE/App/usbd_desc.o
                0x20000164                USBD_StringSerial
 *fill*         0x2000017e        0x2 
 .data.USBD_LangIDDesc
                0x20000180        0x4 ./USB_DEVICE/App/usbd_desc.o
                0x20000180                USBD_LangIDDesc
 .data.USBD_FS_DeviceDesc
                0x20000184       0x12 ./USB_DEVICE/App/usbd_desc.o
                0x20000184                USBD_FS_DeviceDesc
 *fill*         0x20000196        0x2 
 .data.FS_Desc  0x20000198       0x1c ./USB_DEVICE/App/usbd_desc.o
                0x20000198                FS_Desc
 .data._impure_ptr
                0x200001b4        0x4 C:/ST/STM32CubeIDE_1.19.0/STM32CubeIDE/plugins/com.st.stm32cube.ide.mcu.externaltools.gnu-tools-for-stm32.13.3.rel1.win32_1.0.0.202411081344/tools/bin/../lib/gcc/arm-none-eabi/13.3.1/../../../../arm-none-eabi/lib/thumb/v7-m/nofp\libc_nano.a(libc_a-impure.o)
                0x200001b4                _impure_ptr
 .data._impure_data
                0x200001b8       0x4c C:/ST/STM32CubeIDE_1.19.0/STM32CubeIDE/plugins/com.st.stm32cube.ide.mcu.externaltools.gnu-tools-for-stm32.13.3.rel1.win32_1.0.0.202411081344/tools/bin/../lib/gcc/arm-none-eabi/13.3.1/../../../../arm-none-eabi/lib/thumb/v7-m/nofp\libc_nano.a(libc_a-impure.o)
                0x200001b8                _impure_data
 *(.RamFunc)
 *(.RamFunc*)
                0x20000204                        . = ALIGN (0x4)
                0x20000204                        _edata = .

.igot.plt       0x20000204        0x0 load address 0x08009cf4
 .igot.plt      0x20000204        0x0 C:/ST/STM32CubeIDE_1.19.0/STM32CubeIDE/plugins/com.st.stm32cube.ide.mcu.externaltools.gnu-tools-for-stm32.13.3.rel1.win32_1.0.0.202411081344/tools/bin/../lib/gcc/arm-none-eabi/13.3.1/thumb/v7-m/nofp/crtbegin.o
                0x20000204                        . = ALIGN (0x4)

.bss            0x20000204     0x1c3c load address 0x08009cf4
                0x20000204                        _sbss = .
                0x20000204                        __bss_start__ = _sbss
 *(.bss)
 .bss           0x20000204       0x1c C:/ST/STM32CubeIDE_1.19.0/STM32CubeIDE/plugins/com.st.stm32cube.ide.mcu.externaltools.gnu-tools-for-stm32.13.3.rel1.win32_1.0.0.202411081344/tools/bin/../lib/gcc/arm-none-eabi/13.3.1/thumb/v7-m/nofp/crtbegin.o
 *(.bss*)
 .bss.j.0       0x20000220        0x1 ./Core/Src/main.o
 .bss.i.1       0x20000221        0x1 ./Core/Src/main.o
 .bss.times.2   0x20000222        0x1 ./Core/Src/main.o
 *fill*         0x20000223        0x1 
 .bss.lPwm      0x20000224        0x4 ./Core/Src/main.o
                0x20000224                lPwm
 .bss.rPwm      0x20000228        0x4 ./Core/Src/main.o
                0x20000228                rPwm
 .bss.i2cIndex  0x2000022c        0x1 ./Core/Src/main.o
                0x2000022c                i2cIndex
 .bss.Pila      0x2000022d       0x10 ./Core/Src/main.o
                0x2000022d                Pila
 *fill*         0x2000023d        0x1 
 .bss.gz        0x2000023e        0x2 ./Core/Src/main.o
                0x2000023e                gz
 .bss.gy        0x20000240        0x2 ./Core/Src/main.o
                0x20000240                gy
 .bss.gx        0x20000242        0x2 ./Core/Src/main.o
                0x20000242                gx
 .bss.az        0x20000244        0x2 ./Core/Src/main.o
                0x20000244                az
 .bss.ay        0x20000246        0x2 ./Core/Src/main.o
                0x20000246                ay
 .bss.ax        0x20000248        0x2 ./Core/Src/main.o
                0x20000248                ax
 .bss.mpu6050_RxCplt
                0x2000024a        0x1 ./Core/Src/main.o
                0x2000024a                mpu6050_RxCplt
 .bss.ssd1306_TxCplt
                0x2000024b        0x1 ./Core/Src/main.o
                0x2000024b                ssd1306_TxCplt
 .bss.myFlags   0x2000024c        0x1 ./Core/Src/main.o
                0x2000024c                myFlags
 *fill*         0x2000024d        0x3 
 .bss.myWord    0x20000250        0x4 ./Core/Src/main.o
                0x20000250                myWord
 .bss.buffUSBRx
                0x20000254      0x100 ./Core/Src/main.o
                0x20000254                buffUSBRx
 .bss.buffUSBTx
                0x20000354      0x100 ./Core/Src/main.o
                0x20000354                buffUSBTx
 .bss.USBRx     0x20000454        0xc ./Core/Src/main.o
                0x20000454                USBRx
 .bss.USBTx     0x20000460        0xc ./Core/Src/main.o
                0x20000460                USBTx
 .bss.adcDataTx
                0x2000046c       0x10 ./Core/Src/main.o
                0x2000046c                adcDataTx
 .bss.time10ms  0x2000047c        0x1 ./Core/Src/main.o
                0x2000047c                time10ms
 *fill*         0x2000047d        0x3 
 .bss.huart1    0x20000480       0x48 ./Core/Src/main.o
                0x20000480                huart1
 .bss.htim3     0x200004c8       0x48 ./Core/Src/main.o
                0x200004c8                htim3
 .bss.htim2     0x20000510       0x48 ./Core/Src/main.o
                0x20000510                htim2
 .bss.htim1     0x20000558       0x48 ./Core/Src/main.o
                0x20000558                htim1
 .bss.hdma_i2c1_tx
                0x200005a0       0x44 ./Core/Src/main.o
                0x200005a0                hdma_i2c1_tx
 .bss.hdma_i2c1_rx
                0x200005e4       0x44 ./Core/Src/main.o
                0x200005e4                hdma_i2c1_rx
 .bss.hi2c1     0x20000628       0x54 ./Core/Src/main.o
                0x20000628                hi2c1
 .bss.hdma_adc1
                0x2000067c       0x44 ./Core/Src/main.o
                0x2000067c                hdma_adc1
 .bss.hadc1     0x200006c0       0x30 ./Core/Src/main.o
                0x200006c0                hadc1
 .bss.Rec_Data.0
                0x200006f0        0xe ./Core/Src/mpu6050.o
 .bss.gz_real   0x200006fe        0x2 ./Core/Src/mpu6050.o
                0x200006fe                gz_real
 .bss.gy_real   0x20000700        0x2 ./Core/Src/mpu6050.o
                0x20000700                gy_real
 .bss.gx_real   0x20000702        0x2 ./Core/Src/mpu6050.o
                0x20000702                gx_real
 .bss.az_real   0x20000704        0x2 ./Core/Src/mpu6050.o
                0x20000704                az_real
 .bss.ay_real   0x20000706        0x2 ./Core/Src/mpu6050.o
                0x20000706                ay_real
 .bss.ax_real   0x20000708        0x2 ./Core/Src/mpu6050.o
                0x20000708                ax_real
 *fill*         0x2000070a        0x2 
 .bss.memReadDMA
                0x2000070c        0x4 ./Core/Src/mpu6050.o
 .bss.memWrite  0x20000710        0x4 ./Core/Src/mpu6050.o
 .bss.mpu6050_RxCplt
                0x20000714        0x4 ./Core/Src/mpu6050.o
 .bss.current_page.0
                0x20000718        0x1 ./Core/Src/ssd1306.o
 *fill*         0x20000719        0x1 
 .bss.SSD1306   0x2000071a        0x6 ./Core/Src/ssd1306.o
 .bss.SSD1306_Buffer
                0x20000720      0x400 ./Core/Src/ssd1306.o
 .bss.memWriteDMA
                0x20000b20        0x4 ./Core/Src/ssd1306.o
 .bss.SSD1306_TxCplt
                0x20000b24        0x4 ./Core/Src/ssd1306.o
 .bss.__sbrk_heap_end
                0x20000b28        0x4 ./Core/Src/sysmem.o
 .bss.header.0  0x20000b2c        0x1 ./Core/Src/unerPrtcl.o
 *fill*         0x20000b2d        0x3 
 .bss.uwTick    0x20000b30        0x4 ./Drivers/STM32F1xx_HAL_Driver/Src/stm32f1xx_hal.o
                0x20000b30                uwTick
 .bss.cfgidx.0  0x20000b34        0x1 ./Middlewares/ST/STM32_USB_Device_Library/Core/Src/usbd_ctlreq.o
 *fill*         0x20000b35        0x3 
 .bss.hUsbDeviceFS
                0x20000b38      0x2c4 ./USB_DEVICE/App/usb_device.o
                0x20000b38                hUsbDeviceFS
 .bss.MyPtrRx   0x20000dfc        0x4 ./USB_DEVICE/App/usbd_cdc_if.o
 .bss.UserTxBufferFS
                0x20000e00      0x400 ./USB_DEVICE/App/usbd_cdc_if.o
                0x20000e00                UserTxBufferFS
 .bss.UserRxBufferFS
                0x20001200      0x400 ./USB_DEVICE/App/usbd_cdc_if.o
                0x20001200                UserRxBufferFS
 .bss.USBD_StrDesc
                0x20001600      0x200 ./USB_DEVICE/App/usbd_desc.o
                0x20001600                USBD_StrDesc
 .bss.mem.0     0x20001800      0x220 ./USB_DEVICE/Target/usbd_conf.o
 .bss.hpcd_USB_FS
                0x20001a20      0x2d8 ./USB_DEVICE/Target/usbd_conf.o
                0x20001a20                hpcd_USB_FS
 .bss.__sf      0x20001cf8      0x138 C:/ST/STM32CubeIDE_1.19.0/STM32CubeIDE/plugins/com.st.stm32cube.ide.mcu.externaltools.gnu-tools-for-stm32.13.3.rel1.win32_1.0.0.202411081344/tools/bin/../lib/gcc/arm-none-eabi/13.3.1/../../../../arm-none-eabi/lib/thumb/v7-m/nofp\libc_nano.a(libc_a-findfp.o)
                0x20001cf8                __sf
 .bss.errno     0x20001e30        0x4 C:/ST/STM32CubeIDE_1.19.0/STM32CubeIDE/plugins/com.st.stm32cube.ide.mcu.externaltools.gnu-tools-for-stm32.13.3.rel1.win32_1.0.0.202411081344/tools/bin/../lib/gcc/arm-none-eabi/13.3.1/../../../../arm-none-eabi/lib/thumb/v7-m/nofp\libc_nano.a(libc_a-reent.o)
                0x20001e30                errno
 .bss.__lock___malloc_recursive_mutex
                0x20001e34        0x1 C:/ST/STM32CubeIDE_1.19.0/STM32CubeIDE/plugins/com.st.stm32cube.ide.mcu.externaltools.gnu-tools-for-stm32.13.3.rel1.win32_1.0.0.202411081344/tools/bin/../lib/gcc/arm-none-eabi/13.3.1/../../../../arm-none-eabi/lib/thumb/v7-m/nofp\libc_nano.a(libc_a-lock.o)
                0x20001e34                __lock___malloc_recursive_mutex
 *fill*         0x20001e35        0x3 
 .bss.__malloc_sbrk_start
                0x20001e38        0x4 C:/ST/STM32CubeIDE_1.19.0/STM32CubeIDE/plugins/com.st.stm32cube.ide.mcu.externaltools.gnu-tools-for-stm32.13.3.rel1.win32_1.0.0.202411081344/tools/bin/../lib/gcc/arm-none-eabi/13.3.1/../../../../arm-none-eabi/lib/thumb/v7-m/nofp\libc_nano.a(libc_a-mallocr.o)
                0x20001e38                __malloc_sbrk_start
 .bss.__malloc_free_list
                0x20001e3c        0x4 C:/ST/STM32CubeIDE_1.19.0/STM32CubeIDE/plugins/com.st.stm32cube.ide.mcu.externaltools.gnu-tools-for-stm32.13.3.rel1.win32_1.0.0.202411081344/tools/bin/../lib/gcc/arm-none-eabi/13.3.1/../../../../arm-none-eabi/lib/thumb/v7-m/nofp\libc_nano.a(libc_a-mallocr.o)
                0x20001e3c                __malloc_free_list
 *(COMMON)
                0x20001e40                        . = ALIGN (0x4)
                0x20001e40                        _ebss = .
                0x20001e40                        __bss_end__ = _ebss

._user_heap_stack
                0x20001e40      0x600 load address 0x08009cf4
                0x20001e40                        . = ALIGN (0x8)
                [!provide]                        PROVIDE (end = .)
                0x20001e40                        PROVIDE (_end = .)
                0x20002040                        . = (. + _Min_Heap_Size)
 *fill*         0x20001e40      0x200 
                0x20002440                        . = (. + _Min_Stack_Size)
 *fill*         0x20002040      0x400 
                0x20002440                        . = ALIGN (0x8)

/DISCARD/
 libc.a(*)
 libm.a(*)
 libgcc.a(*)

.ARM.attributes
                0x00000000       0x29
 *(.ARM.attributes)
 .ARM.attributes
                0x00000000       0x1d C:/ST/STM32CubeIDE_1.19.0/STM32CubeIDE/plugins/com.st.stm32cube.ide.mcu.externaltools.gnu-tools-for-stm32.13.3.rel1.win32_1.0.0.202411081344/tools/bin/../lib/gcc/arm-none-eabi/13.3.1/thumb/v7-m/nofp/crti.o
 .ARM.attributes
                0x0000001d       0x2d C:/ST/STM32CubeIDE_1.19.0/STM32CubeIDE/plugins/com.st.stm32cube.ide.mcu.externaltools.gnu-tools-for-stm32.13.3.rel1.win32_1.0.0.202411081344/tools/bin/../lib/gcc/arm-none-eabi/13.3.1/thumb/v7-m/nofp/crtbegin.o
 .ARM.attributes
                0x0000004a       0x2d ./Core/Src/fonts.o
 .ARM.attributes
                0x00000077       0x2d ./Core/Src/main.o
 .ARM.attributes
                0x000000a4       0x2d ./Core/Src/mpu6050.o
 .ARM.attributes
                0x000000d1       0x2d ./Core/Src/ssd1306.o
 .ARM.attributes
                0x000000fe       0x2d ./Core/Src/stm32f1xx_hal_msp.o
 .ARM.attributes
                0x0000012b       0x2d ./Core/Src/stm32f1xx_it.o
 .ARM.attributes
                0x00000158       0x2d ./Core/Src/sysmem.o
 .ARM.attributes
                0x00000185       0x2d ./Core/Src/system_stm32f1xx.o
 .ARM.attributes
                0x000001b2       0x2d ./Core/Src/unerPrtcl.o
 .ARM.attributes
                0x000001df       0x21 ./Core/Startup/startup_stm32f103c8tx.o
 .ARM.attributes
                0x00000200       0x2d ./Drivers/STM32F1xx_HAL_Driver/Src/stm32f1xx_hal.o
 .ARM.attributes
                0x0000022d       0x2d ./Drivers/STM32F1xx_HAL_Driver/Src/stm32f1xx_hal_adc.o
 .ARM.attributes
                0x0000025a       0x2d ./Drivers/STM32F1xx_HAL_Driver/Src/stm32f1xx_hal_cortex.o
 .ARM.attributes
                0x00000287       0x2d ./Drivers/STM32F1xx_HAL_Driver/Src/stm32f1xx_hal_dma.o
 .ARM.attributes
                0x000002b4       0x2d ./Drivers/STM32F1xx_HAL_Driver/Src/stm32f1xx_hal_gpio.o
 .ARM.attributes
                0x000002e1       0x2d ./Drivers/STM32F1xx_HAL_Driver/Src/stm32f1xx_hal_i2c.o
 .ARM.attributes
                0x0000030e       0x2d ./Drivers/STM32F1xx_HAL_Driver/Src/stm32f1xx_hal_pcd.o
 .ARM.attributes
                0x0000033b       0x2d ./Drivers/STM32F1xx_HAL_Driver/Src/stm32f1xx_hal_pcd_ex.o
 .ARM.attributes
                0x00000368       0x2d ./Drivers/STM32F1xx_HAL_Driver/Src/stm32f1xx_hal_rcc.o
 .ARM.attributes
                0x00000395       0x2d ./Drivers/STM32F1xx_HAL_Driver/Src/stm32f1xx_hal_rcc_ex.o
 .ARM.attributes
                0x000003c2       0x2d ./Drivers/STM32F1xx_HAL_Driver/Src/stm32f1xx_hal_tim.o
 .ARM.attributes
                0x000003ef       0x2d ./Drivers/STM32F1xx_HAL_Driver/Src/stm32f1xx_hal_tim_ex.o
 .ARM.attributes
                0x0000041c       0x2d ./Drivers/STM32F1xx_HAL_Driver/Src/stm32f1xx_hal_uart.o
 .ARM.attributes
                0x00000449       0x2d ./Drivers/STM32F1xx_HAL_Driver/Src/stm32f1xx_ll_usb.o
 .ARM.attributes
                0x00000476       0x2d ./Middlewares/ST/STM32_USB_Device_Library/Class/CDC/Src/usbd_cdc.o
 .ARM.attributes
                0x000004a3       0x2d ./Middlewares/ST/STM32_USB_Device_Library/Core/Src/usbd_core.o
 .ARM.attributes
                0x000004d0       0x2d ./Middlewares/ST/STM32_USB_Device_Library/Core/Src/usbd_ctlreq.o
 .ARM.attributes
                0x000004fd       0x2d ./Middlewares/ST/STM32_USB_Device_Library/Core/Src/usbd_ioreq.o
 .ARM.attributes
                0x0000052a       0x2d ./USB_DEVICE/App/usb_device.o
 .ARM.attributes
                0x00000557       0x2d ./USB_DEVICE/App/usbd_cdc_if.o
 .ARM.attributes
                0x00000584       0x2d ./USB_DEVICE/App/usbd_desc.o
 .ARM.attributes
                0x000005b1       0x2d ./USB_DEVICE/Target/usbd_conf.o
 .ARM.attributes
                0x000005de       0x2d C:/ST/STM32CubeIDE_1.19.0/STM32CubeIDE/plugins/com.st.stm32cube.ide.mcu.externaltools.gnu-tools-for-stm32.13.3.rel1.win32_1.0.0.202411081344/tools/bin/../lib/gcc/arm-none-eabi/13.3.1/../../../../arm-none-eabi/lib/thumb/v7-m/nofp\libc_nano.a(libc_a-findfp.o)
 .ARM.attributes
                0x0000060b       0x2d C:/ST/STM32CubeIDE_1.19.0/STM32CubeIDE/plugins/com.st.stm32cube.ide.mcu.externaltools.gnu-tools-for-stm32.13.3.rel1.win32_1.0.0.202411081344/tools/bin/../lib/gcc/arm-none-eabi/13.3.1/../../../../arm-none-eabi/lib/thumb/v7-m/nofp\libc_nano.a(libc_a-snprintf.o)
 .ARM.attributes
                0x00000638       0x2d C:/ST/STM32CubeIDE_1.19.0/STM32CubeIDE/plugins/com.st.stm32cube.ide.mcu.externaltools.gnu-tools-for-stm32.13.3.rel1.win32_1.0.0.202411081344/tools/bin/../lib/gcc/arm-none-eabi/13.3.1/../../../../arm-none-eabi/lib/thumb/v7-m/nofp\libc_nano.a(libc_a-memset.o)
 .ARM.attributes
                0x00000665       0x2d C:/ST/STM32CubeIDE_1.19.0/STM32CubeIDE/plugins/com.st.stm32cube.ide.mcu.externaltools.gnu-tools-for-stm32.13.3.rel1.win32_1.0.0.202411081344/tools/bin/../lib/gcc/arm-none-eabi/13.3.1/../../../../arm-none-eabi/lib/thumb/v7-m/nofp\libc_nano.a(libc_a-reent.o)
 .ARM.attributes
                0x00000692       0x2d C:/ST/STM32CubeIDE_1.19.0/STM32CubeIDE/plugins/com.st.stm32cube.ide.mcu.externaltools.gnu-tools-for-stm32.13.3.rel1.win32_1.0.0.202411081344/tools/bin/../lib/gcc/arm-none-eabi/13.3.1/../../../../arm-none-eabi/lib/thumb/v7-m/nofp\libc_nano.a(libc_a-impure.o)
 .ARM.attributes
                0x000006bf       0x2d C:/ST/STM32CubeIDE_1.19.0/STM32CubeIDE/plugins/com.st.stm32cube.ide.mcu.externaltools.gnu-tools-for-stm32.13.3.rel1.win32_1.0.0.202411081344/tools/bin/../lib/gcc/arm-none-eabi/13.3.1/../../../../arm-none-eabi/lib/thumb/v7-m/nofp\libc_nano.a(libc_a-errno.o)
 .ARM.attributes
                0x000006ec       0x2d C:/ST/STM32CubeIDE_1.19.0/STM32CubeIDE/plugins/com.st.stm32cube.ide.mcu.externaltools.gnu-tools-for-stm32.13.3.rel1.win32_1.0.0.202411081344/tools/bin/../lib/gcc/arm-none-eabi/13.3.1/../../../../arm-none-eabi/lib/thumb/v7-m/nofp\libc_nano.a(libc_a-init.o)
 .ARM.attributes
                0x00000719       0x2d C:/ST/STM32CubeIDE_1.19.0/STM32CubeIDE/plugins/com.st.stm32cube.ide.mcu.externaltools.gnu-tools-for-stm32.13.3.rel1.win32_1.0.0.202411081344/tools/bin/../lib/gcc/arm-none-eabi/13.3.1/../../../../arm-none-eabi/lib/thumb/v7-m/nofp\libc_nano.a(libc_a-lock.o)
 .ARM.attributes
                0x00000746       0x2d C:/ST/STM32CubeIDE_1.19.0/STM32CubeIDE/plugins/com.st.stm32cube.ide.mcu.externaltools.gnu-tools-for-stm32.13.3.rel1.win32_1.0.0.202411081344/tools/bin/../lib/gcc/arm-none-eabi/13.3.1/../../../../arm-none-eabi/lib/thumb/v7-m/nofp\libc_nano.a(libc_a-strcpy.o)
 .ARM.attributes
                0x00000773       0x2d C:/ST/STM32CubeIDE_1.19.0/STM32CubeIDE/plugins/com.st.stm32cube.ide.mcu.externaltools.gnu-tools-for-stm32.13.3.rel1.win32_1.0.0.202411081344/tools/bin/../lib/gcc/arm-none-eabi/13.3.1/../../../../arm-none-eabi/lib/thumb/v7-m/nofp\libc_nano.a(libc_a-memcpy-stub.o)
 .ARM.attributes
                0x000007a0       0x17 C:/ST/STM32CubeIDE_1.19.0/STM32CubeIDE/plugins/com.st.stm32cube.ide.mcu.externaltools.gnu-tools-for-stm32.13.3.rel1.win32_1.0.0.202411081344/tools/bin/../lib/gcc/arm-none-eabi/13.3.1/../../../../arm-none-eabi/lib/thumb/v7-m/nofp\libc_nano.a(libc_a-strlen.o)
 .ARM.attributes
                0x000007b7       0x2d C:/ST/STM32CubeIDE_1.19.0/STM32CubeIDE/plugins/com.st.stm32cube.ide.mcu.externaltools.gnu-tools-for-stm32.13.3.rel1.win32_1.0.0.202411081344/tools/bin/../lib/gcc/arm-none-eabi/13.3.1/../../../../arm-none-eabi/lib/thumb/v7-m/nofp\libc_nano.a(libc_a-freer.o)
 .ARM.attributes
                0x000007e4       0x2d C:/ST/STM32CubeIDE_1.19.0/STM32CubeIDE/plugins/com.st.stm32cube.ide.mcu.externaltools.gnu-tools-for-stm32.13.3.rel1.win32_1.0.0.202411081344/tools/bin/../lib/gcc/arm-none-eabi/13.3.1/../../../../arm-none-eabi/lib/thumb/v7-m/nofp\libc_nano.a(libc_a-mallocr.o)
 .ARM.attributes
                0x00000811       0x2d C:/ST/STM32CubeIDE_1.19.0/STM32CubeIDE/plugins/com.st.stm32cube.ide.mcu.externaltools.gnu-tools-for-stm32.13.3.rel1.win32_1.0.0.202411081344/tools/bin/../lib/gcc/arm-none-eabi/13.3.1/../../../../arm-none-eabi/lib/thumb/v7-m/nofp\libc_nano.a(libc_a-mlock.o)
 .ARM.attributes
                0x0000083e       0x2d C:/ST/STM32CubeIDE_1.19.0/STM32CubeIDE/plugins/com.st.stm32cube.ide.mcu.externaltools.gnu-tools-for-stm32.13.3.rel1.win32_1.0.0.202411081344/tools/bin/../lib/gcc/arm-none-eabi/13.3.1/../../../../arm-none-eabi/lib/thumb/v7-m/nofp\libc_nano.a(libc_a-nano-svfprintf.o)
 .ARM.attributes