Archive member included to satisfy reference by file (symbol)

C:/ST/STM32CubeIDE_2.1.0/STM32CubeIDE/plugins/com.st.stm32cube.ide.mcu.externaltools.gnu-tools-for-stm32.14.3.rel1.win32_1.0.100.202602081740/tools/bin/../lib/gcc/arm-none-eabi/14.3.1/../../../../arm-none-eabi/lib/thumb/v7-m/nofp\libc_nano.a(libc_a-exit.o)
                              C:/ST/STM32CubeIDE_2.1.0/STM32CubeIDE/plugins/com.st.stm32cube.ide.mcu.externaltools.gnu-tools-for-stm32.14.3.rel1.win32_1.0.100.202602081740/tools/bin/../lib/gcc/arm-none-eabi/14.3.1/../../../../arm-none-eabi/lib/thumb/v7-m/nofp/crt0.o (exit)
C:/ST/STM32CubeIDE_2.1.0/STM32CubeIDE/plugins/com.st.stm32cube.ide.mcu.externaltools.gnu-tools-for-stm32.14.3.rel1.win32_1.0.100.202602081740/tools/bin/../lib/gcc/arm-none-eabi/14.3.1/../../../../arm-none-eabi/lib/thumb/v7-m/nofp\libc_nano.a(libc_a-itoa.o)
                              ./Core/Src/esp01.o (itoa)
C:/ST/STM32CubeIDE_2.1.0/STM32CubeIDE/plugins/com.st.stm32cube.ide.mcu.externaltools.gnu-tools-for-stm32.14.3.rel1.win32_1.0.100.202602081740/tools/bin/../lib/gcc/arm-none-eabi/14.3.1/../../../../arm-none-eabi/lib/thumb/v7-m/nofp\libc_nano.a(libc_a-utoa.o)
                              C:/ST/STM32CubeIDE_2.1.0/STM32CubeIDE/plugins/com.st.stm32cube.ide.mcu.externaltools.gnu-tools-for-stm32.14.3.rel1.win32_1.0.100.202602081740/tools/bin/../lib/gcc/arm-none-eabi/14.3.1/../../../../arm-none-eabi/lib/thumb/v7-m/nofp\libc_nano.a(libc_a-itoa.o) (__utoa)
C:/ST/STM32CubeIDE_2.1.0/STM32CubeIDE/plugins/com.st.stm32cube.ide.mcu.externaltools.gnu-tools-for-stm32.14.3.rel1.win32_1.0.100.202602081740/tools/bin/../lib/gcc/arm-none-eabi/14.3.1/../../../../arm-none-eabi/lib/thumb/v7-m/nofp\libc_nano.a(libc_a-findfp.o)
                              C:/ST/STM32CubeIDE_2.1.0/STM32CubeIDE/plugins/com.st.stm32cube.ide.mcu.externaltools.gnu-tools-for-stm32.14.3.rel1.win32_1.0.100.202602081740/tools/bin/../lib/gcc/arm-none-eabi/14.3.1/../../../../arm-none-eabi/lib/thumb/v7-m/nofp\libc_nano.a(libc_a-exit.o) (__stdio_exit_handler)
C:/ST/STM32CubeIDE_2.1.0/STM32CubeIDE/plugins/com.st.stm32cube.ide.mcu.externaltools.gnu-tools-for-stm32.14.3.rel1.win32_1.0.100.202602081740/tools/bin/../lib/gcc/arm-none-eabi/14.3.1/../../../../arm-none-eabi/lib/thumb/v7-m/nofp\libc_nano.a(libc_a-fwalk.o)
                              C:/ST/STM32CubeIDE_2.1.0/STM32CubeIDE/plugins/com.st.stm32cube.ide.mcu.externaltools.gnu-tools-for-stm32.14.3.rel1.win32_1.0.100.202602081740/tools/bin/../lib/gcc/arm-none-eabi/14.3.1/../../../../arm-none-eabi/lib/thumb/v7-m/nofp\libc_nano.a(libc_a-findfp.o) (_fwalk_sglue)
C:/ST/STM32CubeIDE_2.1.0/STM32CubeIDE/plugins/com.st.stm32cube.ide.mcu.externaltools.gnu-tools-for-stm32.14.3.rel1.win32_1.0.100.202602081740/tools/bin/../lib/gcc/arm-none-eabi/14.3.1/../../../../arm-none-eabi/lib/thumb/v7-m/nofp\libc_nano.a(libc_a-snprintf.o)
                              ./Core/Src/main.o (snprintf)
C:/ST/STM32CubeIDE_2.1.0/STM32CubeIDE/plugins/com.st.stm32cube.ide.mcu.externaltools.gnu-tools-for-stm32.14.3.rel1.win32_1.0.100.202602081740/tools/bin/../lib/gcc/arm-none-eabi/14.3.1/../../../../arm-none-eabi/lib/thumb/v7-m/nofp\libc_nano.a(libc_a-stdio.o)
                              C:/ST/STM32CubeIDE_2.1.0/STM32CubeIDE/plugins/com.st.stm32cube.ide.mcu.externaltools.gnu-tools-for-stm32.14.3.rel1.win32_1.0.100.202602081740/tools/bin/../lib/gcc/arm-none-eabi/14.3.1/../../../../arm-none-eabi/lib/thumb/v7-m/nofp\libc_nano.a(libc_a-findfp.o) (__sread)
C:/ST/STM32CubeIDE_2.1.0/STM32CubeIDE/plugins/com.st.stm32cube.ide.mcu.externaltools.gnu-tools-for-stm32.14.3.rel1.win32_1.0.100.202602081740/tools/bin/../lib/gcc/arm-none-eabi/14.3.1/../../../../arm-none-eabi/lib/thumb/v7-m/nofp\libc_nano.a(libc_a-memset.o)
                              C:/ST/STM32CubeIDE_2.1.0/STM32CubeIDE/plugins/com.st.stm32cube.ide.mcu.externaltools.gnu-tools-for-stm32.14.3.rel1.win32_1.0.100.202602081740/tools/bin/../lib/gcc/arm-none-eabi/14.3.1/../../../../arm-none-eabi/lib/thumb/v7-m/nofp/crt0.o (memset)
C:/ST/STM32CubeIDE_2.1.0/STM32CubeIDE/plugins/com.st.stm32cube.ide.mcu.externaltools.gnu-tools-for-stm32.14.3.rel1.win32_1.0.100.202602081740/tools/bin/../lib/gcc/arm-none-eabi/14.3.1/../../../../arm-none-eabi/lib/thumb/v7-m/nofp\libc_nano.a(libc_a-strncpy.o)
                              ./Core/Src/esp01.o (strncpy)
C:/ST/STM32CubeIDE_2.1.0/STM32CubeIDE/plugins/com.st.stm32cube.ide.mcu.externaltools.gnu-tools-for-stm32.14.3.rel1.win32_1.0.100.202602081740/tools/bin/../lib/gcc/arm-none-eabi/14.3.1/../../../../arm-none-eabi/lib/thumb/v7-m/nofp\libc_nano.a(libc_a-strstr.o)
                              ./Core/Src/main.o (strstr)
C:/ST/STM32CubeIDE_2.1.0/STM32CubeIDE/plugins/com.st.stm32cube.ide.mcu.externaltools.gnu-tools-for-stm32.14.3.rel1.win32_1.0.100.202602081740/tools/bin/../lib/gcc/arm-none-eabi/14.3.1/../../../../arm-none-eabi/lib/thumb/v7-m/nofp\libc_nano.a(libc_a-closer.o)
[...]
Memory Configuration

Name             Origin             Length             Attributes
RAM              0x20000000         0x00005000         xrw
FLASH            0x08000000         0x00010000         xr
*default*        0x00000000         0xffffffff

Linker script and memory map

LOAD C:/ST/STM32CubeIDE_2.1.0/STM32CubeIDE/plugins/com.st.stm32cube.ide.mcu.externaltools.gnu-tools-for-stm32.14.3.rel1.win32_1.0.100.202602081740/tools/bin/../lib/gcc/arm-none-eabi/14.3.1/thumb/v7-m/nofp/crti.o
LOAD C:/ST/STM32CubeIDE_2.1.0/STM32CubeIDE/plugins/com.st.stm32cube.ide.mcu.externaltools.gnu-tools-for-stm32.14.3.rel1.win32_1.0.100.202602081740/tools/bin/../lib/gcc/arm-none-eabi/14.3.1/thumb/v7-m/nofp/crtbegin.o
LOAD C:/ST/STM32CubeIDE_2.1.0/STM32CubeIDE/plugins/com.st.stm32cube.ide.mcu.externaltools.gnu-tools-for-stm32.14.3.rel1.win32_1.0.100.202602081740/tools/bin/../lib/gcc/arm-none-eabi/14.3.1/../../../../arm-none-eabi/lib/thumb/v7-m/nofp/crt0.o
LOAD ./Core/Src/esp01.o
LOAD ./Core/Src/fonts.o
LOAD ./Core/Src/main.o
LOAD ./Core/Src/mpu6050.o
LOAD ./Core/Src/ssd1306.o
LOAD ./Core/Src/stm32f1xx_hal_msp.o
LOAD ./Core/Src/stm32f1xx_it.o
LOAD ./Core/Src/syscalls.o
LOAD ./Core/Src/sysmem.o
LOAD ./Core/Src/system_stm32f1xx.o
LOAD ./Core/Src/unerPrtcl.o
LOAD ./Core/Src/wiregfx.o
LOAD ./Core/Startup/startup_stm32f103c8tx.o
LOAD ./Drivers/STM32F1xx_HAL_Driver/Src/stm32f1xx_hal.o
LOAD ./Drivers/STM32F1xx_HAL_Driver/Src/stm32f1xx_hal_adc.o
LOAD ./Drivers/STM32F1xx_HAL_Driver/Src/stm32f1xx_hal_adc_ex.o
LOAD ./Drivers/STM32F1xx_HAL_Driver/Src/stm32f1xx_hal_cortex.o
LOAD ./Drivers/STM32F1xx_HAL_Driver/Src/stm32f1xx_hal_dma.o
LOAD ./Drivers/STM32F1xx_HAL_Driver/Src/stm32f1xx_hal_exti.o
LOAD ./Drivers/STM32F1xx_HAL_Driver/Src/stm32f1xx_hal_flash.o
LOAD ./Drivers/STM32F1xx_HAL_Driver/Src/stm32f1xx_hal_flash_ex.o
LOAD ./Drivers/STM32F1xx_HAL_Driver/Src/stm32f1xx_hal_gpio.o
LOAD ./Drivers/STM32F1xx_HAL_Driver/Src/stm32f1xx_hal_gpio_ex.o
LOAD ./Drivers/STM32F1xx_HAL_Driver/Src/stm32f1xx_hal_i2c.o
LOAD ./Drivers/STM32F1xx_HAL_Driver/Src/stm32f1xx_hal_pcd.o
LOAD ./Drivers/STM32F1xx_HAL_Driver/Src/stm32f1xx_hal_pcd_ex.o
LOAD ./Drivers/STM32F1xx_HAL_Driver/Src/stm32f1xx_hal_pwr.o
LOAD ./Drivers/STM32F1xx_HAL_Driver/Src/stm32f1xx_hal_rcc.o
LOAD ./Drivers/STM32F1xx_HAL_Driver/Src/stm32f1xx_hal_rcc_ex.o
LOAD ./Drivers/STM32F1xx_HAL_Driver/Src/stm32f1xx_hal_tim.o
LOAD ./Drivers/STM32F1xx_HAL_Driver/Src/stm32f1xx_hal_tim_ex.o
LOAD ./Drivers/STM32F1xx_HAL_Driver/Src/stm32f1xx_hal_uart.o
LOAD ./Drivers/STM32F1xx_HAL_Driver/Src/stm32f1xx_ll_usb.o
LOAD ./Middlewares/ST/STM32_USB_Device_Library/Class/CDC/Src/usbd_cdc.o
LOAD ./Middlewares/ST/STM32_USB_Device_Library/Core/Src/usbd_core.o
LOAD ./Middlewares/ST/STM32_USB_Device_Library/Core/Src/usbd_ctlreq.o
LOAD ./Middlewares/ST/STM32_USB_Device_Library/Core/Src/usbd_ioreq.o
LOAD ./USB_DEVICE/App/usb_device.o
LOAD ./USB_DEVICE/App/usbd_cdc_if.o
LOAD ./USB_DEVICE/App/usbd_desc.o
LOAD ./USB_DEVICE/Target/usbd_conf.o
START GROUP
LOAD C:/ST/STM32CubeIDE_2.1.0/STM32CubeIDE/plugins/com.st.stm32cube.ide.mcu.externaltools.gnu-tools-for-stm32.14.3.rel1.win32_1.0.100.202602081740/tools/bin/../lib/gcc/arm-none-eabi/14.3.1/../../../../arm-none-eabi/lib/thumb/v7-m/nofp\libc_nano.a
LOAD C:/ST/STM32CubeIDE_2.1.0/STM32CubeIDE/plugins/com.st.stm32cube.ide.mcu.externaltools.gnu-tools-for-stm32.14.3.rel1.win32_1.0.100.202602081740/tools/bin/../lib/gcc/arm-none-eabi/14.3.1/../../../../arm-none-eabi/lib/thumb/v7-m/nofp\libm.a
END GROUP
START GROUP
LOAD C:/ST/STM32CubeIDE_2.1.0/STM32CubeIDE/plugins/com.st.stm32cube.ide.mcu.externaltools.gnu-tools-for-stm32.14.3.rel1.win32_1.0.100.202602081740/tools/bin/../lib/gcc/arm-none-eabi/14.3.1/thumb/v7-m/nofp\libgcc.a
LOAD C:/ST/STM32CubeIDE_2.1.0/STM32CubeIDE/plugins/com.st.stm32cube.ide.mcu.externaltools.gnu-tools-for-stm32.14.3.rel1.win32_1.0.100.202602081740/tools/bin/../lib/gcc/arm-none-eabi/14.3.1/../../../../arm-none-eabi/lib/thumb/v7-m/nofp\libc_nano.a
END GROUP
START GROUP
LOAD C:/ST/STM32CubeIDE_2.1.0/STM32CubeIDE/plugins/com.st.stm32cube.ide.mcu.externaltools.gnu-tools-for-stm32.14.3.rel1.win32_1.0.100.202602081740/tools/bin/../lib/gcc/arm-none-eabi/14.3.1/thumb/v7-m/nofp\libgcc.a
LOAD C:/ST/STM32CubeIDE_2.1.0/STM32CubeIDE/plugins/com.st.stm32cube.ide.mcu.externaltools.gnu-tools-for-stm32.14.3.rel1.win32_1.0.100.202602081740/tools/bin/../lib/gcc/arm-none-eabi/14.3.1/../../../../arm-none-eabi/lib/thumb/v7-m/nofp\libc_nano.a
LOAD C:/ST/STM32CubeIDE_2.1.0/STM32CubeIDE/plugins/com.st.stm32cube.ide.mcu.externaltools.gnu-tools-for-stm32.14.3.rel1.win32_1.0.100.202602081740/tools/bin/../lib/gcc/arm-none-eabi/14.3.1/../../../../arm-none-eabi/lib/thumb/v7-m/nofp\libnosys.a
END GROUP
START GROUP
LOAD C:/ST/STM32CubeIDE_2.1.0/STM32CubeIDE/plugins/com.st.stm32cube.ide.mcu.externaltools.gnu-tools-for-stm32.14.3.rel1.win32_1.0.100.202602081740/tools/bin/../lib/gcc/arm-none-eabi/14.3.1/thumb/v7-m/nofp\libgcc.a
LOAD C:/ST/STM32CubeIDE_2.1.0/STM32CubeIDE/plugins/com.st.stm32cube.ide.mcu.externaltools.gnu-tools-for-stm32.14.3.rel1.win32_1.0.100.202602081740/tools/bin/../lib/gcc/arm-none-eabi/14.3.1/../../../../arm-none-eabi/lib/thumb/v7-m/nofp\libc_nano.a
LOAD C:/ST/STM32CubeIDE_2.1.0/STM32CubeIDE/plugins/com.st.stm32cube.ide.mcu.externaltools.gnu-tools-for-stm32.14.3.rel1.win32_1.0.100.202602081740/tools/bin/../lib/gcc/arm-none-eabi/14.3.1/../../../../arm-none-eabi/lib/thumb/v7-m/nofp\libnosys.a
END GROUP
LOAD C:/ST/STM32CubeIDE_2.1.0/STM32CubeIDE/plugins/com.st.stm32cube.ide.mcu.externaltools.gnu-tools-for-stm32.14.3.rel1.win32_1.0.100.202602081740/tools/bin/../lib/gcc/arm-none-eabi/14.3.1/thumb/v7-m/nofp/crtend.o
LOAD C:/ST/STM32CubeIDE_2.1.0/STM32CubeIDE/plugins/com.st.stm32cube.ide.mcu.externaltools.gnu-tools-for-stm32.14.3.rel1.win32_1.0.100.202602081740/tools/bin/../lib/gcc/arm-none-eabi/14.3.1/thumb/v7-m/nofp/crtn.o
                0x20005000                        _estack = (ORIGIN (RAM) + LENGTH (RAM))
                0x00000200                        _Min_Heap_Size = 0x200
                0x00000400                        _Min_Stack_Size = 0x400

.isr_vector     0x08000000      0x10c
                0x08000000                        . = ALIGN (0x4)
 *(.isr_vector)
 .isr_vector    0x08000000      0x10c ./Core/Startup/startup_stm32f103c8tx.o
                0x08000000                g_pfnVectors
                0x0800010c                        . = ALIGN (0x4)

.text           0x08000110     0xb630
                0x08000110                        . = ALIGN (0x4)
 *(.text)
 .text          0x08000110       0x40 C:/ST/STM32CubeIDE_2.1.0/STM32CubeIDE/plugins/com.st.stm32cube.ide.mcu.externaltools.gnu-tools-for-stm32.14.3.rel1.win32_1.0.100.202602081740/tools/bin/../lib/gcc/arm-none-eabi/14.3.1/thumb/v7-m/nofp/crtbegin.o
 .text          0x08000150       0x10 C:/ST/STM32CubeIDE_2.1.0/STM32CubeIDE/plugins/com.st.stm32cube.ide.mcu.externaltools.gnu-tools-for-stm32.14.3.rel1.win32_1.0.100.202602081740/tools/bin/../lib/gcc/arm-none-eabi/14.3.1/../../../../arm-none-eabi/lib/thumb/v7-m/nofp\libc_nano.a(libc_a-strlen.o)
                0x08000150                strlen
 .text          0x08000160       0xa0 C:/ST/STM32CubeIDE_2.1.0/STM32CubeIDE/plugins/com.st.stm32cube.ide.mcu.externaltools.gnu-tools-for-stm32.14.3.rel1.win32_1.0.100.202602081740/tools/bin/../lib/gcc/arm-none-eabi/14.3.1/thumb/v7-m/nofp\libgcc.a(_aeabi_ldivmod.o)
                0x08000160                __aeabi_ldivmod
 .text          0x08000200      0x2f4 C:/ST/STM32CubeIDE_2.1.0/STM32CubeIDE/plugins/com.st.stm32cube.ide.mcu.externaltools.gnu-tools-for-stm32.14.3.rel1.win32_1.0.100.202602081740/tools/bin/../lib/gcc/arm-none-eabi/14.3.1/thumb/v7-m/nofp\libgcc.a(_udivmoddi4.o)
                0x08000200                __udivmoddi4
 .text          0x080004f4        0x4 C:/ST/STM32CubeIDE_2.1.0/STM32CubeIDE/plugins/com.st.stm32cube.ide.mcu.externaltools.gnu-tools-for-stm32.14.3.rel1.win32_1.0.100.202602081740/tools/bin/../lib/gcc/arm-none-eabi/14.3.1/thumb/v7-m/nofp\libgcc.a(_dvmd_tls.o)
                0x080004f4                __aeabi_idiv0
                0x080004f4                __aeabi_ldiv0
 *(.text*)
 .text.ESP01StrToBufTX
                0x080004f8       0x34 ./Core/Src/esp01.o
 .text.ESP01ByteToBufTX
                0x0800052c       0x28 ./Core/Src/esp01.o
 .text.ESP01_SetWIFI
                0x08000554       0x5c ./Core/Src/esp01.o
                0x08000554                ESP01_SetWIFI
 .text.ESP01_GetLastConnID
                0x080005b0        0xc ./Core/Src/esp01.o
                0x080005b0                ESP01_GetLastConnID
 .text.ESP01_StartUDP
                0x080005bc       0x8c ./Core/Src/esp01.o
                0x080005bc                ESP01_StartUDP
 .text.ESP01_StateUDPTCP
                0x08000648       0x24 ./Core/Src/esp01.o
                0x08000648                ESP01_StateUDPTCP
 .text.ESP01_WriteRX
                0x0800066c       0x28 ./Core/Src/esp01.o
                0x0800066c                ESP01_WriteRX
 .text.ESP01_Send
                0x08000694      0x128 ./Core/Src/esp01.o
                0x08000694                ESP01_Send
 .text.ESP01_Init
                0x080007bc       0x70 ./Core/Src/esp01.o
                0x080007bc                ESP01_Init
 .text.ESP01_Timeout10ms
                0x0800082c       0x68 ./Core/Src/esp01.o
                0x0800082c                ESP01_Timeout10ms
 .text.ESP01_Task
                0x08000894      0x964 ./Core/Src/esp01.o
                0x08000894                ESP01_Task
 .text.ESP01_AttachChangeState
                0x080011f8        0xc ./Core/Src/esp01.o
                0x080011f8                ESP01_AttachChangeState
 .text.ESP01_AttachDebugStr
                0x08001204        0xc ./Core/Src/esp01.o
                0x08001204                ESP01_AttachDebugStr
 .text.USBRxData
                0x08001210       0x2c ./Core/Src/main.o
                0x08001210                USBRxData
 .text.CHPD_Control
                0x0800123c       0x14 ./Core/Src/main.o
                0x0800123c                CHPD_Control
 .text.displayMemWrite
                0x08001250       0x24 ./Core/Src/main.o
                0x08001250                displayMemWrite
 .text.mpuMemWrite
                0x08001274        0x4 ./Core/Src/main.o
                0x08001274                mpuMemWrite
 .text.displayMemWriteDMA
                0x08001278       0x1c ./Core/Src/main.o
                0x08001278                displayMemWriteDMA
 .text.mpuMemReadDMA
                0x08001294       0x1c ./Core/Src/main.o
                0x08001294                mpuMemReadDMA
 .text.USART_SendByte
                0x080012b0       0x20 ./Core/Src/main.o
                0x080012b0                USART_SendByte
 .text.DebugESP01_To_USB
                0x080012d0       0x14 ./Core/Src/main.o
                0x080012d0                DebugESP01_To_USB
 .text.WiFi_Data_Callback
                0x080012e4       0x6c ./Core/Src/main.o
                0x080012e4                WiFi_Data_Callback
 .text.OnESP01ChangeState
                0x08001350       0x88 ./Core/Src/main.o
                0x08001350                OnESP01ChangeState
 .text.LUT_Interpolate.constprop.0
                0x080013d8       0x50 ./Core/Src/main.o
 .text.HAL_ADC_ConvCpltCallback
                0x08001428       0x20 ./Core/Src/main.o
                0x08001428                HAL_ADC_ConvCpltCallback
 .text.HAL_I2C_MemTxCpltCallback
                0x08001448        0xc ./Core/Src/main.o
                0x08001448                HAL_I2C_MemTxCpltCallback
 .text.HAL_I2C_MemRxCpltCallback
                0x08001454        0xc ./Core/Src/main.o
                0x08001454                HAL_I2C_MemRxCpltCallback
 .text.HAL_TIM_PeriodElapsedCallback
                0x08001460       0xc0 ./Core/Src/main.o
                0x08001460                HAL_TIM_PeriodElapsedCallback
 .text.decodeCommand
                0x08001520      0xdf4 ./Core/Src/main.o
                0x08001520                decodeCommand
 .text.COMMTask
                0x08002314       0x78 ./Core/Src/main.o
                0x08002314                COMMTask
 .text.heartBeatTask
                0x0800238c       0x48 ./Core/Src/main.o
                0x0800238c                heartBeatTask
 .text.ssd1306Data
                0x080023d4      0x3c8 ./Core/Src/main.o
                0x080023d4                ssd1306Data
 .text.i2cTask  0x0800279c      0x140 ./Core/Src/main.o
                0x0800279c                i2cTask
 .text.PWM_Control
                0x080028dc       0x34 ./Core/Src/main.o
                0x080028dc                PWM_Control
 .text.sendHTMLForm
                0x08002910       0x40 ./Core/Src/main.o
                0x08002910                sendHTMLForm
 .text.sendHTTPOKPage
                0x08002950       0x3c ./Core/Src/main.o
                0x08002950                sendHTTPOKPage
 .text.parseHTTPGetParams
                0x0800298c       0xf4 ./Core/Src/main.o
                0x0800298c                parseHTTPGetParams
 .text.httpTask
                0x08002a80       0xf8 ./Core/Src/main.o
                0x08002a80                httpTask
 .text.initButton
                0x08002b78       0x10 ./Core/Src/main.o
                0x08002b78                initButton
 .text.updateMefTask
                0x08002b88       0x48 ./Core/Src/main.o
                0x08002b88                updateMefTask
 .text.buttonTimeout10ms
                0x08002bd0       0x90 ./Core/Src/main.o
                0x08002bd0                buttonTimeout10ms
 .text.do10ms   0x08002c60      0x134 ./Core/Src/main.o
                0x08002c60                do10ms
 .text.buttonTask
                0x08002d94      0x118 ./Core/Src/main.o
                0x08002d94                buttonTask
 .text.NormalizeLineSensors
                0x08002eac       0x40 ./Core/Src/main.o
                0x08002eac                NormalizeLineSensors
 .text.HandleModeScreenTransition
                0x08002eec      0x100 ./Core/Src/main.o
                0x08002eec                HandleModeScreenTransition
 .text.SystemClock_Config
                0x08002fec       0x82 ./Core/Src/main.o
                0x08002fec                SystemClock_Config
 *fill*         0x0800306e        0x2 
 .text.HAL_UART_RxCpltCallback
                0x08003070       0x30 ./Core/Src/main.o
                0x08003070                HAL_UART_RxCpltCallback
 .text.HAL_UART_ErrorCallback
                0x080030a0       0x2c ./Core/Src/main.o
                0x080030a0                HAL_UART_ErrorCallback
 *fill*         0x080030cc        0x4 
 .text.Speed_IntegrationTask
                0x080030d0      0x290 ./Core/Src/main.o
                0x080030d0                Speed_IntegrationTask
 .text.PID_ControlTask
                0x08003360      0x840 ./Core/Src/main.o
                0x08003360                PID_ControlTask
 .text.startup.main
                0x08003ba0      0x670 ./Core/Src/main.o
                0x08003ba0                main
 .text.Error_Handler
                0x08004210        0x4 ./Core/Src/main.o
                0x08004210                Error_Handler
 .text.mpu6050_ADC_ConfCpltCallback
                0x08004214        0xc ./Core/Src/mpu6050.o
                0x08004214                mpu6050_ADC_ConfCpltCallback
 .text.mpu6050_Attach_MemWrite
                0x08004220        0xc ./Core/Src/mpu6050.o
                0x08004220                mpu6050_Attach_MemWrite
 .text.mpu6050_Attach_MemReadDMA
                0x0800422c        0xc ./Core/Src/mpu6050.o
                0x0800422c                mpu6050_Attach_MemReadDMA
 .text.mpu6050_WriteData
                0x08004238       0x18 ./Core/Src/mpu6050.o
                0x08004238                mpu6050_WriteData
 .text.mpu6050_ReadDataDMA
                0x08004250       0x18 ./Core/Src/mpu6050.o
                0x08004250                mpu6050_ReadDataDMA
 .text.mpu6050_Init
                0x08004268       0x4e ./Core/Src/mpu6050.o
                0x08004268                mpu6050_Init
 *fill*         0x080042b6        0x2 
 .text.mpu6050_Reset_State
                0x080042b8       0x1c ./Core/Src/mpu6050.o
                0x080042b8                mpu6050_Reset_State
 .text.mpu6050_Read
                0x080042d4       0x90 ./Core/Src/mpu6050.o
                0x080042d4                mpu6050_Read
 .text.mpu6050_GetData
                0x08004364       0x50 ./Core/Src/mpu6050.o
                0x08004364                mpu6050_GetData
 .text.ssd1306_WriteCommand
                0x080043b4       0x20 ./Core/Src/ssd1306.o
                0x080043b4                ssd1306_WriteCommand
 .text.ssd1306_WriteCommandDMA
                0x080043d4       0x20 ./Core/Src/ssd1306.o
                0x080043d4                ssd1306_WriteCommandDMA
 .text.ssd1306_WriteData
                0x080043f4       0x18 ./Core/Src/ssd1306.o
                0x080043f4                ssd1306_WriteData
 .text.ssd1306_WriteDataDMA
                0x0800440c       0x18 ./Core/Src/ssd1306.o
                0x0800440c                ssd1306_WriteDataDMA
 .text.ssd1306_Attach_MemWriteDMA
                0x08004424        0xc ./Core/Src/ssd1306.o
                0x08004424                ssd1306_Attach_MemWriteDMA
 .text.ssd1306_Attach_MemWrite
                0x08004430        0xc ./Core/Src/ssd1306.o
                0x08004430                ssd1306_Attach_MemWrite
 .text.ssd1306_ADC_ConfCpltCallback
                0x0800443c        0xc ./Core/Src/ssd1306.o
                0x0800443c                ssd1306_ADC_ConfCpltCallback
 .text.ssd1306_Fill
                0x08004448       0x18 ./Core/Src/ssd1306.o
                0x08004448                ssd1306_Fill
 .text.ssd1306_UpdateScreen
                0x08004460       0x34 ./Core/Src/ssd1306.o
                0x08004460                ssd1306_UpdateScreen
 .text.ssd1306_UpdateScreenDMA
                0x08004494       0x84 ./Core/Src/ssd1306.o
                0x08004494                ssd1306_UpdateScreenDMA
 .text.ssd1306_ResetDMAState
                0x08004518       0x24 ./Core/Src/ssd1306.o
                0x08004518                ssd1306_ResetDMAState
 .text.ssd1306_DrawPixel
                0x0800453c       0x30 ./Core/Src/ssd1306.o
                0x0800453c                ssd1306_DrawPixel
 .text.ssd1306_WriteChar
                0x0800456c       0xb8 ./Core/Src/ssd1306.o
                0x0800456c                ssd1306_WriteChar
 .text.ssd1306_WriteString
                0x08004624       0x2c ./Core/Src/ssd1306.o
                0x08004624                ssd1306_WriteString
 .text.ssd1306_SetCursor
                0x08004650        0xc ./Core/Src/ssd1306.o
                0x08004650                ssd1306_SetCursor
 .text.ssd1306_Line
                0x0800465c       0x8c ./Core/Src/ssd1306.o
                0x0800465c                ssd1306_Line
 .text.ssd1306_FillRectangle
                0x080046e8       0x54 ./Core/Src/ssd1306.o
                0x080046e8                ssd1306_FillRectangle
 .text.ssd1306_SetContrast
                0x0800473c       0x14 ./Core/Src/ssd1306.o
                0x0800473c                ssd1306_SetContrast
 .text.ssd1306_SetDisplayOn
                0x08004750       0x18 ./Core/Src/ssd1306.o
                0x08004750                ssd1306_SetDisplayOn
 .text.ssd1306_Init
                0x08004768       0xc8 ./Core/Src/ssd1306.o
                0x08004768                ssd1306_Init
 .text.HAL_MspInit
                0x08004830       0x44 ./Core/Src/stm32f1xx_hal_msp.o
                0x08004830                HAL_MspInit
 .text.HAL_ADC_MspInit
                0x08004874       0xa4 ./Core/Src/stm32f1xx_hal_msp.o
                0x08004874                HAL_ADC_MspInit
 .text.HAL_I2C_MspInit
                0x08004918       0xe8 ./Core/Src/stm32f1xx_hal_msp.o
                0x08004918                HAL_I2C_MspInit
 .text.HAL_I2C_MspDeInit
                0x08004a00       0x54 ./Core/Src/stm32f1xx_hal_msp.o
                0x08004a00                HAL_I2C_MspDeInit
 .text.HAL_TIM_Base_MspInit
                0x08004a54       0xf4 ./Core/Src/stm32f1xx_hal_msp.o
                0x08004a54                HAL_TIM_Base_MspInit
 .text.HAL_TIM_MspPostInit
                0x08004b48       0x64 ./Core/Src/stm32f1xx_hal_msp.o
                0x08004b48                HAL_TIM_MspPostInit
 .text.HAL_UART_MspInit
                0x08004bac       0x88 ./Core/Src/stm32f1xx_hal_msp.o
                0x08004bac                HAL_UART_MspInit
 .text.NMI_Handler
                0x08004c34        0x2 ./Core/Src/stm32f1xx_it.o
                0x08004c34                NMI_Handler
 .text.HardFault_Handler
                0x08004c36        0x2 ./Core/Src/stm32f1xx_it.o
                0x08004c36                HardFault_Handler
 .text.MemManage_Handler
                0x08004c38        0x2 ./Core/Src/stm32f1xx_it.o
                0x08004c38                MemManage_Handler
 .text.BusFault_Handler
                0x08004c3a        0x2 ./Core/Src/stm32f1xx_it.o
                0x08004c3a                BusFault_Handler
 .text.UsageFault_Handler
                0x08004c3c        0x2 ./Core/Src/stm32f1xx_it.o
                0x08004c3c                UsageFault_Handler
 .text.SVC_Handler
                0x08004c3e        0x2 ./Core/Src/stm32f1xx_it.o
                0x08004c3e                SVC_Handler
 .text.DebugMon_Handler
                0x08004c40        0x2 ./Core/Src/stm32f1xx_it.o
                0x08004c40                DebugMon_Handler
 .text.PendSV_Handler
                0x08004c42        0x2 ./Core/Src/stm32f1xx_it.o
                0x08004c42                PendSV_Handler
 .text.SysTick_Handler
                0x08004c44        0x4 ./Core/Src/stm32f1xx_it.o
                0x08004c44                SysTick_Handler
 .text.DMA1_Channel1_IRQHandler
                0x08004c48        0xc ./Core/Src/stm32f1xx_it.o
                0x08004c48                DMA1_Channel1_IRQHandler
 .text.DMA1_Channel4_IRQHandler
                0x08004c54        0xc ./Core/Src/stm32f1xx_it.o
                0x08004c54                DMA1_Channel4_IRQHandler
 .text.DMA1_Channel5_IRQHandler
                0x08004c60        0xc ./Core/Src/stm32f1xx_it.o
                0x08004c60                DMA1_Channel5_IRQHandler
 .text.ADC1_2_IRQHandler
                0x08004c6c        0xc ./Core/Src/stm32f1xx_it.o
                0x08004c6c                ADC1_2_IRQHandler
 .text.USB_HP_CAN1_TX_IRQHandler
                0x08004c78        0xc ./Core/Src/stm32f1xx_it.o
                0x08004c78                USB_HP_CAN1_TX_IRQHandler
 .text.USB_LP_CAN1_RX0_IRQHandler
                0x08004c84        0x4 ./Core/Src/stm32f1xx_it.o
                0x08004c84                USB_LP_CAN1_RX0_IRQHandler
 .text.TIM1_BRK_IRQHandler
                0x08004c88        0xc ./Core/Src/stm32f1xx_it.o
                0x08004c88                TIM1_BRK_IRQHandler
 .text.TIM1_UP_IRQHandler
                0x08004c94        0x4 ./Core/Src/stm32f1xx_it.o
                0x08004c94                TIM1_UP_IRQHandler
 .text.TIM1_TRG_COM_IRQHandler
                0x08004c98        0x4 ./Core/Src/stm32f1xx_it.o
                0x08004c98                TIM1_TRG_COM_IRQHandler
 .text.TIM1_CC_IRQHandler
                0x08004c9c        0x4 ./Core/Src/stm32f1xx_it.o
                0x08004c9c                TIM1_CC_IRQHandler
 .text.TIM2_IRQHandler
                0x08004ca0        0xc ./Core/Src/stm32f1xx_it.o
                0x08004ca0                TIM2_IRQHandler
 .text.TIM3_IRQHandler
                0x08004cac        0xc ./Core/Src/stm32f1xx_it.o
                0x08004cac                TIM3_IRQHandler
 .text.TIM4_IRQHandler
                0x08004cb8        0xc ./Core/Src/stm32f1xx_it.o
                0x08004cb8                TIM4_IRQHandler
 .text.I2C2_EV_IRQHandler
                0x08004cc4        0xc ./Core/Src/stm32f1xx_it.o
                0x08004cc4                I2C2_EV_IRQHandler
 .text.I2C2_ER_IRQHandler
                0x08004cd0        0xc ./Core/Src/stm32f1xx_it.o
                0x08004cd0                I2C2_ER_IRQHandler
 .text.USART1_IRQHandler
                0x08004cdc        0xc ./Core/Src/stm32f1xx_it.o
                0x08004cdc                USART1_IRQHandler
 .text._sbrk    0x08004ce8       0x3c ./Core/Src/sysmem.o
                0x08004ce8                _sbrk
 .text.SystemInit
                0x08004d24        0x2 ./Core/Src/system_stm32f1xx.o
                0x08004d24                SystemInit
 .text.unerPrtcl_PutHeaderOnTx
                0x08004d26       0x90 ./Core/Src/unerPrtcl.o
                0x08004d26                unerPrtcl_PutHeaderOnTx
 .text.unerPrtcl_PutByteOnTx
                0x08004db6       0x26 ./Core/Src/unerPrtcl.o
                0x08004db6                unerPrtcl_PutByteOnTx
 .text.unerPrtcl_PutStrOntx
                0x08004ddc       0x4a ./Core/Src/unerPrtcl.o
                0x08004ddc                unerPrtcl_PutStrOntx
 .text.unerPrtcl_GetByteFromRx
                0x08004e26       0x1a ./Core/Src/unerPrtcl.o
                0x08004e26                unerPrtcl_GetByteFromRx
 .text.unerPrtcl_DecodeHeader
                0x08004e40       0xbe ./Core/Src/unerPrtcl.o
                0x08004e40                unerPrtcl_DecodeHeader
 .text.unerPrtcl_Init
                0x08004efe       0x1a ./Core/Src/unerPrtcl.o
                0x08004efe                unerPrtcl_Init
 .text.Reset_Handler
                0x08004f18       0x48 ./Core/Startup/startup_stm32f103c8tx.o
                0x08004f18                Reset_Handler
 .text.Default_Handler
                0x08004f60        0x2 ./Core/Startup/startup_stm32f103c8tx.o
                0x08004f60                RTC_Alarm_IRQHandler
                0x08004f60                EXTI2_IRQHandler
                0x08004f60                PVD_IRQHandler
                0x08004f60                EXTI3_IRQHandler
                0x08004f60                EXTI0_IRQHandler
                0x08004f60                SPI1_IRQHandler
                0x08004f60                TAMPER_IRQHandler
                0x08004f60                USART3_IRQHandler
                0x08004f60                RTC_IRQHandler
                0x08004f60                DMA1_Channel7_IRQHandler
                0x08004f60                CAN1_RX1_IRQHandler
                0x08004f60                I2C1_EV_IRQHandler
                0x08004f60                DMA1_Channel6_IRQHandler
                0x08004f60                RCC_IRQHandler
                0x08004f60                Default_Handler
                0x08004f60                EXTI15_10_IRQHandler
                0x08004f60                EXTI9_5_IRQHandler
                0x08004f60                SPI2_IRQHandler
                0x08004f60                EXTI4_IRQHandler
                0x08004f60                DMA1_Channel3_IRQHandler
                0x08004f60                WWDG_IRQHandler
                0x08004f60                EXTI1_IRQHandler
                0x08004f60                USART2_IRQHandler
                0x08004f60                DMA1_Channel2_IRQHandler
                0x08004f60                CAN1_SCE_IRQHandler
                0x08004f60                FLASH_IRQHandler
                0x08004f60                I2C1_ER_IRQHandler
                0x08004f60                USBWakeUp_IRQHandler
 *fill*         0x08004f62        0x2 
 .text.HAL_InitTick
                0x08004f64       0x48 ./Drivers/STM32F1xx_HAL_Driver/Src/stm32f1xx_hal.o
                0x08004f64                HAL_InitTick
 .text.HAL_Init
                0x08004fac       0x24 ./Drivers/STM32F1xx_HAL_Driver/Src/stm32f1xx_hal.o
                0x08004fac                HAL_Init
 .text.HAL_IncTick
                0x08004fd0       0x18 ./Drivers/STM32F1xx_HAL_Driver/Src/stm32f1xx_hal.o
                0x08004fd0                HAL_IncTick
 .text.HAL_GetTick
                0x08004fe8        0xc ./Drivers/STM32F1xx_HAL_Driver/Src/stm32f1xx_hal.o
                0x08004fe8                HAL_GetTick
 .text.HAL_Delay
                0x08004ff4       0x24 ./Drivers/STM32F1xx_HAL_Driver/Src/stm32f1xx_hal.o
                0x08004ff4                HAL_Delay
 .text.ADC_DMAConvCplt
                0x08005018       0x4e ./Drivers/STM32F1xx_HAL_Driver/Src/stm32f1xx_hal_adc.o
                0x08005018                ADC_DMAConvCplt
 .text.HAL_ADC_ConvHalfCpltCallback
                0x08005066        0x2 ./Drivers/STM32F1xx_HAL_Driver/Src/stm32f1xx_hal_adc.o
                0x08005066                HAL_ADC_ConvHalfCpltCallback
 .text.ADC_DMAHalfConvCplt
                0x08005068        0xa ./Drivers/STM32F1xx_HAL_Driver/Src/stm32f1xx_hal_adc.o
                0x08005068                ADC_DMAHalfConvCplt
 .text.HAL_ADC_LevelOutOfWindowCallback
                0x08005072        0x2 ./Drivers/STM32F1xx_HAL_Driver/Src/stm32f1xx_hal_adc.o
                0x08005072                HAL_ADC_LevelOutOfWindowCallback
 .text.HAL_ADC_IRQHandler
                0x08005074       0xe2 ./Drivers/STM32F1xx_HAL_Driver/Src/stm32f1xx_hal_adc.o
                0x08005074                HAL_ADC_IRQHandler
 .text.HAL_ADC_ErrorCallback
                0x08005156        0x2 ./Drivers/STM32F1xx_HAL_Driver/Src/stm32f1xx_hal_adc.o
                0x08005156                HAL_ADC_ErrorCallback
 .text.ADC_DMAError
                0x08005158       0x1a ./Drivers/STM32F1xx_HAL_Driver/Src/stm32f1xx_hal_adc.o
                0x08005158                ADC_DMAError
 *fill*         0x08005172        0x2 
 .text.HAL_ADC_ConfigChannel
                0x08005174       0xfc ./Drivers/STM32F1xx_HAL_Driver/Src/stm32f1xx_hal_adc.o
                0x08005174                HAL_ADC_ConfigChannel
 .text.ADC_Enable
                0x08005270       0x78 ./Drivers/STM32F1xx_HAL_Driver/Src/stm32f1xx_hal_adc.o
                0x08005270                ADC_Enable
 .text.HAL_ADC_Start_DMA
                0x080052e8      0x118 ./Drivers/STM32F1xx_HAL_Driver/Src/stm32f1xx_hal_adc.o
                0x080052e8                HAL_ADC_Start_DMA
 .text.ADC_ConversionStop_Disable
                0x08005400       0x4c ./Drivers/STM32F1xx_HAL_Driver/Src/stm32f1xx_hal_adc.o
                0x08005400                ADC_ConversionStop_Disable
 .text.HAL_ADC_Init
                0x0800544c       0xfc ./Drivers/STM32F1xx_HAL_Driver/Src/stm32f1xx_hal_adc.o
                0x0800544c                HAL_ADC_Init
 .text.HAL_ADCEx_InjectedConvCpltCallback
                0x08005548        0x2 ./Drivers/STM32F1xx_HAL_Driver/Src/stm32f1xx_hal_adc_ex.o
                0x08005548                HAL_ADCEx_InjectedConvCpltCallback
 *fill*         0x0800554a        0x2 
 .text.HAL_NVIC_SetPriorityGrouping
                0x0800554c       0x24 ./Drivers/STM32F1xx_HAL_Driver/Src/stm32f1xx_hal_cortex.o
                0x0800554c                HAL_NVIC_SetPriorityGrouping
 .text.HAL_NVIC_SetPriority
                0x08005570       0x60 ./Drivers/STM32F1xx_HAL_Driver/Src/stm32f1xx_hal_cortex.o
                0x08005570                HAL_NVIC_SetPriority
 .text.HAL_NVIC_EnableIRQ
                0x080055d0       0x1c ./Drivers/STM32F1xx_HAL_Driver/Src/stm32f1xx_hal_cortex.o
                0x080055d0                HAL_NVIC_EnableIRQ
 .text.HAL_NVIC_DisableIRQ
                0x080055ec       0x24 ./Drivers/STM32F1xx_HAL_Driver/Src/stm32f1xx_hal_cortex.o
                0x080055ec                HAL_NVIC_DisableIRQ
 .text.HAL_SYSTICK_Config
                0x08005610       0x28 ./Drivers/STM32F1xx_HAL_Driver/Src/stm32f1xx_hal_cortex.o
                0x08005610                HAL_SYSTICK_Config
 .text.HAL_DMA_Init
                0x08005638       0x60 ./Drivers/STM32F1xx_HAL_Driver/Src/stm32f1xx_hal_dma.o
                0x08005638                HAL_DMA_Init
 .text.HAL_DMA_DeInit
                0x08005698       0x54 ./Drivers/STM32F1xx_HAL_Driver/Src/stm32f1xx_hal_dma.o
                0x08005698                HAL_DMA_DeInit
 .text.HAL_DMA_Start_IT
                0x080056ec       0x78 ./Drivers/STM32F1xx_HAL_Driver/Src/stm32f1xx_hal_dma.o
                0x080056ec                HAL_DMA_Start_IT
 .text.HAL_DMA_Abort
                0x08005764       0x3e ./Drivers/STM32F1xx_HAL_Driver/Src/stm32f1xx_hal_dma.o
                0x08005764                HAL_DMA_Abort
 *fill*         0x080057a2        0x2 
 .text.HAL_DMA_Abort_IT
                0x080057a4       0x8c ./Drivers/STM32F1xx_HAL_Driver/Src/stm32f1xx_hal_dma.o
                0x080057a4                HAL_DMA_Abort_IT
 .text.HAL_DMA_IRQHandler
                0x08005830      0x128 ./Drivers/STM32F1xx_HAL_Driver/Src/stm32f1xx_hal_dma.o
                0x08005830                HAL_DMA_IRQHandler
 .text.HAL_DMA_GetState
                0x08005958        0x6 ./Drivers/STM32F1xx_HAL_Driver/Src/stm32f1xx_hal_dma.o
                0x08005958                HAL_DMA_GetState
 *fill*         0x0800595e        0x2 
 .text.HAL_GPIO_Init
                0x08005960      0x1a8 ./Drivers/STM32F1xx_HAL_Driver/Src/stm32f1xx_hal_gpio.o
                0x08005960                HAL_GPIO_Init
 .text.HAL_GPIO_DeInit
                0x08005b08       0xdc ./Drivers/STM32F1xx_HAL_Driver/Src/stm32f1xx_hal_gpio.o
                0x08005b08                HAL_GPIO_DeInit
 .text.HAL_GPIO_ReadPin
                0x08005be4        0xc ./Drivers/STM32F1xx_HAL_Driver/Src/stm32f1xx_hal_gpio.o
                0x08005be4                HAL_GPIO_ReadPin
 .text.HAL_GPIO_WritePin
                0x08005bf0        0xa ./Drivers/STM32F1xx_HAL_Driver/Src/stm32f1xx_hal_gpio.o
                0x08005bf0                HAL_GPIO_WritePin
 .text.I2C_IsAcknowledgeFailed
                0x08005bfa       0x32 ./Drivers/STM32F1xx_HAL_Driver/Src/stm32f1xx_hal_i2c.o
 .text.I2C_WaitOnFlagUntilTimeout
                0x08005c2c       0x9c ./Drivers/STM32F1xx_HAL_Driver/Src/stm32f1xx_hal_i2c.o
 .text.I2C_WaitOnMasterAddressFlagUntilTimeout
                0x08005cc8       0x84 ./Drivers/STM32F1xx_HAL_Driver/Src/stm32f1xx_hal_i2c.o
 .text.I2C_WaitOnTXEFlagUntilTimeout
                0x08005d4c       0x54 ./Drivers/STM32F1xx_HAL_Driver/Src/stm32f1xx_hal_i2c.o
 .text.I2C_RequestMemoryWrite
                0x08005da0       0xb4 ./Drivers/STM32F1xx_HAL_Driver/Src/stm32f1xx_hal_i2c.o
 .text.I2C_RequestMemoryRead
                0x08005e54      0x104 ./Drivers/STM32F1xx_HAL_Driver/Src/stm32f1xx_hal_i2c.o
 .text.I2C_WaitOnBTFFlagUntilTimeout
                0x08005f58       0x54 ./Drivers/STM32F1xx_HAL_Driver/Src/stm32f1xx_hal_i2c.o
 .text.HAL_I2C_Init
                0x08005fac      0x150 ./Drivers/STM32F1xx_HAL_Driver/Src/stm32f1xx_hal_i2c.o
                0x08005fac                HAL_I2C_Init
 .text.HAL_I2C_DeInit
                0x080060fc       0x32 ./Drivers/STM32F1xx_HAL_Driver/Src/stm32f1xx_hal_i2c.o
                0x080060fc                HAL_I2C_DeInit
 *fill*         0x0800612e        0x2 
 .text.HAL_I2C_Mem_Write
                0x08006130      0x120 ./Drivers/STM32F1xx_HAL_Driver/Src/stm32f1xx_hal_i2c.o
                0x08006130                HAL_I2C_Mem_Write
 .text.HAL_I2C_Mem_Write_DMA
                0x08006250      0x18c ./Drivers/STM32F1xx_HAL_Driver/Src/stm32f1xx_hal_i2c.o
                0x08006250                HAL_I2C_Mem_Write_DMA
 .text.HAL_I2C_Mem_Read_DMA
                0x080063dc      0x1d4 ./Drivers/STM32F1xx_HAL_Driver/Src/stm32f1xx_hal_i2c.o
                0x080063dc                HAL_I2C_Mem_Read_DMA
 .text.HAL_I2C_MasterTxCpltCallback
                0x080065b0        0x2 ./Drivers/STM32F1xx_HAL_Driver/Src/stm32f1xx_hal_i2c.o
                0x080065b0                HAL_I2C_MasterTxCpltCallback
 .text.HAL_I2C_MasterRxCpltCallback
                0x080065b2        0x2 ./Drivers/STM32F1xx_HAL_Driver/Src/stm32f1xx_hal_i2c.o
                0x080065b2                HAL_I2C_MasterRxCpltCallback
 .text.HAL_I2C_SlaveTxCpltCallback
                0x080065b4        0x2 ./Drivers/STM32F1xx_HAL_Driver/Src/stm32f1xx_hal_i2c.o
                0x080065b4                HAL_I2C_SlaveTxCpltCallback
 .text.HAL_I2C_SlaveRxCpltCallback
                0x080065b6        0x2 ./Drivers/STM32F1xx_HAL_Driver/Src/stm32f1xx_hal_i2c.o
                0x080065b6                HAL_I2C_SlaveRxCpltCallback
 .text.HAL_I2C_AddrCallback
                0x080065b8        0x2 ./Drivers/STM32F1xx_HAL_Driver/Src/stm32f1xx_hal_i2c.o
                0x080065b8                HAL_I2C_AddrCallback
 .text.HAL_I2C_ListenCpltCallback
                0x080065ba        0x2 ./Drivers/STM32F1xx_HAL_Driver/Src/stm32f1xx_hal_i2c.o
                0x080065ba                HAL_I2C_ListenCpltCallback
 .text.I2C_MemoryTransmit_TXE_BTF
                0x080065bc       0xb0 ./Drivers/STM32F1xx_HAL_Driver/Src/stm32f1xx_hal_i2c.o
 .text.HAL_I2C_ErrorCallback
                0x0800666c        0x2 ./Drivers/STM32F1xx_HAL_Driver/Src/stm32f1xx_hal_i2c.o
                0x0800666c                HAL_I2C_ErrorCallback
 .text.I2C_DMAError
                0x0800666e       0x3a ./Drivers/STM32F1xx_HAL_Driver/Src/stm32f1xx_hal_i2c.o
 .text.I2C_DMAXferCplt
                0x080066a8      0x114 ./Drivers/STM32F1xx_HAL_Driver/Src/stm32f1xx_hal_i2c.o
 .text.HAL_I2C_AbortCpltCallback
                0x080067bc        0x2 ./Drivers/STM32F1xx_HAL_Driver/Src/stm32f1xx_hal_i2c.o
                0x080067bc                HAL_I2C_AbortCpltCallback
 *fill*         0x080067be        0x2 
 .text.I2C_DMAAbort
                0x080067c0       0xc0 ./Drivers/STM32F1xx_HAL_Driver/Src/stm32f1xx_hal_i2c.o
 .text.I2C_ITError
                0x08006880      0x150 ./Drivers/STM32F1xx_HAL_Driver/Src/stm32f1xx_hal_i2c.o
 .text.HAL_I2C_EV_IRQHandler
                0x080069d0      0x8b4 ./Drivers/STM32F1xx_HAL_Driver/Src/stm32f1xx_hal_i2c.o
                0x080069d0                HAL_I2C_EV_IRQHandler
 .text.HAL_I2C_ER_IRQHandler
                0x08007284      0x140 ./Drivers/STM32F1xx_HAL_Driver/Src/stm32f1xx_hal_i2c.o
                0x08007284                HAL_I2C_ER_IRQHandler
 .text.HAL_I2C_GetState
                0x080073c4        0x6 ./Drivers/STM32F1xx_HAL_Driver/Src/stm32f1xx_hal_i2c.o
                0x080073c4                HAL_I2C_GetState
 .text.HAL_I2C_GetError
                0x080073ca        0x4 ./Drivers/STM32F1xx_HAL_Driver/Src/stm32f1xx_hal_i2c.o
                0x080073ca                HAL_I2C_GetError
 .text.HAL_PCD_Init
                0x080073ce       0xc6 ./Drivers/STM32F1xx_HAL_Driver/Src/stm32f1xx_hal_pcd.o
                0x080073ce                HAL_PCD_Init
 .text.HAL_PCD_Start
                0x08007494       0x32 ./Drivers/STM32F1xx_HAL_Driver/Src/stm32f1xx_hal_pcd.o
                0x08007494                HAL_PCD_Start
 .text.HAL_PCD_SetAddress
                0x080074c6       0x26 ./Drivers/STM32F1xx_HAL_Driver/Src/stm32f1xx_hal_pcd.o
                0x080074c6                HAL_PCD_SetAddress
 .text.HAL_PCD_IRQHandler
                0x080074ec      0x9b4 ./Drivers/STM32F1xx_HAL_Driver/Src/stm32f1xx_hal_pcd.o
                0x080074ec                HAL_PCD_IRQHandler
 .text.HAL_PCD_EP_Open
                0x08007ea0       0x60 ./Drivers/STM32F1xx_HAL_Driver/Src/stm32f1xx_hal_pcd.o
                0x08007ea0                HAL_PCD_EP_Open
 .text.HAL_PCD_EP_Close
                0x08007f00       0x50 ./Drivers/STM32F1xx_HAL_Driver/Src/stm32f1xx_hal_pcd.o
                0x08007f00                HAL_PCD_EP_Close
 .text.HAL_PCD_EP_Receive
                0x08007f50       0x2e ./Drivers/STM32F1xx_HAL_Driver/Src/stm32f1xx_hal_pcd.o
                0x08007f50                HAL_PCD_EP_Receive
 .text.HAL_PCD_EP_GetRxCount
                0x08007f7e       0x10 ./Drivers/STM32F1xx_HAL_Driver/Src/stm32f1xx_hal_pcd.o
                0x08007f7e                HAL_PCD_EP_GetRxCount
 .text.HAL_PCD_EP_Transmit
                0x08007f8e       0x30 ./Drivers/STM32F1xx_HAL_Driver/Src/stm32f1xx_hal_pcd.o
                0x08007f8e                HAL_PCD_EP_Transmit
 .text.HAL_PCD_EP_SetStall
                0x08007fbe       0x6c ./Drivers/STM32F1xx_HAL_Driver/Src/stm32f1xx_hal_pcd.o
                0x08007fbe                HAL_PCD_EP_SetStall
 .text.HAL_PCD_EP_ClrStall
                0x0800802a       0x64 ./Drivers/STM32F1xx_HAL_Driver/Src/stm32f1xx_hal_pcd.o
                0x0800802a                HAL_PCD_EP_ClrStall
 .text.HAL_PCDEx_PMAConfig
                0x0800808e       0x32 ./Drivers/STM32F1xx_HAL_Driver/Src/stm32f1xx_hal_pcd_ex.o
                0x0800808e                HAL_PCDEx_PMAConfig
 .text.HAL_RCC_OscConfig
                0x080080c0      0x338 ./Drivers/STM32F1xx_HAL_Driver/Src/stm32f1xx_hal_rcc.o
                0x080080c0                HAL_RCC_OscConfig
 .text.HAL_RCC_GetSysClockFreq
                0x080083f8       0x4c ./Drivers/STM32F1xx_HAL_Driver/Src/stm32f1xx_hal_rcc.o
                0x080083f8                HAL_RCC_GetSysClockFreq
 .text.HAL_RCC_ClockConfig
                0x08008444      0x138 ./Drivers/STM32F1xx_HAL_Driver/Src/stm32f1xx_hal_rcc.o
                0x08008444                HAL_RCC_ClockConfig
 .text.HAL_RCC_GetPCLK1Freq
                0x0800857c       0x20 ./Drivers/STM32F1xx_HAL_Driver/Src/stm32f1xx_hal_rcc.o
                0x0800857c                HAL_RCC_GetPCLK1Freq
 .text.HAL_RCC_GetPCLK2Freq
                0x0800859c       0x20 ./Drivers/STM32F1xx_HAL_Driver/Src/stm32f1xx_hal_rcc.o
                0x0800859c                HAL_RCC_GetPCLK2Freq
 .text.HAL_RCCEx_PeriphCLKConfig
                0x080085bc       0xf4 ./Drivers/STM32F1xx_HAL_Driver/Src/stm32f1xx_hal_rcc_ex.o
                0x080085bc                HAL_RCCEx_PeriphCLKConfig
 .text.TIM_OC1_SetConfig
                0x080086b0       0x50 ./Drivers/STM32F1xx_HAL_Driver/Src/stm32f1xx_hal_tim.o
 .text.TIM_OC3_SetConfig
                0x08008700       0x54 ./Drivers/STM32F1xx_HAL_Driver/Src/stm32f1xx_hal_tim.o
 .text.TIM_OC4_SetConfig
                0x08008754       0x44 ./Drivers/STM32F1xx_HAL_Driver/Src/stm32f1xx_hal_tim.o
 .text.HAL_TIM_Base_Start_IT
                0x08008798       0x54 ./Drivers/STM32F1xx_HAL_Driver/Src/stm32f1xx_hal_tim.o
                0x08008798                HAL_TIM_Base_Start_IT
 .text.HAL_TIM_PWM_MspInit
                0x080087ec        0x2 ./Drivers/STM32F1xx_HAL_Driver/Src/stm32f1xx_hal_tim.o
                0x080087ec                HAL_TIM_PWM_MspInit
 .text.HAL_TIM_OC_DelayElapsedCallback
                0x080087ee        0x2 ./Drivers/STM32F1xx_HAL_Driver/Src/stm32f1xx_hal_tim.o
                0x080087ee                HAL_TIM_OC_DelayElapsedCallback
 .text.HAL_TIM_IC_CaptureCallback
                0x080087f0        0x2 ./Drivers/STM32F1xx_HAL_Driver/Src/stm32f1xx_hal_tim.o
                0x080087f0                HAL_TIM_IC_CaptureCallback
 .text.HAL_TIM_PWM_PulseFinishedCallback
                0x080087f2        0x2 ./Drivers/STM32F1xx_HAL_Driver/Src/stm32f1xx_hal_tim.o
                0x080087f2                HAL_TIM_PWM_PulseFinishedCallback
 .text.HAL_TIM_TriggerCallback
                0x080087f4        0x2 ./Drivers/STM32F1xx_HAL_Driver/Src/stm32f1xx_hal_tim.o
                0x080087f4                HAL_TIM_TriggerCallback
 .text.HAL_TIM_IRQHandler
                0x080087f6      0x128 ./Drivers/STM32F1xx_HAL_Driver/Src/stm32f1xx_hal_tim.o
                0x080087f6                HAL_TIM_IRQHandler
 *fill*         0x0800891e        0x2 
 .text.TIM_Base_SetConfig
                0x08008920       0x64 ./Drivers/STM32F1xx_HAL_Driver/Src/stm32f1xx_hal_tim.o
                0x08008920                TIM_Base_SetConfig
 .text.HAL_TIM_Base_Init
                0x08008984       0x58 ./Drivers/STM32F1xx_HAL_Driver/Src/stm32f1xx_hal_tim.o
                0x08008984                HAL_TIM_Base_Init
 .text.HAL_TIM_PWM_Init
                0x080089dc       0x58 ./Drivers/STM32F1xx_HAL_Driver/Src/stm32f1xx_hal_tim.o
                0x080089dc                HAL_TIM_PWM_Init
 .text.TIM_OC2_SetConfig
                0x08008a34       0x58 ./Drivers/STM32F1xx_HAL_Driver/Src/stm32f1xx_hal_tim.o
                0x08008a34                TIM_OC2_SetConfig
 .text.HAL_TIM_PWM_ConfigChannel
                0x08008a8c       0xb0 ./Drivers/STM32F1xx_HAL_Driver/Src/stm32f1xx_hal_tim.o
                0x08008a8c                HAL_TIM_PWM_ConfigChannel
 .text.TIM_ETR_SetConfig
                0x08008b3c       0x14 ./Drivers/STM32F1xx_HAL_Driver/Src/stm32f1xx_hal_tim.o
                0x08008b3c                TIM_ETR_SetConfig
 .text.HAL_TIM_ConfigClockSource
                0x08008b50      0x132 ./Drivers/STM32F1xx_HAL_Driver/Src/stm32f1xx_hal_tim.o
                0x08008b50                HAL_TIM_ConfigClockSource
 .text.TIM_SlaveTimer_SetConfig.constprop.0
                0x08008c82       0xbc ./Drivers/STM32F1xx_HAL_Driver/Src/stm32f1xx_hal_tim.o
 .text.HAL_TIM_SlaveConfigSynchro
                0x08008d3e       0x4c ./Drivers/STM32F1xx_HAL_Driver/Src/stm32f1xx_hal_tim.o
                0x08008d3e                HAL_TIM_SlaveConfigSynchro
 .text.TIM_CCxChannelCmd
                0x08008d8a       0x1c ./Drivers/STM32F1xx_HAL_Driver/Src/stm32f1xx_hal_tim.o
                0x08008d8a                TIM_CCxChannelCmd
 *fill*         0x08008da6        0x2 
 .text.HAL_TIM_OC_Start
                0x08008da8       0x9c ./Drivers/STM32F1xx_HAL_Driver/Src/stm32f1xx_hal_tim.o
                0x08008da8                HAL_TIM_OC_Start
 .text.HAL_TIM_PWM_Start
                0x08008e44        0x4 ./Drivers/STM32F1xx_HAL_Driver/Src/stm32f1xx_hal_tim.o
                0x08008e44                HAL_TIM_PWM_Start
 .text.HAL_TIMEx_MasterConfigSynchronization
                0x08008e48       0x5c ./Drivers/STM32F1xx_HAL_Driver/Src/stm32f1xx_hal_tim_ex.o
                0x08008e48                HAL_TIMEx_MasterConfigSynchronization
 .text.HAL_TIMEx_CommutCallback
                0x08008ea4        0x2 ./Drivers/STM32F1xx_HAL_Driver/Src/stm32f1xx_hal_tim_ex.o
                0x08008ea4                HAL_TIMEx_CommutCallback
 .text.HAL_TIMEx_BreakCallback
                0x08008ea6        0x2 ./Drivers/STM32F1xx_HAL_Driver/Src/stm32f1xx_hal_tim_ex.o
                0x08008ea6                HAL_TIMEx_BreakCallback
 .text.UART_EndRxTransfer
                0x08008ea8       0x5c ./Drivers/STM32F1xx_HAL_Driver/Src/stm32f1xx_hal_uart.o
 .text.UART_SetConfig
                0x08008f04       0x74 ./Drivers/STM32F1xx_HAL_Driver/Src/stm32f1xx_hal_uart.o
 .text.HAL_UART_Init
                0x08008f78       0x5e ./Drivers/STM32F1xx_HAL_Driver/Src/stm32f1xx_hal_uart.o
                0x08008f78                HAL_UART_Init
 .text.HAL_UART_Transmit_IT
                0x08008fd6       0x32 ./Drivers/STM32F1xx_HAL_Driver/Src/stm32f1xx_hal_uart.o
                0x08008fd6                HAL_UART_Transmit_IT
 .text.HAL_UART_TxCpltCallback
                0x08009008        0x2 ./Drivers/STM32F1xx_HAL_Driver/Src/stm32f1xx_hal_uart.o
                0x08009008                HAL_UART_TxCpltCallback
 .text.UART_DMAAbortOnError
                0x0800900a       0x10 ./Drivers/STM32F1xx_HAL_Driver/Src/stm32f1xx_hal_uart.o
 .text.HAL_UARTEx_RxEventCallback
                0x0800901a        0x2 ./Drivers/STM32F1xx_HAL_Driver/Src/stm32f1xx_hal_uart.o
                0x0800901a                HAL_UARTEx_RxEventCallback
 .text.UART_Receive_IT.isra.0
                0x0800901c       0xb4 ./Drivers/STM32F1xx_HAL_Driver/Src/stm32f1xx_hal_uart.o
 .text.HAL_UART_IRQHandler
                0x080090d0      0x294 ./Drivers/STM32F1xx_HAL_Driver/Src/stm32f1xx_hal_uart.o
                0x080090d0                HAL_UART_IRQHandler
 .text.UART_Start_Receive_IT
                0x08009364       0x32 ./Drivers/STM32F1xx_HAL_Driver/Src/stm32f1xx_hal_uart.o
                0x08009364                UART_Start_Receive_IT
 .text.HAL_UART_Receive_IT
                0x08009396       0x22 ./Drivers/STM32F1xx_HAL_Driver/Src/stm32f1xx_hal_uart.o
                0x08009396                HAL_UART_Receive_IT
 .text.USB_CoreInit
                0x080093b8        0xe ./Drivers/STM32F1xx_HAL_Driver/Src/stm32f1xx_ll_usb.o
                0x080093b8                USB_CoreInit
 .text.USB_EnableGlobalInt
                0x080093c6       0x12 ./Drivers/STM32F1xx_HAL_Driver/Src/stm32f1xx_ll_usb.o
                0x080093c6                USB_EnableGlobalInt
 .text.USB_DisableGlobalInt
                0x080093d8       0x14 ./Drivers/STM32F1xx_HAL_Driver/Src/stm32f1xx_ll_usb.o
                0x080093d8                USB_DisableGlobalInt
 .text.USB_SetCurrentMode
                0x080093ec        0x4 ./Drivers/STM32F1xx_HAL_Driver/Src/stm32f1xx_ll_usb.o
                0x080093ec                USB_SetCurrentMode
 .text.USB_DevInit
                0x080093f0       0x22 ./Drivers/STM32F1xx_HAL_Driver/Src/stm32f1xx_ll_usb.o
                0x080093f0                USB_DevInit
 *fill*         0x08009412        0x2 
 .text.USB_ActivateEndpoint
                0x08009414      0x2c0 ./Drivers/STM32F1xx_HAL_Driver/Src/stm32f1xx_ll_usb.o
                0x08009414                USB_ActivateEndpoint
 .text.USB_DeactivateEndpoint
                0x080096d4      0x1a6 ./Drivers/STM32F1xx_HAL_Driver/Src/stm32f1xx_ll_usb.o
                0x080096d4                USB_DeactivateEndpoint
 .text.USB_EPSetStall
                0x0800987a       0x40 ./Drivers/STM32F1xx_HAL_Driver/Src/stm32f1xx_ll_usb.o
                0x0800987a                USB_EPSetStall
 .text.USB_EPClearStall
                0x080098ba       0x92 ./Drivers/STM32F1xx_HAL_Driver/Src/stm32f1xx_ll_usb.o
                0x080098ba                USB_EPClearStall
 .text.USB_SetDevAddress
                0x0800994c        0xc ./Drivers/STM32F1xx_HAL_Driver/Src/stm32f1xx_ll_usb.o
                0x0800994c                USB_SetDevAddress
 .text.USB_DevConnect
                0x08009958        0x4 ./Drivers/STM32F1xx_HAL_Driver/Src/stm32f1xx_ll_usb.o
                0x08009958                USB_DevConnect
 .text.USB_DevDisconnect
                0x0800995c        0x4 ./Drivers/STM32F1xx_HAL_Driver/Src/stm32f1xx_ll_usb.o
                0x0800995c                USB_DevDisconnect
 .text.USB_ReadInterrupts
                0x08009960        0x8 ./Drivers/STM32F1xx_HAL_Driver/Src/stm32f1xx_ll_usb.o
                0x08009960                USB_ReadInterrupts
 .text.USB_EP0_OutStart
                0x08009968        0x4 ./Drivers/STM32F1xx_HAL_Driver/Src/stm32f1xx_ll_usb.o
                0x08009968                USB_EP0_OutStart
 .text.USB_WritePMA
                0x0800996c       0x20 ./Drivers/STM32F1xx_HAL_Driver/Src/stm32f1xx_ll_usb.o
                0x0800996c                USB_WritePMA
 .text.USB_EPStartXfer
                0x0800998c      0x462 ./Drivers/STM32F1xx_HAL_Driver/Src/stm32f1xx_ll_usb.o
                0x0800998c                USB_EPStartXfer
 .text.USB_ReadPMA
                0x08009dee       0x38 ./Drivers/STM32F1xx_HAL_Driver/Src/stm32f1xx_ll_usb.o
                0x08009dee                USB_ReadPMA
 .text.USBD_CDC_EP0_RxReady
                0x08009e26       0x28 ./Middlewares/ST/STM32_USB_Device_Library/Class/CDC/Src/usbd_cdc.o
 *fill*         0x08009e4e        0x2 
 .text.USBD_CDC_GetFSCfgDesc
                0x08009e50        0xc ./Middlewares/ST/STM32_USB_Device_Library/Class/CDC/Src/usbd_cdc.o
 .text.USBD_CDC_GetHSCfgDesc
                0x08009e5c        0xc ./Middlewares/ST/STM32_USB_Device_Library/Class/CDC/Src/usbd_cdc.o
 .text.USBD_CDC_GetOtherSpeedCfgDesc
                0x08009e68        0xc ./Middlewares/ST/STM32_USB_Device_Library/Class/CDC/Src/usbd_cdc.o
 .text.USBD_CDC_GetDeviceQualifierDescriptor
                0x08009e74        0xc ./Middlewares/ST/STM32_USB_Device_Library/Class/CDC/Src/usbd_cdc.o
                0x08009e74                USBD_CDC_GetDeviceQualifierDescriptor
 .text.USBD_CDC_DataOut
                0x08009e80       0x2e ./Middlewares/ST/STM32_USB_Device_Library/Class/CDC/Src/usbd_cdc.o
 .text.USBD_CDC_DataIn
                0x08009eae       0x40 ./Middlewares/ST/STM32_USB_Device_Library/Class/CDC/Src/usbd_cdc.o
 .text.USBD_CDC_Setup
                0x08009eee       0xa2 ./Middlewares/ST/STM32_USB_Device_Library/Class/CDC/Src/usbd_cdc.o
 .text.USBD_CDC_DeInit
                0x08009f90       0x42 ./Middlewares/ST/STM32_USB_Device_Library/Class/CDC/Src/usbd_cdc.o
 .text.USBD_CDC_Init
                0x08009fd2       0x8c ./Middlewares/ST/STM32_USB_Device_Library/Class/CDC/Src/usbd_cdc.o
 .text.USBD_CDC_RegisterInterface
                0x0800a05e        0xe ./Middlewares/ST/STM32_USB_Device_Library/Class/CDC/Src/usbd_cdc.o
                0x0800a05e                USBD_CDC_RegisterInterface
 .text.USBD_CDC_SetTxBuffer
                0x0800a06c       0x10 ./Middlewares/ST/STM32_USB_Device_Library/Class/CDC/Src/usbd_cdc.o
                0x0800a06c                USBD_CDC_SetTxBuffer
 .text.USBD_CDC_SetRxBuffer
                0x0800a07c        0xc ./Middlewares/ST/STM32_USB_Device_Library/Class/CDC/Src/usbd_cdc.o
                0x0800a07c                USBD_CDC_SetRxBuffer
 .text.USBD_CDC_TransmitPacket
                0x0800a088       0x32 ./Middlewares/ST/STM32_USB_Device_Library/Class/CDC/Src/usbd_cdc.o
                0x0800a088                USBD_CDC_TransmitPacket
 .text.USBD_CDC_ReceivePacket
                0x0800a0ba       0x26 ./Middlewares/ST/STM32_USB_Device_Library/Class/CDC/Src/usbd_cdc.o
                0x0800a0ba                USBD_CDC_ReceivePacket
 .text.USBD_Init
                0x0800a0e0       0x2a ./Middlewares/ST/STM32_USB_Device_Library/Core/Src/usbd_core.o
                0x0800a0e0                USBD_Init
 .text.USBD_RegisterClass
                0x0800a10a        0xe ./Middlewares/ST/STM32_USB_Device_Library/Core/Src/usbd_core.o
                0x0800a10a                USBD_RegisterClass
 .text.USBD_Start
                0x0800a118        0xa ./Middlewares/ST/STM32_USB_Device_Library/Core/Src/usbd_core.o
                0x0800a118                USBD_Start
 .text.USBD_SetClassConfig
                0x0800a122       0x1a ./Middlewares/ST/STM32_USB_Device_Library/Core/Src/usbd_core.o
                0x0800a122                USBD_SetClassConfig
 .text.USBD_ClrClassConfig
                0x0800a13c        0xe ./Middlewares/ST/STM32_USB_Device_Library/Core/Src/usbd_core.o
                0x0800a13c                USBD_ClrClassConfig
 .text.USBD_LL_SetupStage
                0x0800a14a       0x5a ./Middlewares/ST/STM32_USB_Device_Library/Core/Src/usbd_core.o
                0x0800a14a                USBD_LL_SetupStage
 .text.USBD_LL_DataOutStage
                0x0800a1a4       0x70 ./Middlewares/ST/STM32_USB_Device_Library/Core/Src/usbd_core.o
                0x0800a1a4                USBD_LL_DataOutStage
 .text.USBD_LL_DataInStage
                0x0800a214       0xb8 ./Middlewares/ST/STM32_USB_Device_Library/Core/Src/usbd_core.o
                0x0800a214                USBD_LL_DataInStage
 .text.USBD_LL_Reset
                0x0800a2cc       0x4e ./Middlewares/ST/STM32_USB_Device_Library/Core/Src/usbd_core.o
                0x0800a2cc                USBD_LL_Reset
 .text.USBD_LL_SetSpeed
                0x0800a31a        0x6 ./Middlewares/ST/STM32_USB_Device_Library/Core/Src/usbd_core.o
                0x0800a31a                USBD_LL_SetSpeed
 .text.USBD_LL_Suspend
                0x0800a320       0x12 ./Middlewares/ST/STM32_USB_Device_Library/Core/Src/usbd_core.o
                0x0800a320                USBD_LL_Suspend
 .text.USBD_LL_Resume
                0x0800a332       0x14 ./Middlewares/ST/STM32_USB_Device_Library/Core/Src/usbd_core.o
                0x0800a332                USBD_LL_Resume
 .text.USBD_LL_SOF
                0x0800a346       0x18 ./Middlewares/ST/STM32_USB_Device_Library/Core/Src/usbd_core.o
                0x0800a346                USBD_LL_SOF
 .text.USBD_CtlError.constprop.0
                0x0800a35e       0x16 ./Middlewares/ST/STM32_USB_Device_Library/Core/Src/usbd_ctlreq.o
 .text.USBD_StdDevReq
                0x0800a374      0x290 ./Middlewares/ST/STM32_USB_Device_Library/Core/Src/usbd_ctlreq.o
                0x0800a374                USBD_StdDevReq
 .text.USBD_StdItfReq
                0x0800a604       0x48 ./Middlewares/ST/STM32_USB_Device_Library/Core/Src/usbd_ctlreq.o
                0x0800a604                USBD_StdItfReq
 .text.USBD_StdEPReq
                0x0800a64c      0x118 ./Middlewares/ST/STM32_USB_Device_Library/Core/Src/usbd_ctlreq.o
                0x0800a64c                USBD_StdEPReq
 .text.USBD_ParseSetupRequest
                0x0800a764       0x16 ./Middlewares/ST/STM32_USB_Device_Library/Core/Src/usbd_ctlreq.o
                0x0800a764                USBD_ParseSetupRequest
 .text.USBD_CtlError
                0x0800a77a       0x16 ./Middlewares/ST/STM32_USB_Device_Library/Core/Src/usbd_ctlreq.o
                0x0800a77a                USBD_CtlError
 .text.USBD_GetString
                0x0800a790       0x38 ./Middlewares/ST/STM32_USB_Device_Library/Core/Src/usbd_ctlreq.o
                0x0800a790                USBD_GetString
 .text.USBD_CtlSendData
                0x0800a7c8       0x1a ./Middlewares/ST/STM32_USB_Device_Library/Core/Src/usbd_ioreq.o
                0x0800a7c8                USBD_CtlSendData
 .text.USBD_CtlContinueSendData
                0x0800a7e2       0x10 ./Middlewares/ST/STM32_USB_Device_Library/Core/Src/usbd_ioreq.o
                0x0800a7e2                USBD_CtlContinueSendData
 .text.USBD_CtlPrepareRx
                0x0800a7f2       0x1a ./Middlewares/ST/STM32_USB_Device_Library/Core/Src/usbd_ioreq.o
                0x0800a7f2                USBD_CtlPrepareRx
 .text.USBD_CtlContinueRx
                0x0800a80c       0x10 ./Middlewares/ST/STM32_USB_Device_Library/Core/Src/usbd_ioreq.o
                0x0800a80c                USBD_CtlContinueRx
 .text.USBD_CtlSendStatus
                0x0800a81c       0x16 ./Middlewares/ST/STM32_USB_Device_Library/Core/Src/usbd_ioreq.o
                0x0800a81c                USBD_CtlSendStatus
 .text.USBD_CtlReceiveStatus
                0x0800a832       0x16 ./Middlewares/ST/STM32_USB_Device_Library/Core/Src/usbd_ioreq.o
                0x0800a832                USBD_CtlReceiveStatus
 .text.MX_USB_DEVICE_Init
                0x0800a848       0x50 ./USB_DEVICE/App/usb_device.o
                0x0800a848                MX_USB_DEVICE_Init
 .text.CDC_DeInit_FS
                0x0800a898        0x4 ./USB_DEVICE/App/usbd_cdc_if.o
 .text.CDC_Control_FS
                0x0800a89c       0x48 ./USB_DEVICE/App/usbd_cdc_if.o
 .text.CDC_Receive_FS
                0x0800a8e4       0x28 ./USB_DEVICE/App/usbd_cdc_if.o
 .text.CDC_Init_FS
                0x0800a90c       0x24 ./USB_DEVICE/App/usbd_cdc_if.o
 .text.CDC_Transmit_FS
                0x0800a930       0x2c ./USB_DEVICE/App/usbd_cdc_if.o
                0x0800a930                CDC_Transmit_FS
 .text.CDC_Attach_Rx
                0x0800a95c        0xc ./USB_DEVICE/App/usbd_cdc_if.o
                0x0800a95c                CDC_Attach_Rx
 .text.USBD_FS_DeviceDescriptor
                0x0800a968        0xc ./USB_DEVICE/App/usbd_desc.o
                0x0800a968                USBD_FS_DeviceDescriptor
 .text.USBD_FS_LangIDStrDescriptor
                0x0800a974        0xc ./USB_DEVICE/App/usbd_desc.o
                0x0800a974                USBD_FS_LangIDStrDescriptor
 .text.IntToUnicode
                0x0800a980       0x2a ./USB_DEVICE/App/usbd_desc.o
 *fill*         0x0800a9aa        0x2 
 .text.USBD_FS_SerialStrDescriptor
                0x0800a9ac       0x3c ./USB_DEVICE/App/usbd_desc.o
                0x0800a9ac                USBD_FS_SerialStrDescriptor
 .text.USBD_FS_ManufacturerStrDescriptor
                0x0800a9e8       0x18 ./USB_DEVICE/App/usbd_desc.o
                0x0800a9e8                USBD_FS_ManufacturerStrDescriptor
 .text.USBD_FS_ProductStrDescriptor
                0x0800aa00       0x18 ./USB_DEVICE/App/usbd_desc.o
                0x0800aa00                USBD_FS_ProductStrDescriptor
 .text.USBD_FS_ConfigStrDescriptor
                0x0800aa18       0x18 ./USB_DEVICE/App/usbd_desc.o
                0x0800aa18                USBD_FS_ConfigStrDescriptor
 .text.USBD_FS_InterfaceStrDescriptor
                0x0800aa30       0x18 ./USB_DEVICE/App/usbd_desc.o
                0x0800aa30                USBD_FS_InterfaceStrDescriptor
 .text.USBD_Get_USB_Status
                0x0800aa48        0xc ./USB_DEVICE/Target/usbd_conf.o
 .text.HAL_PCD_MspInit
                0x0800aa54       0x50 ./USB_DEVICE/Target/usbd_conf.o
                0x0800aa54                HAL_PCD_MspInit
 .text.HAL_PCD_SetupStageCallback
                0x0800aaa4        0xc ./USB_DEVICE/Target/usbd_conf.o
                0x0800aaa4                HAL_PCD_SetupStageCallback
 .text.HAL_PCD_DataOutStageCallback
                0x0800aab0       0x12 ./USB_DEVICE/Target/usbd_conf.o
                0x0800aab0                HAL_PCD_DataOutStageCallback
 .text.HAL_PCD_DataInStageCallback
                0x0800aac2       0x10 ./USB_DEVICE/Target/usbd_conf.o
                0x0800aac2                HAL_PCD_DataInStageCallback
 .text.HAL_PCD_SOFCallback
                0x0800aad2        0x8 ./USB_DEVICE/Target/usbd_conf.o
                0x0800aad2                HAL_PCD_SOFCallback
 .text.HAL_PCD_ResetCallback
                0x0800aada       0x24 ./USB_DEVICE/Target/usbd_conf.o
                0x0800aada                HAL_PCD_ResetCallback
 *fill*         0x0800aafe        0x2 
 .text.HAL_PCD_SuspendCallback
                0x0800ab00       0x20 ./USB_DEVICE/Target/usbd_conf.o
                0x0800ab00                HAL_PCD_SuspendCallback
 .text.HAL_PCD_ResumeCallback
                0x0800ab20        0x8 ./USB_DEVICE/Target/usbd_conf.o
                0x0800ab20                HAL_PCD_ResumeCallback
 .text.USBD_LL_Init
                0x0800ab28       0x80 ./USB_DEVICE/Target/usbd_conf.o
                0x0800ab28                USBD_LL_Init
 .text.USBD_LL_Start
                0x0800aba8       0x12 ./USB_DEVICE/Target/usbd_conf.o
                0x0800aba8                USBD_LL_Start
 .text.USBD_LL_OpenEP
                0x0800abba       0x18 ./USB_DEVICE/Target/usbd_conf.o
                0x0800abba                USBD_LL_OpenEP
 .text.USBD_LL_CloseEP
                0x0800abd2       0x12 ./USB_DEVICE/Target/usbd_conf.o
                0x0800abd2                USBD_LL_CloseEP
 .text.USBD_LL_StallEP
                0x0800abe4       0x12 ./USB_DEVICE/Target/usbd_conf.o
                0x0800abe4                USBD_LL_StallEP
 .text.USBD_LL_ClearStallEP
                0x0800abf6       0x12 ./USB_DEVICE/Target/usbd_conf.o
                0x0800abf6                USBD_LL_ClearStallEP
 .text.USBD_LL_IsStallEP
                0x0800ac08       0x22 ./USB_DEVICE/Target/usbd_conf.o
                0x0800ac08                USBD_LL_IsStallEP
 .text.USBD_LL_SetUSBAddress
                0x0800ac2a       0x12 ./USB_DEVICE/Target/usbd_conf.o
                0x0800ac2a                USBD_LL_SetUSBAddress
 .text.USBD_LL_Transmit
                0x0800ac3c       0x12 ./USB_DEVICE/Target/usbd_conf.o
                0x0800ac3c                USBD_LL_Transmit
 .text.USBD_LL_PrepareReceive
                0x0800ac4e       0x12 ./USB_DEVICE/Target/usbd_conf.o
                0x0800ac4e                USBD_LL_PrepareReceive
 .text.USBD_LL_GetRxDataSize
                0x0800ac60        0x8 ./USB_DEVICE/Target/usbd_conf.o
                0x0800ac60                USBD_LL_GetRxDataSize
 .text.USBD_static_malloc
                0x0800ac68        0x8 ./USB_DEVICE/Target/usbd_conf.o
                0x0800ac68                USBD_static_malloc
 .text.USBD_static_free
                0x0800ac70        0x2 ./USB_DEVICE/Target/usbd_conf.o
                0x0800ac70                USBD_static_free
 .text.HAL_PCDEx_SetConnectionState
                0x0800ac72        0x2 ./USB_DEVICE/Target/usbd_conf.o
                0x0800ac72                HAL_PCDEx_SetConnectionState
 .text.__itoa   0x0800ac74       0x30 C:/ST/STM32CubeIDE_2.1.0/STM32CubeIDE/plugins/com.st.stm32cube.ide.mcu.externaltools.gnu-tools-for-stm32.14.3.rel1.win32_1.0.100.202602081740/tools/bin/../lib/gcc/arm-none-eabi/14.3.1/../../../../arm-none-eabi/lib/thumb/v7-m/nofp\libc_nano.a(libc_a-itoa.o)
                0x0800ac74                __itoa
 .text.itoa     0x0800aca4        0x4 C:/ST/STM32CubeIDE_2.1.0/STM32CubeIDE/plugins/com.st.stm32cube.ide.mcu.externaltools.gnu-tools-for-stm32.14.3.rel1.win32_1.0.100.202602081740/tools/bin/../lib/gcc/arm-none-eabi/14.3.1/../../../../arm-none-eabi/lib/thumb/v7-m/nofp\libc_nano.a(libc_a-itoa.o)
                0x0800aca4                itoa
 .text.__utoa   0x0800aca8       0x84 C:/ST/STM32CubeIDE_2.1.0/STM32CubeIDE/plugins/com.st.stm32cube.ide.mcu.externaltools.gnu-tools-for-stm32.14.3.rel1.win32_1.0.100.202602081740/tools/bin/../lib/gcc/arm-none-eabi/14.3.1/../../../../arm-none-eabi/lib/thumb/v7-m/nofp\libc_nano.a(libc_a-utoa.o)
                0x0800aca8                __utoa
 .text.snprintf
                0x0800ad2c       0x6c C:/ST/STM32CubeIDE_2.1.0/STM32CubeIDE/plugins/com.st.stm32cube.ide.mcu.externaltools.gnu-tools-for-stm32.14.3.rel1.win32_1.0.100.202602081740/tools/bin/../lib/gcc/arm-none-eabi/14.3.1/../../../../arm-none-eabi/lib/thumb/v7-m/nofp\libc_nano.a(libc_a-snprintf.o)
                0x0800ad2c                sniprintf
                0x0800ad2c                snprintf
 .text.memset   0x0800ad98       0x10 C:/ST/STM32CubeIDE_2.1.0/STM32CubeIDE/plugins/com.st.stm32cube.ide.mcu.externaltools.gnu-tools-for-stm32.14.3.rel1.win32_1.0.100.202602081740/tools/bin/../lib/gcc/arm-none-eabi/14.3.1/../../../../arm-none-eabi/lib/thumb/v7-m/nofp\libc_nano.a(libc_a-memset.o)
                0x0800ad98                memset
 .text.strncpy  0x0800ada8       0x26 C:/ST/STM32CubeIDE_2.1.0/STM32CubeIDE/plugins/com.st.stm32cube.ide.mcu.externaltools.gnu-tools-for-stm32.14.3.rel1.win32_1.0.100.202602081740/tools/bin/../lib/gcc/arm-none-eabi/14.3.1/../../../../arm-none-eabi/lib/thumb/v7-m/nofp\libc_nano.a(libc_a-strncpy.o)
                0x0800ada8                strncpy
 .text.strstr   0x0800adce       0x2c C:/ST/STM32CubeIDE_2.1.0/STM32CubeIDE/plugins/com.st.stm32cube.ide.mcu.externaltools.gnu-tools-for-stm32.14.3.rel1.win32_1.0.100.202602081740/tools/bin/../lib/gcc/arm-none-eabi/14.3.1/../../../../arm-none-eabi/lib/thumb/v7-m/nofp\libc_nano.a(libc_a-strstr.o)
                0x0800adce                strstr
 *fill*         0x0800adfa        0x2 
 .text.__errno  0x0800adfc        0xc C:/ST/STM32CubeIDE_2.1.0/STM32CubeIDE/plugins/com.st.stm32cube.ide.mcu.externaltools.gnu-tools-for-stm32.14.3.rel1.win32_1.0.100.202602081740/tools/bin/../lib/gcc/arm-none-eabi/14.3.1/../../../../arm-none-eabi/lib/thumb/v7-m/nofp\libc_nano.a(libc_a-errno.o)
                0x0800adfc                __errno
 .text.__libc_init_array
                0x0800ae08       0x48 C:/ST/STM32CubeIDE_2.1.0/STM32CubeIDE/plugins/com.st.stm32cube.ide.mcu.externaltools.gnu-tools-for-stm32.14.3.rel1.win32_1.0.100.202602081740/tools/bin/../lib/gcc/arm-none-eabi/14.3.1/../../../../arm-none-eabi/lib/thumb/v7-m/nofp\libc_nano.a(libc_a-init.o)
                0x0800ae08                __libc_init_array
 .text.__retarget_lock_acquire_recursive
                0x0800ae50        0x2 C:/ST/STM32CubeIDE_2.1.0/STM32CubeIDE/plugins/com.st.stm32cube.ide.mcu.externaltools.gnu-tools-for-stm32.14.3.rel1.win32_1.0.100.202602081740/tools/bin/../lib/gcc/arm-none-eabi/14.3.1/../../../../arm-none-eabi/lib/thumb/v7-m/nofp\libc_nano.a(libc_a-lock.o)
                0x0800ae50                __retarget_lock_acquire_recursive
 .text.__retarget_lock_release_recursive
                0x0800ae52        0x2 C:/ST/STM32CubeIDE_2.1.0/STM32CubeIDE/plugins/com.st.stm32cube.ide.mcu.externaltools.gnu-tools-for-stm32.14.3.rel1.win32_1.0.100.202602081740/tools/bin/../lib/gcc/arm-none-eabi/14.3.1/../../../../arm-none-eabi/lib/thumb/v7-m/nofp\libc_nano.a(libc_a-lock.o)
                0x0800ae52                __retarget_lock_release_recursive
 .text.strcpy   0x0800ae54       0x10 C:/ST/STM32CubeIDE_2.1.0/STM32CubeIDE/plugins/com.st.stm32cube.ide.mcu.externaltools.gnu-tools-for-stm32.14.3.rel1.win32_1.0.100.202602081740/tools/bin/../lib/gcc/arm-none-eabi/14.3.1/../../../../arm-none-eabi/lib/thumb/v7-m/nofp\libc_nano.a(libc_a-strcpy.o)
                0x0800ae54                strcpy
 .text.memcpy   0x0800ae64       0x1c C:/ST/STM32CubeIDE_2.1.0/STM32CubeIDE/plugins/com.st.stm32cube.ide.mcu.externaltools.gnu-tools-for-stm32.14.3.rel1.win32_1.0.100.202602081740/tools/bin/../lib/gcc/arm-none-eabi/14.3.1/../../../../arm-none-eabi/lib/thumb/v7-m/nofp\libc_nano.a(libc_a-memcpy-stub.o)
                0x0800ae64                memcpy
 .text._free_r  0x0800ae80       0x90 C:/ST/STM32CubeIDE_2.1.0/STM32CubeIDE/plugins/com.st.stm32cube.ide.mcu.externaltools.gnu-tools-for-stm32.14.3.rel1.win32_1.0.100.202602081740/tools/bin/../lib/gcc/arm-none-eabi/14.3.1/../../../../arm-none-eabi/lib/thumb/v7-m/nofp\libc_nano.a(libc_a-freer.o)
                0x0800ae80                _free_r
 .text.sbrk_aligned
                0x0800af10       0x44 C:/ST/STM32CubeIDE_2.1.0/STM32CubeIDE/plugins/com.st.stm32cube.ide.mcu.externaltools.gnu-tools-for-stm32.14.3.rel1.win32_1.0.100.202602081740/tools/bin/../lib/gcc/arm-none-eabi/14.3.1/../../../../arm-none-eabi/lib/thumb/v7-m/nofp\libc_nano.a(libc_a-mallocr.o)
 .text._malloc_r
                0x0800af54      0x100 C:/ST/STM32CubeIDE_2.1.0/STM32CubeIDE/plugins/com.st.stm32cube.ide.mcu.externaltools.gnu-tools-for-stm32.14.3.rel1.win32_1.0.100.202602081740/tools/bin/../lib/gcc/arm-none-eabi/14.3.1/../../../../arm-none-eabi/lib/thumb/v7-m/nofp\libc_nano.a(libc_a-mallocr.o)
                0x0800af54                _malloc_r
 .text.__malloc_lock
                0x0800b054        0xc C:/ST/STM32CubeIDE_2.1.0/STM32CubeIDE/plugins/com.st.stm32cube.ide.mcu.externaltools.gnu-tools-for-stm32.14.3.rel1.win32_1.0.100.202602081740/tools/bin/../lib/gcc/arm-none-eabi/14.3.1/../../../../arm-none-eabi/lib/thumb/v7-m/nofp\libc_nano.a(libc_a-mlock.o)
                0x0800b054                __malloc_lock
 .text.__malloc_unlock
                0x0800b060        0xc C:/ST/STM32CubeIDE_2.1.0/STM32CubeIDE/plugins/com.st.stm32cube.ide.mcu.externaltools.gnu-tools-for-stm32.14.3.rel1.win32_1.0.100.202602081740/tools/bin/../lib/gcc/arm-none-eabi/14.3.1/../../../../arm-none-eabi/lib/thumb/v7-m/nofp\libc_nano.a(libc_a-mlock.o)
                0x0800b060                __malloc_unlock
 .text.__ssputs_r
                0x0800b06c       0xc0 C:/ST/STM32CubeIDE_2.1.0/STM32CubeIDE/plugins/com.st.stm32cube.ide.mcu.externaltools.gnu-tools-for-stm32.14.3.rel1.win32_1.0.100.202602081740/tools/bin/../lib/gcc/arm-none-eabi/14.3.1/../../../../arm-none-eabi/lib/thumb/v7-m/nofp\libc_nano.a(libc_a-nano-svfprintf.o)
                0x0800b06c                __ssputs_r
 .text._svfprintf_r
                0x0800b12c      0x1f0 C:/ST/STM32CubeIDE_2.1.0/STM32CubeIDE/plugins/com.st.stm32cube.ide.mcu.externaltools.gnu-tools-for-stm32.14.3.rel1.win32_1.0.100.202602081740/tools/bin/../lib/gcc/arm-none-eabi/14.3.1/../../../../arm-none-eabi/lib/thumb/v7-m/nofp\libc_nano.a(libc_a-nano-svfprintf.o)
                0x0800b12c                _svfiprintf_r
                0x0800b12c                _svfprintf_r
 .text._printf_common
                0x0800b31c       0xe4 C:/ST/STM32CubeIDE_2.1.0/STM32CubeIDE/plugins/com.st.stm32cube.ide.mcu.externaltools.gnu-tools-for-stm32.14.3.rel1.win32_1.0.100.202602081740/tools/bin/../lib/gcc/arm-none-eabi/14.3.1/../../../../arm-none-eabi/lib/thumb/v7-m/nofp\libc_nano.a(libc_a-nano-vfprintf_i.o)
                0x0800b31c                _printf_common
 .text._printf_i
                0x0800b400      0x24c C:/ST/STM32CubeIDE_2.1.0/STM32CubeIDE/plugins/com.st.stm32cube.ide.mcu.externaltools.gnu-tools-for-stm32.14.3.rel1.win32_1.0.100.202602081740/tools/bin/../lib/gcc/arm-none-eabi/14.3.1/../../../../arm-none-eabi/lib/thumb/v7-m/nofp\libc_nano.a(libc_a-nano-vfprintf_i.o)
                0x0800b400                _printf_i
 .text.memmove  0x0800b64c       0x32 C:/ST/STM32CubeIDE_2.1.0/STM32CubeIDE/plugins/com.st.stm32cube.ide.mcu.externaltools.gnu-tools-for-stm32.14.3.rel1.win32_1.0.100.202602081740/tools/bin/../lib/gcc/arm-none-eabi/14.3.1/../../../../arm-none-eabi/lib/thumb/v7-m/nofp\libc_nano.a(libc_a-memmove.o)
                0x0800b64c                memmove
 *fill*         0x0800b67e        0x2 
 .text._sbrk_r  0x0800b680       0x20 C:/ST/STM32CubeIDE_2.1.0/STM32CubeIDE/plugins/com.st.stm32cube.ide.mcu.externaltools.gnu-tools-for-stm32.14.3.rel1.win32_1.0.100.202602081740/tools/bin/../lib/gcc/arm-none-eabi/14.3.1/../../../../arm-none-eabi/lib/thumb/v7-m/nofp\libc_nano.a(libc_a-sbrkr.o)
                0x0800b680                _sbrk_r
 .text.memchr   0x0800b6a0       0x1c C:/ST/STM32CubeIDE_2.1.0/STM32CubeIDE/plugins/com.st.stm32cube.ide.mcu.externaltools.gnu-tools-for-stm32.14.3.rel1.win32_1.0.100.202602081740/tools/bin/../lib/gcc/arm-none-eabi/14.3.1/../../../../arm-none-eabi/lib/thumb/v7-m/nofp\libc_nano.a(libc_a-memchr-stub.o)
                0x0800b6a0                memchr
 .text._realloc_r
                0x0800b6bc       0x5c C:/ST/STM32CubeIDE_2.1.0/STM32CubeIDE/plugins/com.st.stm32cube.ide.mcu.externaltools.gnu-tools-for-stm32.14.3.rel1.win32_1.0.100.202602081740/tools/bin/../lib/gcc/arm-none-eabi/14.3.1/../../../../arm-none-eabi/lib/thumb/v7-m/nofp\libc_nano.a(libc_a-reallocr.o)
                0x0800b6bc                _realloc_r
 .text._malloc_usable_size_r
                0x0800b718       0x10 C:/ST/STM32CubeIDE_2.1.0/STM32CubeIDE/plugins/com.st.stm32cube.ide.mcu.externaltools.gnu-tools-for-stm32.14.3.rel1.win32_1.0.100.202602081740/tools/bin/../lib/gcc/arm-none-eabi/14.3.1/../../../../arm-none-eabi/lib/thumb/v7-m/nofp\libc_nano.a(libc_a-msizer.o)
                0x0800b718                _malloc_usable_size_r
 *(.glue_7)
 .glue_7        0x0800b728        0x0 linker stubs
 *(.glue_7t)
 .glue_7t       0x0800b728        0x0 linker stubs
 *(.eh_frame)
 .eh_frame      0x0800b728        0x0 C:/ST/STM32CubeIDE_2.1.0/STM32CubeIDE/plugins/com.st.stm32cube.ide.mcu.externaltools.gnu-tools-for-stm32.14.3.rel1.win32_1.0.100.202602081740/tools/bin/../lib/gcc/arm-none-eabi/14.3.1/thumb/v7-m/nofp/crtbegin.o
 *(.init)
 .init          0x0800b728        0x4 C:/ST/STM32CubeIDE_2.1.0/STM32CubeIDE/plugins/com.st.stm32cube.ide.mcu.externaltools.gnu-tools-for-stm32.14.3.rel1.win32_1.0.100.202602081740/tools/bin/../lib/gcc/arm-none-eabi/14.3.1/thumb/v7-m/nofp/crti.o
                0x0800b728                _init
 .init          0x0800b72c        0x8 C:/ST/STM32CubeIDE_2.1.0/STM32CubeIDE/plugins/com.st.stm32cube.ide.mcu.externaltools.gnu-tools-for-stm32.14.3.rel1.win32_1.0.100.202602081740/tools/bin/../lib/gcc/arm-none-eabi/14.3.1/thumb/v7-m/nofp/crtn.o
 *(.fini)
 .fini          0x0800b734        0x4 C:/ST/STM32CubeIDE_2.1.0/STM32CubeIDE/plugins/com.st.stm32cube.ide.mcu.externaltools.gnu-tools-for-stm32.14.3.rel1.win32_1.0.100.202602081740/tools/bin/../lib/gcc/arm-none-eabi/14.3.1/thumb/v7-m/nofp/crti.o
                0x0800b734                _fini
 .fini          0x0800b738        0x8 C:/ST/STM32CubeIDE_2.1.0/STM32CubeIDE/plugins/com.st.stm32cube.ide.mcu.externaltools.gnu-tools-for-stm32.14.3.rel1.win32_1.0.100.202602081740/tools/bin/../lib/gcc/arm-none-eabi/14.3.1/thumb/v7-m/nofp/crtn.o
                0x0800b740                        . = ALIGN (0x4)
                0x0800b740                        _etext = .

.vfp11_veneer   0x0800b740        0x0
 .vfp11_veneer  0x0800b740        0x0 linker stubs

.v4_bx          0x0800b740        0x0
 .v4_bx         0x0800b740        0x0 linker stubs

.iplt           0x0800b740        0x0
 .iplt          0x0800b740        0x0 C:/ST/STM32CubeIDE_2.1.0/STM32CubeIDE/plugins/com.st.stm32cube.ide.mcu.externaltools.gnu-tools-for-stm32.14.3.rel1.win32_1.0.100.202602081740/tools/bin/../lib/gcc/arm-none-eabi/14.3.1/thumb/v7-m/nofp/crtbegin.o

.rodata         0x0800b740     0x1cf8
                0x0800b740                        . = ALIGN (0x4)
 *(.rodata)
 *(.rodata*)
 .rodata.ESP01_StartUDP.str1.1
                0x0800b740      0x540 ./Core/Src/esp01.o
                                  0x4 (size before relaxing)
 .rodata.ESP01_Send.str1.1
                0x0800bc80       0x30 ./Core/Src/esp01.o
 .rodata.ESP01_Task.str1.1
                0x0800bc80      0x15a ./Core/Src/esp01.o
 .rodata.responses
                0x0800bc80       0x4c ./Core/Src/esp01.o
                0x0800bc80                responses
 .rodata.respBUSYS
                0x0800bccc        0xb ./Core/Src/esp01.o
                0x0800bccc                respBUSYS
 .rodata.respBUSYP
                0x0800bcd7        0xb ./Core/Src/esp01.o
                0x0800bcd7                respBUSYP
 .rodata.respReady
                0x0800bce2        0xc ./Core/Src/esp01.o
                0x0800bce2                respReady
 .rodata.respIPD
                0x0800bcee        0x9 ./Core/Src/esp01.o
                0x0800bcee                respIPD
 .rodata.respBUSY
                0x0800bcf7        0xb ./Core/Src/esp01.o
                0x0800bcf7                respBUSY
 .rodata.respCIFSRAPIP
                0x0800bd02       0x11 ./Core/Src/esp01.o
                0x0800bd02                respCIFSRAPIP
 .rodata.respCLOSED
                0x0800bd13        0xd ./Core/Src/esp01.o
                0x0800bd13                respCLOSED
 .rodata.respCONNECT
                0x0800bd20        0xe ./Core/Src/esp01.o
                0x0800bd20                respCONNECT
 .rodata.respSENDOK
                0x0800bd2e        0xe ./Core/Src/esp01.o
                0x0800bd2e                respSENDOK
 .rodata.respDISCONNECTED
                0x0800bd3c       0x13 ./Core/Src/esp01.o
                0x0800bd3c                respDISCONNECTED
 .rodata.respWIFIDISCONNECTED
                0x0800bd4f       0x18 ./Core/Src/esp01.o
                0x0800bd4f                respWIFIDISCONNECTED
 .rodata.respWIFIDISCONNECT
                0x0800bd67       0x16 ./Core/Src/esp01.o
                0x0800bd67                respWIFIDISCONNECT
 .rodata.respWIFICONNECTED
                0x0800bd7d       0x15 ./Core/Src/esp01.o
                0x0800bd7d                respWIFICONNECTED
 .rodata.respWIFIGOTIP
                0x0800bd92       0x12 ./Core/Src/esp01.o
                0x0800bd92                respWIFIGOTIP
 .rodata.respERROR
                0x0800bda4        0xc ./Core/Src/esp01.o
                0x0800bda4                respERROR
 .rodata.respOK
                0x0800bdb0        0x9 ./Core/Src/esp01.o
                0x0800bdb0                respOK
 .rodata.respATp
                0x0800bdb9        0x8 ./Core/Src/esp01.o
                0x0800bdb9                respATp
 .rodata.respAT
                0x0800bdc1        0x8 ./Core/Src/esp01.o
                0x0800bdc1                respAT
 .rodata.ATCIPSERVER
                0x0800bdc9       0x14 ./Core/Src/esp01.o
                0x0800bdc9                ATCIPSERVER
 .rodata.ATCWDHCP
                0x0800bddd       0x14 ./Core/Src/esp01.o
                0x0800bddd                ATCWDHCP
 .rodata.ATCWSAP
                0x0800bdf1        0xe ./Core/Src/esp01.o
                0x0800bdf1                ATCWSAP
 .rodata.ATCIPSEND
                0x0800bdff        0xc ./Core/Src/esp01.o
                0x0800bdff                ATCIPSEND
 .rodata.ATCIPCLOSE
                0x0800be0b        0xe ./Core/Src/esp01.o
                0x0800be0b                ATCIPCLOSE
 .rodata.ATCIPSTART
                0x0800be19        0xd ./Core/Src/esp01.o
                0x0800be19                ATCIPSTART
 .rodata.ATCIFSR
                0x0800be26        0xb ./Core/Src/esp01.o
                0x0800be26                ATCIFSR
 .rodata.ATCWJAP
                0x0800be31        0xa ./Core/Src/esp01.o
                0x0800be31                ATCWJAP
 .rodata.ATCWMODE
                0x0800be3b        0xe ./Core/Src/esp01.o
                0x0800be3b                ATCWMODE
 .rodata.ATAT   0x0800be49        0x5 ./Core/Src/esp01.o
                0x0800be49                ATAT
 *fill*         0x0800be4e        0x2 
 .rodata.Font_11x18
                0x0800be50        0xc ./Core/Src/fonts.o
                0x0800be50                Font_11x18
 .rodata.Font_7x10
                0x0800be5c        0xc ./Core/Src/fonts.o
                0x0800be5c                Font_7x10
 .rodata.Font11x18
                0x0800be68      0xd5c ./Core/Src/fonts.o
 .rodata.Font7x10
                0x0800cbc4      0x76c ./Core/Src/fonts.o
 .rodata.ssd1306Data.str1.1
                0x0800d330       0x4c ./Core/Src/main.o
 .rodata.sendHTMLForm.str1.1
                0x0800d330      0x14a ./Core/Src/main.o
 .rodata.sendHTTPOKPage.str1.1
                0x0800d330       0x75 ./Core/Src/main.o
 .rodata.parseHTTPGetParams.str1.1
                0x0800d330       0x18 ./Core/Src/main.o
 .rodata.httpTask.str1.1
                0x0800d330       0x10 ./Core/Src/main.o
 .rodata.HandleModeScreenTransition.str1.1
                0x0800d330       0x4b ./Core/Src/main.o
 .rodata.main.str1.1
                0x0800d330       0x1b ./Core/Src/main.o
 .rodata.LUT_Y_SCALE
                0x0800d330       0x20 ./Core/Src/main.o
                0x0800d330                LUT_Y_SCALE
 .rodata.LUT_PROMEDIO
                0x0800d350       0x20 ./Core/Src/main.o
                0x0800d350                LUT_PROMEDIO
 .rodata.LUT_IR5_DER
                0x0800d370       0x20 ./Core/Src/main.o
                0x0800d370                LUT_IR5_DER
 .rodata.LUT_IR3_CEN
                0x0800d390       0x20 ./Core/Src/main.o
                0x0800d390                LUT_IR3_CEN
 .rodata.LUT_IR1_IZQ
                0x0800d3b0       0x20 ./Core/Src/main.o
                0x0800d3b0                LUT_IR1_IZQ
 .rodata.str1.1
                0x0800d3d0       0x81 ./Core/Src/main.o
 .rodata.knownNetworks
                0x0800d3d0       0x30 ./Core/Src/main.o
 .rodata.firmware
                0x0800d400        0xd ./Core/Src/main.o
                0x0800d400                firmware
 .rodata.APBPrescTable
                0x0800d40d        0x8 ./Core/Src/system_stm32f1xx.o
                0x0800d40d                APBPrescTable
 .rodata.AHBPrescTable
                0x0800d415       0x10 ./Core/Src/system_stm32f1xx.o
                0x0800d415                AHBPrescTable
 .rodata.aPredivFactorTable.0
                0x0800d425        0x2 ./Drivers/STM32F1xx_HAL_Driver/Src/stm32f1xx_hal_rcc.o
 .rodata.aPLLMULFactorTable.1
                0x0800d427       0x10 ./Drivers/STM32F1xx_HAL_Driver/Src/stm32f1xx_hal_rcc.o
 .rodata.USBD_FS_ManufacturerStrDescriptor.str1.1
                0x0800d437       0x13 ./USB_DEVICE/App/usbd_desc.o
 .rodata.USBD_FS_ProductStrDescriptor.str1.1
                0x0800d437       0x16 ./USB_DEVICE/App/usbd_desc.o
 .rodata.USBD_FS_ConfigStrDescriptor.str1.1
                0x0800d437        0xb ./USB_DEVICE/App/usbd_desc.o
 .rodata.USBD_FS_InterfaceStrDescriptor.str1.1
                0x0800d437        0xe ./USB_DEVICE/App/usbd_desc.o
 .rodata.__utoa.str1.1
                0x0800d437       0x25 C:/ST/STM32CubeIDE_2.1.0/STM32CubeIDE/plugins/com.st.stm32cube.ide.mcu.externaltools.gnu-tools-for-stm32.14.3.rel1.win32_1.0.100.202602081740/tools/bin/../lib/gcc/arm-none-eabi/14.3.1/../../../../arm-none-eabi/lib/thumb/v7-m/nofp\libc_nano.a(libc_a-utoa.o)
 .rodata._svfprintf_r.str1.1
                0x0800d437       0x11 C:/ST/STM32CubeIDE_2.1.0/STM32CubeIDE/plugins/com.st.stm32cube.ide.mcu.externaltools.gnu-tools-for-stm32.14.3.rel1.win32_1.0.100.202602081740/tools/bin/../lib/gcc/arm-none-eabi/14.3.1/../../../../arm-none-eabi/lib/thumb/v7-m/nofp\libc_nano.a(libc_a-nano-svfprintf.o)
 .rodata._printf_i.str1.1
                0x0800d437       0x22 C:/ST/STM32CubeIDE_2.1.0/STM32CubeIDE/plugins/com.st.stm32cube.ide.mcu.externaltools.gnu-tools-for-stm32.14.3.rel1.win32_1.0.100.202602081740/tools/bin/../lib/gcc/arm-none-eabi/14.3.1/../../../../arm-none-eabi/lib/thumb/v7-m/nofp\libc_nano.a(libc_a-nano-vfprintf_i.o)
                0x0800d47c                        . = ALIGN (0x4)
 *fill*         0x0800d437        0x1 

.ARM.extab      0x0800d438        0x0
                0x0800d438                        . = ALIGN (0x4)
 *(.ARM.extab* .gnu.linkonce.armextab.*)
                0x0800d438                        . = ALIGN (0x4)

.ARM            0x0800d438        0x8
                0x0800d438                        . = ALIGN (0x4)
                0x0800d438                        __exidx_start = .
 *(.ARM.exidx*)
 .ARM.exidx     0x0800d438        0x8 C:/ST/STM32CubeIDE_2.1.0/STM32CubeIDE/plugins/com.st.stm32cube.ide.mcu.externaltools.gnu-tools-for-stm32.14.3.rel1.win32_1.0.100.202602081740/tools/bin/../lib/gcc/arm-none-eabi/14.3.1/../../../../arm-none-eabi/lib/thumb/v7-m/nofp\libc_nano.a(libc_a-strlen.o)
 .ARM.exidx     0x0800d440        0x0 C:/ST/STM32CubeIDE_2.1.0/STM32CubeIDE/plugins/com.st.stm32cube.ide.mcu.externaltools.gnu-tools-for-stm32.14.3.rel1.win32_1.0.100.202602081740/tools/bin/../lib/gcc/arm-none-eabi/14.3.1/thumb/v7-m/nofp\libgcc.a(_udivmoddi4.o)
                                  0x8 (size before relaxing)
                0x0800d440                        __exidx_end = .
                0x0800d440                        . = ALIGN (0x4)

.preinit_array  0x0800d440        0x0
                0x0800d440                        . = ALIGN (0x4)
                0x0800d440                        PROVIDE (__preinit_array_start = .)
 *(.preinit_array*)
                0x0800d440                        PROVIDE (__preinit_array_end = .)
                0x0800d440                        . = ALIGN (0x4)

.init_array     0x0800d440        0x4
                0x0800d440                        . = ALIGN (0x4)
                0x0800d440                        PROVIDE (__init_array_start = .)
 *(SORT_BY_NAME(.init_array.*))
 *(.init_array*)
 .init_array    0x0800d440        0x4 C:/ST/STM32CubeIDE_2.1.0/STM32CubeIDE/plugins/com.st.stm32cube.ide.mcu.externaltools.gnu-tools-for-stm32.14.3.rel1.win32_1.0.100.202602081740/tools/bin/../lib/gcc/arm-none-eabi/14.3.1/thumb/v7-m/nofp/crtbegin.o
                0x0800d444                        PROVIDE (__init_array_end = .)
                0x0800d444                        . = ALIGN (0x4)

.fini_array     0x0800d444        0x4
                0x0800d444                        . = ALIGN (0x4)
                [!provide]                        PROVIDE (__fini_array_start = .)
 *(SORT_BY_NAME(.fini_array.*))
 *(.fini_array*)
 .fini_array    0x0800d444        0x4 C:/ST/STM32CubeIDE_2.1.0/STM32CubeIDE/plugins/com.st.stm32cube.ide.mcu.externaltools.gnu-tools-for-stm32.14.3.rel1.win32_1.0.100.202602081740/tools/bin/../lib/gcc/arm-none-eabi/14.3.1/thumb/v7-m/nofp/crtbegin.o
                [!provide]                        PROVIDE (__fini_array_end = .)
                0x0800d448                        . = ALIGN (0x4)
                0x0800d448                        _sidata = LOADADDR (.data)

.rel.dyn        0x0800d448        0x0
 .rel.iplt      0x0800d448        0x0 C:/ST/STM32CubeIDE_2.1.0/STM32CubeIDE/plugins/com.st.stm32cube.ide.mcu.externaltools.gnu-tools-for-stm32.14.3.rel1.win32_1.0.100.202602081740/tools/bin/../lib/gcc/arm-none-eabi/14.3.1/thumb/v7-m/nofp/crtbegin.o

.data           0x20000000      0x25c load address 0x0800d448
                0x20000000                        . = ALIGN (0x4)
                0x20000000                        _sdata = .
 *(.data)
 *(.data*)
 .data.esp01AP_ENC
                0x20000000        0x2 ./Core/Src/esp01.o
 .data.esp01AP_CH
                0x20000002        0x3 ./Core/Src/esp01.o
 .data.esp01PROTO
                0x20000005        0x4 ./Core/Src/esp01.o
 .data.lastMode.7
                0x20000009        0x1 ./Core/Src/main.o
 .data.search_direction.10
                0x2000000a        0x1 ./Core/Src/main.o
 .data.bufferTx.21
                0x2000000b        0x9 ./Core/Src/main.o
 .data.obs_align_dist
                0x20000014        0x2 ./Core/Src/main.o
                0x20000014                obs_align_dist
 .data.obs_stop_cycles
                0x20000016        0x2 ./Core/Src/main.o
                0x20000016                obs_stop_cycles
 .data.obs_side_dist
                0x20000018        0x2 ./Core/Src/main.o
                0x20000018                obs_side_dist
 .data.obs_lost_dist
                0x2000001a        0x2 ./Core/Src/main.o
                0x2000001a                obs_lost_dist
 .data.obs_corner_dist
                0x2000001c        0x2 ./Core/Src/main.o
                0x2000001c                obs_corner_dist
 .data.obs_detect_dist
                0x2000001e        0x2 ./Core/Src/main.o
                0x2000001e                obs_detect_dist
 .data.turn_limit
                0x20000020        0x2 ./Core/Src/main.o
                0x20000020                turn_limit
 .data.vel_damp_limit
                0x20000022        0x2 ./Core/Src/main.o
                0x20000022                vel_damp_limit
 .data.vel_damp_div
                0x20000024        0x2 ./Core/Src/main.o
                0x20000024                vel_damp_div
 .data.turn_divisor
                0x20000026        0x2 ./Core/Src/main.o
                0x20000026                turn_divisor
 .data.custom_turn
                0x20000028        0x2 ./Core/Src/main.o
                0x20000028                custom_turn
 .data.Kq_line_backup
                0x2000002a        0x2 ./Core/Src/main.o
                0x2000002a                Kq_line_backup
 .data.Kp_line_backup
                0x2000002c        0x2 ./Core/Src/main.o
                0x2000002c                Kp_line_backup
 .data.Kq_line  0x2000002e        0x2 ./Core/Src/main.o
                0x2000002e                Kq_line
 .data.Kp_line  0x20000030        0x2 ./Core/Src/main.o
                0x20000030                Kp_line
 .data.recovery_target_angle
                0x20000032        0x2 ./Core/Src/main.o
                0x20000032                recovery_target_angle
 .data.recovery_trigger_angle
                0x20000034        0x2 ./Core/Src/main.o
                0x20000034                recovery_trigger_angle
 .data.attack_setpoint
                0x20000036        0x2 ./Core/Src/main.o
                0x20000036                attack_setpoint
 .data.setpoint
                0x20000038        0x4 ./Core/Src/main.o
                0x20000038                setpoint
 .data.PWM_RRot
                0x2000003c        0x2 ./Core/Src/main.o
                0x2000003c                PWM_RRot
 .data.PWM_LRot
                0x2000003e        0x2 ./Core/Src/main.o
                0x2000003e                PWM_LRot
 .data.minPWM_Right
                0x20000040        0x2 ./Core/Src/main.o
                0x20000040                minPWM_Right
 .data.minPWM_Left
                0x20000042        0x2 ./Core/Src/main.o
                0x20000042                minPWM_Left
 .data.maxPWM   0x20000044        0x2 ./Core/Src/main.o
                0x20000044                maxPWM
 .data.Kd_stable
                0x20000046        0x2 ./Core/Src/main.o
                0x20000046                Kd_stable
 .data.Kp_stable
                0x20000048        0x2 ./Core/Src/main.o
                0x20000048                Kp_stable
 *fill*         0x2000004a        0x2 
 .data.measured_dt_ms
                0x2000004c        0x4 ./Core/Src/main.o
                0x2000004c                measured_dt_ms
 .data.networkScanTimer
                0x20000050        0x2 ./Core/Src/main.o
 .data.udpTargetPort
                0x20000052        0x2 ./Core/Src/main.o
 .data.udpTargetIP
                0x20000054       0x10 ./Core/Src/main.o
 .data.udpSilenceCounter
                0x20000064        0x1 ./Core/Src/main.o
                0x20000064                udpSilenceCounter
 *fill*         0x20000065        0x1 
 .data.movingOff
                0x20000066        0x2 ./Core/Src/main.o
                0x20000066                movingOff
 .data.staticOff
                0x20000068        0x2 ./Core/Src/main.o
                0x20000068                staticOff
 .data.tmo100   0x2000006a        0x1 ./Core/Src/main.o
                0x2000006a                tmo100
 .data.tmo20ms  0x2000006b        0x1 ./Core/Src/main.o
                0x2000006b                tmo20ms
 .data.tmo100ms
                0x2000006c        0x1 ./Core/Src/main.o
                0x2000006c                tmo100ms
 *fill*         0x2000006d        0x3 
 .data.heartBeatMask
                0x20000070       0x14 ./Core/Src/main.o
                0x20000070                heartBeatMask
 .data.mpu_state
                0x20000084        0x1 ./Core/Src/mpu6050.o
 .data.ssd1306_dma_state
                0x20000085        0x1 ./Core/Src/ssd1306.o
 *fill*         0x20000086        0x2 
 .data.SystemCoreClock
                0x20000088        0x4 ./Core/Src/system_stm32f1xx.o
                0x20000088                SystemCoreClock
 .data.uwTickFreq
                0x2000008c        0x1 ./Drivers/STM32F1xx_HAL_Driver/Src/stm32f1xx_hal.o
                0x2000008c                uwTickFreq
 *fill*         0x2000008d        0x3 
 .data.uwTickPrio
                0x20000090        0x4 ./Drivers/STM32F1xx_HAL_Driver/Src/stm32f1xx_hal.o
                0x20000090                uwTickPrio
 .data.USBD_CDC_OtherSpeedCfgDesc
                0x20000094       0x43 ./Middlewares/ST/STM32_USB_Device_Library/Class/CDC/Src/usbd_cdc.o
                0x20000094                USBD_CDC_OtherSpeedCfgDesc
 *fill*         0x200000d7        0x1 
 .data.USBD_CDC_CfgFSDesc
                0x200000d8       0x43 ./Middlewares/ST/STM32_USB_Device_Library/Class/CDC/Src/usbd_cdc.o
                0x200000d8                USBD_CDC_CfgFSDesc
 *fill*         0x2000011b        0x1 
 .data.USBD_CDC_CfgHSDesc
                0x2000011c       0x43 ./Middlewares/ST/STM32_USB_Device_Library/Class/CDC/Src/usbd_cdc.o
                0x2000011c                USBD_CDC_CfgHSDesc
 *fill*         0x2000015f        0x1 
 .data.USBD_CDC
                0x20000160       0x38 ./Middlewares/ST/STM32_USB_Device_Library/Class/CDC/Src/usbd_cdc.o
                0x20000160                USBD_CDC
 .data.USBD_CDC_DeviceQualifierDesc
                0x20000198        0xa ./Middlewares/ST/STM32_USB_Device_Library/Class/CDC/Src/usbd_cdc.o
 *fill*         0x200001a2        0x2 
 .data.USBD_Interface_fops_FS
                0x200001a4       0x10 ./USB_DEVICE/App/usbd_cdc_if.o
                0x200001a4                USBD_Interface_fops_FS
 .data.LineCoding
                0x200001b4        0x8 ./USB_DEVICE/App/usbd_cdc_if.o