../Core/Src/main.c:487:6:USBRxData	8	static
../Core/Src/main.c:1350:6:WiFi_Data_Callback	0	static
../Core/Src/main.c:1315:6:CHPD_Control	8	static
../Core/Src/main.c:1061:6:displayMemWrite	24	static
../Core/Src/main.c:1069:6:mpuMemWrite	24	static
../Core/Src/main.c:1065:6:displayMemWriteDMA	16	static
../Core/Src/main.c:1073:6:mpuMemReadDMA	16	static
../Core/Src/main.c:1326:5:USART_SendByte	16	static
../Core/Src/main.c:1344:6:DebugESP01_To_USB	8	static
../Core/Src/main.c:1479:6:OnESP01ChangeState	8	static
../Core/Src/main.c:447:6:HAL_ADC_ConvCpltCallback	0	static
../Core/Src/main.c:454:6:HAL_I2C_MemTxCpltCallback	0	static
../Core/Src/main.c:458:6:HAL_I2C_MemRxCpltCallback	0	static
../Core/Src/main.c:462:6:HAL_TIM_PeriodElapsedCallback	8	static
../Core/Src/main.c:524:6:decodeCommand	88	static
../Core/Src/main.c:496:6:COMMTask	288	static
../Core/Src/main.c:1042:6:do100ms	0	static
../Core/Src/main.c:1048:6:heartBeatTask	8	static
../Core/Src/main.c:1077:6:ssd1306Data	64	static
../Core/Src/main.c:1193:6:i2cTask	16	static
../Core/Src/main.c:1281:6:PWM_Control	0	static
../Core/Src/main.c:1339:6:FeedRxBuf	8	static
../Core/Src/main.c:1394:6:sendHTMLForm	24	static
../Core/Src/main.c:1413:6:sendHTTPOKPage	24	static
../Core/Src/main.c:1429:6:parseHTTPGetParams	24	static
../Core/Src/main.c:1511:6:httpTask	184	static
../Core/Src/main.c:1567:6:initButton	0	static
../Core/Src/main.c:1574:9:updateMefTask	0	static
../Core/Src/main.c:1610:6:buttonTimeout10ms	8	static
../Core/Src/main.c:973:6:do10ms	16	static
../Core/Src/main.c:1634:6:buttonTask	0	static
../Core/Src/main.c:1647:6:PID_ControlTask	40	static
../Core/Src/main.c:2323:6:SystemClock_Config	88	static,ignoring_inline_asm
../Core/Src/main.c:2178:5:main	104	static,ignoring_inline_asm
../Core/Src/main.c:2843:6:HAL_UART_RxCpltCallback	8	static
../Core/Src/main.c:2856:6:HAL_UART_ErrorCallback	8	static
../Core/Src/main.c:2877:6:Error_Handler	0	static,ignoring_inline_asm
