../Core/Src/main.c:223:6:USBRxData	8	static
../Core/Src/main.c:370:6:displayMemWrite	24	static
../Core/Src/main.c:378:6:mpuMemWrite	24	static
../Core/Src/main.c:374:6:displayMemWriteDMA	16	static
../Core/Src/main.c:382:6:mpuMemReadDMA	16	static
../Core/Src/main.c:183:6:HAL_ADC_ConvCpltCallback	0	static
../Core/Src/main.c:190:6:HAL_I2C_MemTxCpltCallback	0	static
../Core/Src/main.c:194:6:HAL_I2C_MemRxCpltCallback	0	static
../Core/Src/main.c:198:6:HAL_TIM_PeriodElapsedCallback	8	static
../Core/Src/main.c:250:6:decodeCommand	16	static
../Core/Src/main.c:232:6:USBTask	272	static
../Core/Src/main.c:354:6:do100ms	0	static
../Core/Src/main.c:360:6:heartBeatTask	8	static
../Core/Src/main.c:336:6:do10ms	8	static
../Core/Src/main.c:386:6:ssd1306Data	32	static
../Core/Src/main.c:456:6:i2cTask	16	static
../Core/Src/main.c:509:6:PWM_Control	0	static
../Core/Src/main.c:656:6:SystemClock_Config	88	static,ignoring_inline_asm
../Core/Src/main.c:555:5:main	88	static,ignoring_inline_asm
../Core/Src/main.c:1069:6:Error_Handler	0	static,ignoring_inline_asm
