../Core/Src/main.c:477:6:USBRxData	8	static
../Core/Src/main.c:1326:6:WiFi_Data_Callback	0	static
../Core/Src/main.c:1291:6:CHPD_Control	8	static
../Core/Src/main.c:1037:6:displayMemWrite	24	static
../Core/Src/main.c:1045:6:mpuMemWrite	24	static
../Core/Src/main.c:1041:6:displayMemWriteDMA	16	static
../Core/Src/main.c:1049:6:mpuMemReadDMA	16	static
../Core/Src/main.c:1302:5:USART_SendByte	16	static
../Core/Src/main.c:1320:6:DebugESP01_To_USB	8	static
../Core/Src/main.c:1455:6:OnESP01ChangeState	8	static
../Core/Src/main.c:437:6:HAL_ADC_ConvCpltCallback	0	static
../Core/Src/main.c:444:6:HAL_I2C_MemTxCpltCallback	0	static
../Core/Src/main.c:448:6:HAL_I2C_MemRxCpltCallback	0	static
../Core/Src/main.c:452:6:HAL_TIM_PeriodElapsedCallback	8	static
../Core/Src/main.c:514:6:decodeCommand	88	static
../Core/Src/main.c:486:6:COMMTask	288	static
../Core/Src/main.c:1018:6:do100ms	0	static
../Core/Src/main.c:1024:6:heartBeatTask	8	static
../Core/Src/main.c:1053:6:ssd1306Data	64	static
../Core/Src/main.c:1169:6:i2cTask	16	static
../Core/Src/main.c:1257:6:PWM_Control	0	static
../Core/Src/main.c:1315:6:FeedRxBuf	8	static
../Core/Src/main.c:1370:6:sendHTMLForm	24	static
../Core/Src/main.c:1389:6:sendHTTPOKPage	24	static
../Core/Src/main.c:1405:6:parseHTTPGetParams	24	static
../Core/Src/main.c:1483:6:httpTask	184	static
../Core/Src/main.c:1539:6:initButton	0	static
../Core/Src/main.c:1546:9:updateMefTask	0	static
../Core/Src/main.c:1582:6:buttonTimeout10ms	8	static
../Core/Src/main.c:947:6:do10ms	16	static
../Core/Src/main.c:1606:6:buttonTask	0	static
../Core/Src/main.c:1619:6:PID_ControlTask	40	static
../Core/Src/main.c:2270:6:SystemClock_Config	88	static,ignoring_inline_asm
../Core/Src/main.c:2125:5:main	104	static,ignoring_inline_asm
../Core/Src/main.c:2790:6:HAL_UART_RxCpltCallback	8	static
../Core/Src/main.c:2803:6:HAL_UART_ErrorCallback	8	static
../Core/Src/main.c:2824:6:Error_Handler	0	static,ignoring_inline_asm
