../Core/Src/ssd1306.c:13:6:ssd1306_Reset	0	static
../Core/Src/ssd1306.c:18:6:ssd1306_WriteCommand	16	static
../Core/Src/ssd1306.c:23:6:ssd1306_WriteCommandDMA	16	static
../Core/Src/ssd1306.c:29:6:ssd1306_WriteData	8	static
../Core/Src/ssd1306.c:34:6:ssd1306_WriteDataDMA	8	static
../Core/Src/ssd1306.c:80:17:ssd1306_FillBuffer	8	static
../Core/Src/ssd1306.c:89:6:ssd1306_Attach_MemWriteDMA	0	static
../Core/Src/ssd1306.c:93:6:ssd1306_Attach_MemWrite	0	static
../Core/Src/ssd1306.c:97:6:ssd1306_ADC_ConfCpltCallback	0	static
../Core/Src/ssd1306.c:205:6:ssd1306_Fill	8	static
../Core/Src/ssd1306.c:210:6:ssd1306_UpdateScreen	24	static
../Core/Src/ssd1306.c:227:6:ssd1306_UpdateScreenDMA	8	static
../Core/Src/ssd1306.c:277:6:ssd1306_DrawPixel	4	static
../Core/Src/ssd1306.c:297:6:ssd1306_WriteChar	64	static
../Core/Src/ssd1306.c:334:6:ssd1306_WriteString	40	static
../Core/Src/ssd1306.c:348:6:ssd1306_SetCursor	0	static
../Core/Src/ssd1306.c:354:6:ssd1306_Line	56	static
../Core/Src/ssd1306.c:381:6:ssd1306_Polyline	32	static
../Core/Src/ssd1306.c:416:6:ssd1306_DrawArc	72	static
../Core/Src/ssd1306.c:456:6:ssd1306_DrawArcWithRadiusLine	72	static
../Core/Src/ssd1306.c:499:6:ssd1306_DrawCircle	48	static
../Core/Src/ssd1306.c:534:6:ssd1306_FillCircle	56	static
../Core/Src/ssd1306.c:570:6:ssd1306_DrawRectangle	32	static
../Core/Src/ssd1306.c:580:6:ssd1306_FillRectangle	32	static
../Core/Src/ssd1306.c:594:17:ssd1306_InvertRectangle	28	static
../Core/Src/ssd1306.c:625:6:ssd1306_DrawBitmap	56	static
../Core/Src/ssd1306.c:649:6:ssd1306_SetContrast	8	static
../Core/Src/ssd1306.c:655:6:ssd1306_SetDisplayOn	8	static
../Core/Src/ssd1306.c:102:6:ssd1306_Init	8	static
../Core/Src/ssd1306.c:667:9:ssd1306_GetDisplayOn	0	static
