../Core/Src/esp01.c:788:13:ESP01StrToBufTX	12	static
../Core/Src/esp01.c:796:13:ESP01ByteToBufTX	8	static
../Core/Src/esp01.c:135:6:ESP01_SetWIFI	16	static
../Core/Src/esp01.c:152:15:ESP01_StartUDP	16	static
../Core/Src/esp01.c:178:15:ESP01_StartTCP	16	static
../Core/Src/esp01.c:205:6:ESP01_CloseUDPTCP	0	static
../Core/Src/esp01.c:212:15:ESP01_StateWIFI	0	static
../Core/Src/esp01.c:222:7:ESP01_GetLocalIP	0	static
../Core/Src/esp01.c:230:15:ESP01_StateUDPTCP	0	static
../Core/Src/esp01.c:241:6:ESP01_WriteRX	8	static
../Core/Src/esp01.c:249:15:ESP01_Send	48	static
../Core/Src/esp01.c:297:6:ESP01_Init	0	static
../Core/Src/esp01.c:313:6:ESP01_Timeout10ms	0	static
../Core/Src/esp01.c:327:6:ESP01_Task	40	static
../Core/Src/esp01.c:338:6:ESP01_AttachChangeState	0	static
../Core/Src/esp01.c:342:6:ESP01_AttachDebugStr	0	static
../Core/Src/esp01.c:346:5:ESP01_IsHDRRST	0	static
