../Core/Src/main.c:225:6:USBRxData	20	static
../Core/Src/main.c:372:6:displayMemWrite	24	static
../Core/Src/main.c:380:6:mpuMemWrite	0	static
../Core/Src/main.c:376:6:displayMemWriteDMA	16	static
../Core/Src/main.c:384:6:mpuMemReadDMA	16	static
../Core/Src/main.c:185:6:HAL_ADC_ConvCpltCallback	0	static
../Core/Src/main.c:192:6:HAL_I2C_MemTxCpltCallback	0	static
../Core/Src/main.c:196:6:HAL_I2C_MemRxCpltCallback	0	static
../Core/Src/main.c:200:6:HAL_TIM_PeriodElapsedCallback	16	static
../Core/Src/main.c:252:6:decodeCommand	16	static
../Core/Src/main.c:234:6:USBTask	280	static
../Core/Src/main.c:356:6:do100ms	0	static
../Core/Src/main.c:362:6:heartBeatTask	8	static
../Core/Src/main.c:338:6:do10ms	4	static
../Core/Src/main.c:388:6:ssd1306Data	32	static
../Core/Src/main.c:458:6:i2cTask	16	static
../Core/Src/main.c:509:6:PWM_Control	0	static
../Core/Src/main.c:664:6:SystemClock_Config	88	static,ignoring_inline_asm
../Core/Src/main.c:557:5:main	104	static,ignoring_inline_asm
../Core/Src/main.c:1128:6:Error_Handler	0	static,ignoring_inline_asm
