../Core/Src/main.c:524:6:USBRxData	20	static
../Core/Src/main.c:1392:6:CHPD_Control	0	static
../Core/Src/main.c:1138:6:displayMemWrite	24	static
../Core/Src/main.c:1146:6:mpuMemWrite	0	static
../Core/Src/main.c:1142:6:displayMemWriteDMA	16	static
../Core/Src/main.c:1150:6:mpuMemReadDMA	16	static
../Core/Src/main.c:1403:5:USART_SendByte	16	static
../Core/Src/main.c:1421:6:DebugESP01_To_USB	8	static
../Core/Src/main.c:1427:6:WiFi_Data_Callback	8	static
../Core/Src/main.c:1556:6:OnESP01ChangeState	8	static
../Core/Src/main.c:2176:17:LUT_Interpolate.constprop	12	static
../Core/Src/main.c:482:6:HAL_ADC_ConvCpltCallback	0	static
../Core/Src/main.c:489:6:HAL_I2C_MemTxCpltCallback	0	static
../Core/Src/main.c:493:6:HAL_I2C_MemRxCpltCallback	0	static
../Core/Src/main.c:497:6:HAL_TIM_PeriodElapsedCallback	8	static
../Core/Src/main.c:561:6:decodeCommand	88	static
../Core/Src/main.c:533:6:COMMTask	288	static
../Core/Src/main.c:1119:6:do100ms	0	static
../Core/Src/main.c:1125:6:heartBeatTask	8	static
../Core/Src/main.c:1154:6:ssd1306Data	64	static
../Core/Src/main.c:1270:6:i2cTask	24	static
../Core/Src/main.c:1358:6:PWM_Control	0	static
../Core/Src/main.c:1416:6:FeedRxBuf	0	static
../Core/Src/main.c:1471:6:sendHTMLForm	16	static
../Core/Src/main.c:1490:6:sendHTTPOKPage	16	static
../Core/Src/main.c:1506:6:parseHTTPGetParams	32	static
../Core/Src/main.c:1588:6:httpTask	192	static
../Core/Src/main.c:1644:6:initButton	0	static
../Core/Src/main.c:1651:9:updateMefTask	0	static
../Core/Src/main.c:1687:6:buttonTimeout10ms	8	static
../Core/Src/main.c:1020:6:do10ms	32	static
../Core/Src/main.c:1711:6:buttonTask	16	static
../Core/Src/main.c:2209:6:NormalizeLineSensors	16	static
../Core/Src/main.c:1739:6:PID_ControlTask	88	static
../Core/Src/main.c:2371:6:SystemClock_Config	88	static,ignoring_inline_asm
../Core/Src/main.c:2225:5:main	104	static,ignoring_inline_asm
../Core/Src/main.c:2891:6:HAL_UART_RxCpltCallback	8	static
../Core/Src/main.c:2904:6:HAL_UART_ErrorCallback	0	static
../Core/Src/main.c:2926:6:Error_Handler	0	static,ignoring_inline_asm
