../Core/Src/main.c:469:6:USBRxData	2
../Core/Src/main.c:1283:6:CHPD_Control	1
../Core/Src/main.c:1029:6:displayMemWrite	1
../Core/Src/main.c:1037:6:mpuMemWrite	1
../Core/Src/main.c:1033:6:displayMemWriteDMA	1
../Core/Src/main.c:1041:6:mpuMemReadDMA	1
../Core/Src/main.c:1294:5:USART_SendByte	1
../Core/Src/main.c:1312:6:DebugESP01_To_USB	1
../Core/Src/main.c:1318:6:WiFi_Data_Callback	7
../Core/Src/main.c:1447:6:OnESP01ChangeState	3
../Core/Src/main.c:429:6:HAL_ADC_ConvCpltCallback	2
../Core/Src/main.c:436:6:HAL_I2C_MemTxCpltCallback	1
../Core/Src/main.c:440:6:HAL_I2C_MemRxCpltCallback	1
../Core/Src/main.c:444:6:HAL_TIM_PeriodElapsedCallback	5
../Core/Src/main.c:506:6:decodeCommand	46
../Core/Src/main.c:478:6:COMMTask	6
../Core/Src/main.c:1010:6:do100ms	2
../Core/Src/main.c:1016:6:heartBeatTask	2
../Core/Src/main.c:1045:6:ssd1306Data	3
../Core/Src/main.c:1161:6:i2cTask	13
../Core/Src/main.c:1249:6:PWM_Control	1
../Core/Src/main.c:1307:6:FeedRxBuf	1
../Core/Src/main.c:1362:6:sendHTMLForm	1
../Core/Src/main.c:1381:6:sendHTTPOKPage	1
../Core/Src/main.c:1397:6:parseHTTPGetParams	16
../Core/Src/main.c:1475:6:httpTask	8
../Core/Src/main.c:1531:6:initButton	1
../Core/Src/main.c:1538:9:updateMefTask	9
../Core/Src/main.c:1574:6:buttonTimeout10ms	4
../Core/Src/main.c:939:6:do10ms	13
../Core/Src/main.c:1598:6:buttonTask	5
../Core/Src/main.c:1611:6:PID_ControlTask	55
../Core/Src/main.c:2223:6:SystemClock_Config	4
../Core/Src/main.c:2078:5:main	32
../Core/Src/main.c:2743:6:HAL_UART_RxCpltCallback	2
../Core/Src/main.c:2756:6:HAL_UART_ErrorCallback	2
../Core/Src/main.c:2777:6:Error_Handler	1
