../Core/Src/main.c:530:6:USBRxData	20	static
../Core/Src/main.c:1370:6:CHPD_Control	0	static
../Core/Src/main.c:1116:6:displayMemWrite	24	static
../Core/Src/main.c:1124:6:mpuMemWrite	0	static
../Core/Src/main.c:1120:6:displayMemWriteDMA	16	static
../Core/Src/main.c:1128:6:mpuMemReadDMA	16	static
../Core/Src/main.c:1381:5:USART_SendByte	16	static
../Core/Src/main.c:1399:6:DebugESP01_To_USB	8	static
../Core/Src/main.c:1405:6:WiFi_Data_Callback	8	static
../Core/Src/main.c:1534:6:OnESP01ChangeState	8	static
../Core/Src/main.c:2276:17:LUT_Interpolate.constprop	12	static
../Core/Src/main.c:490:6:HAL_ADC_ConvCpltCallback	0	static
../Core/Src/main.c:497:6:HAL_I2C_MemTxCpltCallback	0	static
../Core/Src/main.c:501:6:HAL_I2C_MemRxCpltCallback	0	static
../Core/Src/main.c:505:6:HAL_TIM_PeriodElapsedCallback	16	static
../Core/Src/main.c:567:6:decodeCommand	88	static
../Core/Src/main.c:539:6:COMMTask	288	static
../Core/Src/main.c:1097:6:do100ms	0	static
../Core/Src/main.c:1103:6:heartBeatTask	8	static
../Core/Src/main.c:1132:6:ssd1306Data	64	static
../Core/Src/main.c:1248:6:i2cTask	24	static
../Core/Src/main.c:1336:6:PWM_Control	0	static
../Core/Src/main.c:1394:6:FeedRxBuf	0	static
../Core/Src/main.c:1449:6:sendHTMLForm	16	static
../Core/Src/main.c:1468:6:sendHTTPOKPage	16	static
../Core/Src/main.c:1484:6:parseHTTPGetParams	32	static
../Core/Src/main.c:1566:6:httpTask	192	static
../Core/Src/main.c:1622:6:initButton	0	static
../Core/Src/main.c:1629:9:updateMefTask	0	static
../Core/Src/main.c:1665:6:buttonTimeout10ms	8	static
../Core/Src/main.c:1028:6:do10ms	24	static
../Core/Src/main.c:1689:6:buttonTask	0	static
../Core/Src/main.c:2309:6:NormalizeLineSensors	16	static
../Core/Src/main.c:1702:6:PID_ControlTask	80	static
../Core/Src/main.c:2470:6:SystemClock_Config	88	static,ignoring_inline_asm
../Core/Src/main.c:2325:5:main	104	static,ignoring_inline_asm
../Core/Src/main.c:2990:6:HAL_UART_RxCpltCallback	8	static
../Core/Src/main.c:3003:6:HAL_UART_ErrorCallback	0	static
../Core/Src/main.c:3025:6:Error_Handler	0	static,ignoring_inline_asm
