../Core/Src/main.c:581:6:USBRxData	20	static
../Core/Src/main.c:1404:6:CHPD_Control	0	static
../Core/Src/main.c:1143:6:displayMemWrite	24	static
../Core/Src/main.c:1151:6:mpuMemWrite	0	static
../Core/Src/main.c:1147:6:displayMemWriteDMA	16	static
../Core/Src/main.c:1155:6:mpuMemReadDMA	16	static
../Core/Src/main.c:1415:5:USART_SendByte	16	static
../Core/Src/main.c:1433:6:DebugESP01_To_USB	8	static
../Core/Src/main.c:1439:6:WiFi_Data_Callback	8	static
../Core/Src/main.c:1658:6:OnESP01ChangeState	8	static
../Core/Src/main.c:2505:17:LUT_Interpolate.constprop	12	static
../Core/Src/main.c:1483:13:format_yaw_deg.constprop	16	static
../Core/Src/main.c:1476:13:format_pitch_deg.constprop	16	static
../Core/Src/main.c:529:6:HAL_ADC_ConvCpltCallback	0	static
../Core/Src/main.c:536:6:HAL_I2C_MemTxCpltCallback	0	static
../Core/Src/main.c:540:6:HAL_I2C_MemRxCpltCallback	0	static
../Core/Src/main.c:544:6:HAL_TIM_PeriodElapsedCallback	8	static
../Core/Src/main.c:618:6:decodeCommand	88	static
../Core/Src/main.c:590:6:COMMTask	288	static
../Core/Src/main.c:1128:6:heartBeatTask	8	static
../Core/Src/main.c:1159:6:ssd1306Data	64	static
../Core/Src/main.c:1275:6:i2cTask	24	static
../Core/Src/main.c:1370:6:PWM_Control	0	static
../Core/Src/main.c:1428:6:FeedRxBuf	0	static
../Core/Src/main.c:1493:15:sendJSONTelemetry	120	static
../Core/Src/main.c:1517:15:sendHTMLForm	128	static
../Core/Src/main.c:1582:15:sendHTTPOKPage	16	static
../Core/Src/main.c:1598:6:parseHTTPGetParams	32	static
../Core/Src/main.c:1686:6:httpTask	192	static
../Core/Src/main.c:1751:6:initButton	0	static
../Core/Src/main.c:1760:9:updateMefTask	0	static
../Core/Src/main.c:1797:6:buttonTimeout10ms	16	static
../Core/Src/main.c:1097:6:do10ms	24	static
../Core/Src/main.c:1851:6:buttonTask	24	static
../Core/Src/main.c:1954:6:LineFollowingMEF	24	static
../Core/Src/main.c:2538:6:NormalizeLineSensors	16	static
../Core/Src/main.c:2549:6:HandleModeScreenTransition	24	static
../Core/Src/main.c:2743:6:SystemClock_Config	88	static,ignoring_inline_asm
../Core/Src/main.c:3263:6:HAL_UART_RxCpltCallback	8	static
../Core/Src/main.c:3276:6:HAL_UART_ErrorCallback	0	static
../Core/Src/main.c:3296:6:Speed_IntegrationTask	56	static
../Core/Src/main.c:2080:6:PID_ControlTask	72	static
../Core/Src/main.c:2599:5:main	112	static,ignoring_inline_asm
../Core/Src/main.c:3443:6:Error_Handler	0	static,ignoring_inline_asm
