../Core/Src/main.c:576:6:USBRxData	20	static
../Core/Src/main.c:1379:6:CHPD_Control	0	static
../Core/Src/main.c:1118:6:displayMemWrite	24	static
../Core/Src/main.c:1126:6:mpuMemWrite	0	static
../Core/Src/main.c:1122:6:displayMemWriteDMA	16	static
../Core/Src/main.c:1130:6:mpuMemReadDMA	16	static
../Core/Src/main.c:1390:5:USART_SendByte	16	static
../Core/Src/main.c:1408:6:DebugESP01_To_USB	8	static
../Core/Src/main.c:1414:6:WiFi_Data_Callback	8	static
../Core/Src/main.c:1542:6:OnESP01ChangeState	8	static
../Core/Src/main.c:2335:17:LUT_Interpolate.constprop	12	static
../Core/Src/main.c:524:6:HAL_ADC_ConvCpltCallback	0	static
../Core/Src/main.c:531:6:HAL_I2C_MemTxCpltCallback	0	static
../Core/Src/main.c:535:6:HAL_I2C_MemRxCpltCallback	0	static
../Core/Src/main.c:539:6:HAL_TIM_PeriodElapsedCallback	8	static
../Core/Src/main.c:613:6:decodeCommand	88	static
../Core/Src/main.c:585:6:COMMTask	288	static
../Core/Src/main.c:1103:6:heartBeatTask	8	static
../Core/Src/main.c:1134:6:ssd1306Data	64	static
../Core/Src/main.c:1250:6:i2cTask	24	static
../Core/Src/main.c:1345:6:PWM_Control	0	static
../Core/Src/main.c:1403:6:FeedRxBuf	0	static
../Core/Src/main.c:1457:6:sendHTMLForm	16	static
../Core/Src/main.c:1476:6:sendHTTPOKPage	16	static
../Core/Src/main.c:1492:6:parseHTTPGetParams	32	static
../Core/Src/main.c:1570:6:httpTask	192	static
../Core/Src/main.c:1626:6:initButton	0	static
../Core/Src/main.c:1635:9:updateMefTask	0	static
../Core/Src/main.c:1672:6:buttonTimeout10ms	16	static
../Core/Src/main.c:1072:6:do10ms	24	static
../Core/Src/main.c:1726:6:buttonTask	24	static
../Core/Src/main.c:1830:6:LineFollowingMEF	24	static
../Core/Src/main.c:2368:6:NormalizeLineSensors	16	static
../Core/Src/main.c:2377:6:NormalizeDistanceSensors	16	static
../Core/Src/main.c:2386:6:HandleModeScreenTransition	24	static
../Core/Src/main.c:2583:6:SystemClock_Config	88	static,ignoring_inline_asm
../Core/Src/main.c:3103:6:HAL_UART_RxCpltCallback	8	static
../Core/Src/main.c:3116:6:HAL_UART_ErrorCallback	0	static
../Core/Src/main.c:3136:6:Speed_IntegrationTask	56	static
../Core/Src/main.c:1976:6:PID_ControlTask	80	static
../Core/Src/main.c:2437:5:main	112	static,ignoring_inline_asm
../Core/Src/main.c:3283:6:Error_Handler	0	static,ignoring_inline_asm
