../Core/Src/main.c:469:6:USBRxData	20	static
../Core/Src/main.c:1283:6:CHPD_Control	0	static
../Core/Src/main.c:1029:6:displayMemWrite	24	static
../Core/Src/main.c:1037:6:mpuMemWrite	0	static
../Core/Src/main.c:1033:6:displayMemWriteDMA	16	static
../Core/Src/main.c:1041:6:mpuMemReadDMA	16	static
../Core/Src/main.c:1294:5:USART_SendByte	16	static
../Core/Src/main.c:1312:6:DebugESP01_To_USB	8	static
../Core/Src/main.c:1318:6:WiFi_Data_Callback	8	static
../Core/Src/main.c:1447:6:OnESP01ChangeState	8	static
../Core/Src/main.c:429:6:HAL_ADC_ConvCpltCallback	0	static
../Core/Src/main.c:436:6:HAL_I2C_MemTxCpltCallback	0	static
../Core/Src/main.c:440:6:HAL_I2C_MemRxCpltCallback	0	static
../Core/Src/main.c:444:6:HAL_TIM_PeriodElapsedCallback	16	static
../Core/Src/main.c:506:6:decodeCommand	88	static
../Core/Src/main.c:478:6:COMMTask	288	static
../Core/Src/main.c:1010:6:do100ms	0	static
../Core/Src/main.c:1016:6:heartBeatTask	8	static
../Core/Src/main.c:1045:6:ssd1306Data	64	static
../Core/Src/main.c:1161:6:i2cTask	24	static
../Core/Src/main.c:1249:6:PWM_Control	0	static
../Core/Src/main.c:1307:6:FeedRxBuf	0	static
../Core/Src/main.c:1362:6:sendHTMLForm	16	static
../Core/Src/main.c:1381:6:sendHTTPOKPage	16	static
../Core/Src/main.c:1397:6:parseHTTPGetParams	32	static
../Core/Src/main.c:1475:6:httpTask	192	static
../Core/Src/main.c:1531:6:initButton	0	static
../Core/Src/main.c:1538:9:updateMefTask	0	static
../Core/Src/main.c:1574:6:buttonTimeout10ms	8	static
../Core/Src/main.c:939:6:do10ms	24	static
../Core/Src/main.c:1598:6:buttonTask	0	static
../Core/Src/main.c:1611:6:PID_ControlTask	64	static
../Core/Src/main.c:2223:6:SystemClock_Config	88	static,ignoring_inline_asm
../Core/Src/main.c:2078:5:main	104	static,ignoring_inline_asm
../Core/Src/main.c:2743:6:HAL_UART_RxCpltCallback	8	static
../Core/Src/main.c:2756:6:HAL_UART_ErrorCallback	0	static
../Core/Src/main.c:2777:6:Error_Handler	0	static,ignoring_inline_asm
