../Core/Src/main.c:580:6:USBRxData	20	static
../Core/Src/main.c:1399:6:CHPD_Control	0	static
../Core/Src/main.c:1138:6:displayMemWrite	24	static
../Core/Src/main.c:1146:6:mpuMemWrite	0	static
../Core/Src/main.c:1142:6:displayMemWriteDMA	16	static
../Core/Src/main.c:1150:6:mpuMemReadDMA	16	static
../Core/Src/main.c:1410:5:USART_SendByte	16	static
../Core/Src/main.c:1428:6:DebugESP01_To_USB	8	static
../Core/Src/main.c:1434:6:WiFi_Data_Callback	8	static
../Core/Src/main.c:1653:6:OnESP01ChangeState	8	static
../Core/Src/main.c:2532:17:LUT_Interpolate.constprop	12	static
../Core/Src/main.c:1478:13:format_yaw_deg.constprop	16	static
../Core/Src/main.c:1471:13:format_pitch_deg.constprop	16	static
../Core/Src/main.c:528:6:HAL_ADC_ConvCpltCallback	0	static
../Core/Src/main.c:535:6:HAL_I2C_MemTxCpltCallback	0	static
../Core/Src/main.c:539:6:HAL_I2C_MemRxCpltCallback	0	static
../Core/Src/main.c:543:6:HAL_TIM_PeriodElapsedCallback	8	static
../Core/Src/main.c:617:6:decodeCommand	88	static
../Core/Src/main.c:589:6:COMMTask	288	static
../Core/Src/main.c:1123:6:heartBeatTask	8	static
../Core/Src/main.c:1154:6:ssd1306Data	64	static
../Core/Src/main.c:1270:6:i2cTask	24	static
../Core/Src/main.c:1365:6:PWM_Control	0	static
../Core/Src/main.c:1423:6:FeedRxBuf	0	static
../Core/Src/main.c:1488:15:sendJSONTelemetry	120	static
../Core/Src/main.c:1512:15:sendHTMLForm	128	static
../Core/Src/main.c:1577:15:sendHTTPOKPage	16	static
../Core/Src/main.c:1593:6:parseHTTPGetParams	32	static
../Core/Src/main.c:1681:6:httpTask	192	static
../Core/Src/main.c:1746:6:initButton	0	static
../Core/Src/main.c:1755:9:updateMefTask	0	static
../Core/Src/main.c:1792:6:buttonTimeout10ms	16	static
../Core/Src/main.c:1092:6:do10ms	24	static
../Core/Src/main.c:1846:6:buttonTask	24	static
../Core/Src/main.c:1950:6:LineFollowingMEF	24	static
../Core/Src/main.c:2565:6:NormalizeLineSensors	16	static
../Core/Src/main.c:2576:6:HandleModeScreenTransition	24	static
../Core/Src/main.c:2770:6:SystemClock_Config	88	static,ignoring_inline_asm
../Core/Src/main.c:3290:6:HAL_UART_RxCpltCallback	8	static
../Core/Src/main.c:3303:6:HAL_UART_ErrorCallback	0	static
../Core/Src/main.c:3323:6:Speed_IntegrationTask	56	static
../Core/Src/main.c:2096:6:PID_ControlTask	72	static
../Core/Src/main.c:2627:5:main	112	static,ignoring_inline_asm
../Core/Src/main.c:3470:6:Error_Handler	0	static,ignoring_inline_asm
