../Core/Src/main.c:557:6:USBRxData	20	static
../Core/Src/main.c:1360:6:CHPD_Control	0	static
../Core/Src/main.c:1099:6:displayMemWrite	24	static
../Core/Src/main.c:1107:6:mpuMemWrite	0	static
../Core/Src/main.c:1103:6:displayMemWriteDMA	16	static
../Core/Src/main.c:1111:6:mpuMemReadDMA	16	static
../Core/Src/main.c:1371:5:USART_SendByte	16	static
../Core/Src/main.c:1389:6:DebugESP01_To_USB	8	static
../Core/Src/main.c:1395:6:WiFi_Data_Callback	8	static
../Core/Src/main.c:1523:6:OnESP01ChangeState	8	static
../Core/Src/main.c:2275:17:LUT_Interpolate.constprop	12	static
../Core/Src/main.c:505:6:HAL_ADC_ConvCpltCallback	0	static
../Core/Src/main.c:512:6:HAL_I2C_MemTxCpltCallback	0	static
../Core/Src/main.c:516:6:HAL_I2C_MemRxCpltCallback	0	static
../Core/Src/main.c:520:6:HAL_TIM_PeriodElapsedCallback	8	static
../Core/Src/main.c:594:6:decodeCommand	88	static
../Core/Src/main.c:566:6:COMMTask	288	static
../Core/Src/main.c:1084:6:heartBeatTask	8	static
../Core/Src/main.c:1115:6:ssd1306Data	64	static
../Core/Src/main.c:1231:6:i2cTask	24	static
../Core/Src/main.c:1326:6:PWM_Control	0	static
../Core/Src/main.c:1384:6:FeedRxBuf	0	static
../Core/Src/main.c:1438:6:sendHTMLForm	16	static
../Core/Src/main.c:1457:6:sendHTTPOKPage	16	static
../Core/Src/main.c:1473:6:parseHTTPGetParams	32	static
../Core/Src/main.c:1551:6:httpTask	192	static
../Core/Src/main.c:1607:6:initButton	0	static
../Core/Src/main.c:1616:9:updateMefTask	0	static
../Core/Src/main.c:1653:6:buttonTimeout10ms	16	static
../Core/Src/main.c:1053:6:do10ms	24	static
../Core/Src/main.c:1707:6:buttonTask	24	static
../Core/Src/main.c:2308:6:NormalizeLineSensors	16	static
../Core/Src/main.c:2317:6:HandleModeScreenTransition	24	static
../Core/Src/main.c:2514:6:SystemClock_Config	88	static,ignoring_inline_asm
../Core/Src/main.c:3034:6:HAL_UART_RxCpltCallback	8	static
../Core/Src/main.c:3047:6:HAL_UART_ErrorCallback	0	static
../Core/Src/main.c:3067:6:Speed_IntegrationTask	56	static
../Core/Src/main.c:1810:6:PID_ControlTask	64	static
../Core/Src/main.c:2368:5:main	112	static,ignoring_inline_asm
../Core/Src/main.c:3214:6:Error_Handler	0	static,ignoring_inline_asm
