../Core/Src/main.c:230:6:USBRxData	20	static
../Core/Src/main.c:380:6:displayMemWrite	24	static
../Core/Src/main.c:388:6:mpuMemWrite	0	static
../Core/Src/main.c:384:6:displayMemWriteDMA	16	static
../Core/Src/main.c:392:6:mpuMemReadDMA	16	static
../Core/Src/main.c:534:6:CHPD_Control	0	static
../Core/Src/main.c:545:5:USART_SendByte	16	static
../Core/Src/main.c:558:6:FeedRxBuf	8	static
../Core/Src/main.c:568:6:DebugESP01_To_USB	8	static
../Core/Src/main.c:190:6:HAL_ADC_ConvCpltCallback	0	static
../Core/Src/main.c:197:6:HAL_I2C_MemTxCpltCallback	0	static
../Core/Src/main.c:201:6:HAL_I2C_MemRxCpltCallback	0	static
../Core/Src/main.c:205:6:HAL_TIM_PeriodElapsedCallback	16	static
../Core/Src/main.c:260:6:decodeCommand	16	static
../Core/Src/main.c:239:6:USBTask	280	static
../Core/Src/main.c:364:6:do100ms	0	static
../Core/Src/main.c:370:6:heartBeatTask	8	static
../Core/Src/main.c:346:6:do10ms	16	static
../Core/Src/main.c:396:6:ssd1306Data	40	static
../Core/Src/main.c:466:6:i2cTask	16	static
../Core/Src/main.c:517:6:PWM_Control	0	static
../Core/Src/main.c:696:6:SystemClock_Config	88	static,ignoring_inline_asm
../Core/Src/main.c:579:5:main	104	static,ignoring_inline_asm
../Core/Src/main.c:1216:6:HAL_UART_RxCpltCallback	8	static
../Core/Src/main.c:1234:6:Error_Handler	0	static,ignoring_inline_asm
