../Core/Src/main.c:531:6:USBRxData	20	static
../Core/Src/main.c:1387:6:CHPD_Control	0	static
../Core/Src/main.c:1126:6:displayMemWrite	24	static
../Core/Src/main.c:1134:6:mpuMemWrite	0	static
../Core/Src/main.c:1130:6:displayMemWriteDMA	16	static
../Core/Src/main.c:1138:6:mpuMemReadDMA	16	static
../Core/Src/main.c:1398:5:USART_SendByte	16	static
../Core/Src/main.c:1416:6:DebugESP01_To_USB	8	static
../Core/Src/main.c:1422:6:WiFi_Data_Callback	8	static
../Core/Src/main.c:1551:6:OnESP01ChangeState	8	static
../Core/Src/main.c:2239:17:LUT_Interpolate.constprop	12	static
../Core/Src/main.c:489:6:HAL_ADC_ConvCpltCallback	0	static
../Core/Src/main.c:496:6:HAL_I2C_MemTxCpltCallback	0	static
../Core/Src/main.c:500:6:HAL_I2C_MemRxCpltCallback	0	static
../Core/Src/main.c:504:6:HAL_TIM_PeriodElapsedCallback	8	static
../Core/Src/main.c:568:6:decodeCommand	88	static
../Core/Src/main.c:540:6:COMMTask	288	static
../Core/Src/main.c:1105:6:do100ms	0	static
../Core/Src/main.c:1111:6:heartBeatTask	8	static
../Core/Src/main.c:1142:6:ssd1306Data	64	static
../Core/Src/main.c:1258:6:i2cTask	24	static
../Core/Src/main.c:1353:6:PWM_Control	0	static
../Core/Src/main.c:1411:6:FeedRxBuf	0	static
../Core/Src/main.c:1466:6:sendHTMLForm	16	static
../Core/Src/main.c:1485:6:sendHTTPOKPage	16	static
../Core/Src/main.c:1501:6:parseHTTPGetParams	32	static
../Core/Src/main.c:1583:6:httpTask	192	static
../Core/Src/main.c:1639:6:initButton	0	static
../Core/Src/main.c:1646:9:updateMefTask	0	static
../Core/Src/main.c:1682:6:buttonTimeout10ms	16	static
../Core/Src/main.c:1027:6:do10ms	24	static
../Core/Src/main.c:1720:6:buttonTask	24	static
../Core/Src/main.c:2272:6:NormalizeLineSensors	16	static
../Core/Src/main.c:1802:6:PID_ControlTask	88	static
../Core/Src/main.c:2434:6:SystemClock_Config	88	static,ignoring_inline_asm
../Core/Src/main.c:2288:5:main	104	static,ignoring_inline_asm
../Core/Src/main.c:2954:6:HAL_UART_RxCpltCallback	8	static
../Core/Src/main.c:2967:6:HAL_UART_ErrorCallback	0	static
../Core/Src/main.c:2989:6:Error_Handler	0	static,ignoring_inline_asm
