../Core/Src/main.c:577:6:USBRxData	20	static
../Core/Src/main.c:1396:6:CHPD_Control	0	static
../Core/Src/main.c:1135:6:displayMemWrite	24	static
../Core/Src/main.c:1143:6:mpuMemWrite	0	static
../Core/Src/main.c:1139:6:displayMemWriteDMA	16	static
../Core/Src/main.c:1147:6:mpuMemReadDMA	16	static
../Core/Src/main.c:1407:5:USART_SendByte	16	static
../Core/Src/main.c:1425:6:DebugESP01_To_USB	8	static
../Core/Src/main.c:1431:6:WiFi_Data_Callback	8	static
../Core/Src/main.c:1559:6:OnESP01ChangeState	8	static
../Core/Src/main.c:2417:17:LUT_Interpolate.constprop	12	static
../Core/Src/main.c:525:6:HAL_ADC_ConvCpltCallback	0	static
../Core/Src/main.c:532:6:HAL_I2C_MemTxCpltCallback	0	static
../Core/Src/main.c:536:6:HAL_I2C_MemRxCpltCallback	0	static
../Core/Src/main.c:540:6:HAL_TIM_PeriodElapsedCallback	8	static
../Core/Src/main.c:614:6:decodeCommand	88	static
../Core/Src/main.c:586:6:COMMTask	288	static
../Core/Src/main.c:1120:6:heartBeatTask	8	static
../Core/Src/main.c:1151:6:ssd1306Data	64	static
../Core/Src/main.c:1267:6:i2cTask	24	static
../Core/Src/main.c:1362:6:PWM_Control	0	static
../Core/Src/main.c:1420:6:FeedRxBuf	0	static
../Core/Src/main.c:1474:6:sendHTMLForm	16	static
../Core/Src/main.c:1493:6:sendHTTPOKPage	16	static
../Core/Src/main.c:1509:6:parseHTTPGetParams	32	static
../Core/Src/main.c:1587:6:httpTask	192	static
../Core/Src/main.c:1643:6:initButton	0	static
../Core/Src/main.c:1652:9:updateMefTask	0	static
../Core/Src/main.c:1689:6:buttonTimeout10ms	16	static
../Core/Src/main.c:1089:6:do10ms	24	static
../Core/Src/main.c:1743:6:buttonTask	24	static
../Core/Src/main.c:1847:6:LineFollowingMEF	24	static
../Core/Src/main.c:2450:6:NormalizeLineSensors	16	static
../Core/Src/main.c:2461:6:HandleModeScreenTransition	24	static
../Core/Src/main.c:2658:6:SystemClock_Config	88	static,ignoring_inline_asm
../Core/Src/main.c:3178:6:HAL_UART_RxCpltCallback	8	static
../Core/Src/main.c:3191:6:HAL_UART_ErrorCallback	0	static
../Core/Src/main.c:3211:6:Speed_IntegrationTask	56	static
../Core/Src/main.c:1993:6:PID_ControlTask	64	static
../Core/Src/main.c:2512:5:main	112	static,ignoring_inline_asm
../Core/Src/main.c:3358:6:Error_Handler	0	static,ignoring_inline_asm
