../Core/Src/main.c:578:6:USBRxData	20	static
../Core/Src/main.c:1381:6:CHPD_Control	0	static
../Core/Src/main.c:1120:6:displayMemWrite	24	static
../Core/Src/main.c:1128:6:mpuMemWrite	0	static
../Core/Src/main.c:1124:6:displayMemWriteDMA	16	static
../Core/Src/main.c:1132:6:mpuMemReadDMA	16	static
../Core/Src/main.c:1392:5:USART_SendByte	16	static
../Core/Src/main.c:1410:6:DebugESP01_To_USB	8	static
../Core/Src/main.c:1416:6:WiFi_Data_Callback	8	static
../Core/Src/main.c:1544:6:OnESP01ChangeState	8	static
../Core/Src/main.c:2515:17:LUT_Interpolate.constprop	12	static
../Core/Src/main.c:526:6:HAL_ADC_ConvCpltCallback	0	static
../Core/Src/main.c:533:6:HAL_I2C_MemTxCpltCallback	0	static
../Core/Src/main.c:537:6:HAL_I2C_MemRxCpltCallback	0	static
../Core/Src/main.c:541:6:HAL_TIM_PeriodElapsedCallback	8	static
../Core/Src/main.c:615:6:decodeCommand	88	static
../Core/Src/main.c:587:6:COMMTask	288	static
../Core/Src/main.c:1105:6:heartBeatTask	8	static
../Core/Src/main.c:1136:6:ssd1306Data	64	static
../Core/Src/main.c:1252:6:i2cTask	24	static
../Core/Src/main.c:1347:6:PWM_Control	0	static
../Core/Src/main.c:1405:6:FeedRxBuf	0	static
../Core/Src/main.c:1459:6:sendHTMLForm	16	static
../Core/Src/main.c:1478:6:sendHTTPOKPage	16	static
../Core/Src/main.c:1494:6:parseHTTPGetParams	32	static
../Core/Src/main.c:1572:6:httpTask	192	static
../Core/Src/main.c:1628:6:initButton	0	static
../Core/Src/main.c:1637:9:updateMefTask	0	static
../Core/Src/main.c:1674:6:buttonTimeout10ms	16	static
../Core/Src/main.c:1074:6:do10ms	24	static
../Core/Src/main.c:1728:6:buttonTask	24	static
../Core/Src/main.c:1832:6:LineFollowingMEF	24	static
../Core/Src/main.c:2548:6:NormalizeLineSensors	16	static
../Core/Src/main.c:2559:6:HandleModeScreenTransition	24	static
../Core/Src/main.c:2756:6:SystemClock_Config	88	static,ignoring_inline_asm
../Core/Src/main.c:3276:6:HAL_UART_RxCpltCallback	8	static
../Core/Src/main.c:3289:6:HAL_UART_ErrorCallback	0	static
../Core/Src/main.c:3309:6:Speed_IntegrationTask	56	static
../Core/Src/main.c:1978:6:PID_ControlTask	72	static
../Core/Src/main.c:2610:5:main	112	static,ignoring_inline_asm
../Core/Src/main.c:3456:6:Error_Handler	0	static,ignoring_inline_asm
