../Core/Src/main.c:513:6:USBRxData	20	static
../Core/Src/main.c:1316:6:CHPD_Control	0	static
../Core/Src/main.c:1055:6:displayMemWrite	24	static
../Core/Src/main.c:1063:6:mpuMemWrite	0	static
../Core/Src/main.c:1059:6:displayMemWriteDMA	16	static
../Core/Src/main.c:1067:6:mpuMemReadDMA	16	static
../Core/Src/main.c:1327:5:USART_SendByte	16	static
../Core/Src/main.c:1345:6:DebugESP01_To_USB	8	static
../Core/Src/main.c:1351:6:WiFi_Data_Callback	8	static
../Core/Src/main.c:1479:6:OnESP01ChangeState	8	static
../Core/Src/main.c:2105:17:LUT_Interpolate.constprop	12	static
../Core/Src/main.c:471:6:HAL_ADC_ConvCpltCallback	0	static
../Core/Src/main.c:478:6:HAL_I2C_MemTxCpltCallback	0	static
../Core/Src/main.c:482:6:HAL_I2C_MemRxCpltCallback	0	static
../Core/Src/main.c:486:6:HAL_TIM_PeriodElapsedCallback	8	static
../Core/Src/main.c:550:6:decodeCommand	88	static
../Core/Src/main.c:522:6:COMMTask	288	static
../Core/Src/main.c:1040:6:heartBeatTask	8	static
../Core/Src/main.c:1071:6:ssd1306Data	64	static
../Core/Src/main.c:1187:6:i2cTask	24	static
../Core/Src/main.c:1282:6:PWM_Control	0	static
../Core/Src/main.c:1340:6:FeedRxBuf	0	static
../Core/Src/main.c:1394:6:sendHTMLForm	16	static
../Core/Src/main.c:1413:6:sendHTTPOKPage	16	static
../Core/Src/main.c:1429:6:parseHTTPGetParams	32	static
../Core/Src/main.c:1507:6:httpTask	192	static
../Core/Src/main.c:1563:6:initButton	0	static
../Core/Src/main.c:1572:9:updateMefTask	0	static
../Core/Src/main.c:1609:6:buttonTimeout10ms	16	static
../Core/Src/main.c:1009:6:do10ms	24	static
../Core/Src/main.c:1663:6:buttonTask	16	static
../Core/Src/main.c:2138:6:NormalizeLineSensors	16	static
../Core/Src/main.c:2299:6:SystemClock_Config	88	static,ignoring_inline_asm
../Core/Src/main.c:2819:6:HAL_UART_RxCpltCallback	8	static
../Core/Src/main.c:2832:6:HAL_UART_ErrorCallback	0	static
../Core/Src/main.c:2852:6:Speed_IntegrationTask	56	static
../Core/Src/main.c:1743:6:PID_ControlTask	56	static
../Core/Src/main.c:2154:5:main	112	static,ignoring_inline_asm
../Core/Src/main.c:2996:6:Error_Handler	0	static,ignoring_inline_asm
