../Core/Src/main.c:541:6:USBRxData	20	static
../Core/Src/main.c:1344:6:CHPD_Control	0	static
../Core/Src/main.c:1083:6:displayMemWrite	24	static
../Core/Src/main.c:1091:6:mpuMemWrite	0	static
../Core/Src/main.c:1087:6:displayMemWriteDMA	16	static
../Core/Src/main.c:1095:6:mpuMemReadDMA	16	static
../Core/Src/main.c:1355:5:USART_SendByte	16	static
../Core/Src/main.c:1373:6:DebugESP01_To_USB	8	static
../Core/Src/main.c:1379:6:WiFi_Data_Callback	8	static
../Core/Src/main.c:1507:6:OnESP01ChangeState	8	static
../Core/Src/main.c:2200:17:LUT_Interpolate.constprop	12	static
../Core/Src/main.c:489:6:HAL_ADC_ConvCpltCallback	0	static
../Core/Src/main.c:496:6:HAL_I2C_MemTxCpltCallback	0	static
../Core/Src/main.c:500:6:HAL_I2C_MemRxCpltCallback	0	static
../Core/Src/main.c:504:6:HAL_TIM_PeriodElapsedCallback	8	static
../Core/Src/main.c:578:6:decodeCommand	88	static
../Core/Src/main.c:550:6:COMMTask	288	static
../Core/Src/main.c:1068:6:heartBeatTask	8	static
../Core/Src/main.c:1099:6:ssd1306Data	64	static
../Core/Src/main.c:1215:6:i2cTask	24	static
../Core/Src/main.c:1310:6:PWM_Control	0	static
../Core/Src/main.c:1368:6:FeedRxBuf	0	static
../Core/Src/main.c:1422:6:sendHTMLForm	16	static
../Core/Src/main.c:1441:6:sendHTTPOKPage	16	static
../Core/Src/main.c:1457:6:parseHTTPGetParams	32	static
../Core/Src/main.c:1535:6:httpTask	192	static
../Core/Src/main.c:1591:6:initButton	0	static
../Core/Src/main.c:1600:9:updateMefTask	0	static
../Core/Src/main.c:1637:6:buttonTimeout10ms	16	static
../Core/Src/main.c:1037:6:do10ms	24	static
../Core/Src/main.c:1691:6:buttonTask	24	static
../Core/Src/main.c:2233:6:NormalizeLineSensors	16	static
../Core/Src/main.c:2393:6:SystemClock_Config	88	static,ignoring_inline_asm
../Core/Src/main.c:2913:6:HAL_UART_RxCpltCallback	8	static
../Core/Src/main.c:2926:6:HAL_UART_ErrorCallback	0	static
../Core/Src/main.c:2946:6:Speed_IntegrationTask	56	static
../Core/Src/main.c:1795:6:PID_ControlTask	64	static
../Core/Src/main.c:2248:5:main	112	static,ignoring_inline_asm
../Core/Src/main.c:3093:6:Error_Handler	0	static,ignoring_inline_asm
