../Core/Src/main.c:531:6:USBRxData	20	static
../Core/Src/main.c:1334:6:CHPD_Control	0	static
../Core/Src/main.c:1073:6:displayMemWrite	24	static
../Core/Src/main.c:1081:6:mpuMemWrite	0	static
../Core/Src/main.c:1077:6:displayMemWriteDMA	16	static
../Core/Src/main.c:1085:6:mpuMemReadDMA	16	static
../Core/Src/main.c:1345:5:USART_SendByte	16	static
../Core/Src/main.c:1363:6:DebugESP01_To_USB	8	static
../Core/Src/main.c:1369:6:WiFi_Data_Callback	8	static
../Core/Src/main.c:1497:6:OnESP01ChangeState	8	static
../Core/Src/main.c:2141:17:LUT_Interpolate.constprop	12	static
../Core/Src/main.c:489:6:HAL_ADC_ConvCpltCallback	0	static
../Core/Src/main.c:496:6:HAL_I2C_MemTxCpltCallback	0	static
../Core/Src/main.c:500:6:HAL_I2C_MemRxCpltCallback	0	static
../Core/Src/main.c:504:6:HAL_TIM_PeriodElapsedCallback	8	static
../Core/Src/main.c:568:6:decodeCommand	88	static
../Core/Src/main.c:540:6:COMMTask	288	static
../Core/Src/main.c:1058:6:heartBeatTask	8	static
../Core/Src/main.c:1089:6:ssd1306Data	64	static
../Core/Src/main.c:1205:6:i2cTask	24	static
../Core/Src/main.c:1300:6:PWM_Control	0	static
../Core/Src/main.c:1358:6:FeedRxBuf	0	static
../Core/Src/main.c:1412:6:sendHTMLForm	16	static
../Core/Src/main.c:1431:6:sendHTTPOKPage	16	static
../Core/Src/main.c:1447:6:parseHTTPGetParams	32	static
../Core/Src/main.c:1525:6:httpTask	192	static
../Core/Src/main.c:1581:6:initButton	0	static
../Core/Src/main.c:1590:9:updateMefTask	0	static
../Core/Src/main.c:1627:6:buttonTimeout10ms	16	static
../Core/Src/main.c:1027:6:do10ms	24	static
../Core/Src/main.c:1681:6:buttonTask	24	static
../Core/Src/main.c:2174:6:NormalizeLineSensors	16	static
../Core/Src/main.c:2335:6:SystemClock_Config	88	static,ignoring_inline_asm
../Core/Src/main.c:2855:6:HAL_UART_RxCpltCallback	8	static
../Core/Src/main.c:2868:6:HAL_UART_ErrorCallback	0	static
../Core/Src/main.c:2888:6:Speed_IntegrationTask	56	static
../Core/Src/main.c:1785:6:PID_ControlTask	56	static
../Core/Src/main.c:2190:5:main	112	static,ignoring_inline_asm
../Core/Src/main.c:3035:6:Error_Handler	0	static,ignoring_inline_asm
