../Core/Src/main.c:558:6:USBRxData	20	static
../Core/Src/main.c:1361:6:CHPD_Control	0	static
../Core/Src/main.c:1100:6:displayMemWrite	24	static
../Core/Src/main.c:1108:6:mpuMemWrite	0	static
../Core/Src/main.c:1104:6:displayMemWriteDMA	16	static
../Core/Src/main.c:1112:6:mpuMemReadDMA	16	static
../Core/Src/main.c:1372:5:USART_SendByte	16	static
../Core/Src/main.c:1390:6:DebugESP01_To_USB	8	static
../Core/Src/main.c:1396:6:WiFi_Data_Callback	8	static
../Core/Src/main.c:1524:6:OnESP01ChangeState	8	static
../Core/Src/main.c:2293:17:LUT_Interpolate.constprop	12	static
../Core/Src/main.c:506:6:HAL_ADC_ConvCpltCallback	0	static
../Core/Src/main.c:513:6:HAL_I2C_MemTxCpltCallback	0	static
../Core/Src/main.c:517:6:HAL_I2C_MemRxCpltCallback	0	static
../Core/Src/main.c:521:6:HAL_TIM_PeriodElapsedCallback	8	static
../Core/Src/main.c:595:6:decodeCommand	88	static
../Core/Src/main.c:567:6:COMMTask	288	static
../Core/Src/main.c:1085:6:heartBeatTask	8	static
../Core/Src/main.c:1116:6:ssd1306Data	64	static
../Core/Src/main.c:1232:6:i2cTask	24	static
../Core/Src/main.c:1327:6:PWM_Control	0	static
../Core/Src/main.c:1385:6:FeedRxBuf	0	static
../Core/Src/main.c:1439:6:sendHTMLForm	16	static
../Core/Src/main.c:1458:6:sendHTTPOKPage	16	static
../Core/Src/main.c:1474:6:parseHTTPGetParams	32	static
../Core/Src/main.c:1552:6:httpTask	192	static
../Core/Src/main.c:1608:6:initButton	0	static
../Core/Src/main.c:1617:9:updateMefTask	0	static
../Core/Src/main.c:1654:6:buttonTimeout10ms	16	static
../Core/Src/main.c:1054:6:do10ms	24	static
../Core/Src/main.c:1708:6:buttonTask	24	static
../Core/Src/main.c:2326:6:NormalizeLineSensors	16	static
../Core/Src/main.c:2335:6:HandleModeScreenTransition	24	static
../Core/Src/main.c:2532:6:SystemClock_Config	88	static,ignoring_inline_asm
../Core/Src/main.c:3052:6:HAL_UART_RxCpltCallback	8	static
../Core/Src/main.c:3065:6:HAL_UART_ErrorCallback	0	static
../Core/Src/main.c:3085:6:Speed_IntegrationTask	56	static
../Core/Src/main.c:1811:6:PID_ControlTask	64	static
../Core/Src/main.c:2386:5:main	112	static,ignoring_inline_asm
../Core/Src/main.c:3232:6:Error_Handler	0	static,ignoring_inline_asm
