../Core/Src/main.c:581:6:USBRxData	20	static
../Core/Src/main.c:1400:6:CHPD_Control	0	static
../Core/Src/main.c:1139:6:displayMemWrite	24	static
../Core/Src/main.c:1147:6:mpuMemWrite	0	static
../Core/Src/main.c:1143:6:displayMemWriteDMA	16	static
../Core/Src/main.c:1151:6:mpuMemReadDMA	16	static
../Core/Src/main.c:1411:5:USART_SendByte	16	static
../Core/Src/main.c:1429:6:DebugESP01_To_USB	8	static
../Core/Src/main.c:1435:6:WiFi_Data_Callback	8	static
../Core/Src/main.c:1654:6:OnESP01ChangeState	8	static
../Core/Src/main.c:2533:17:LUT_Interpolate.constprop	12	static
../Core/Src/main.c:1479:13:format_yaw_deg.constprop	16	static
../Core/Src/main.c:1472:13:format_pitch_deg.constprop	16	static
../Core/Src/main.c:529:6:HAL_ADC_ConvCpltCallback	0	static
../Core/Src/main.c:536:6:HAL_I2C_MemTxCpltCallback	0	static
../Core/Src/main.c:540:6:HAL_I2C_MemRxCpltCallback	0	static
../Core/Src/main.c:544:6:HAL_TIM_PeriodElapsedCallback	8	static
../Core/Src/main.c:618:6:decodeCommand	88	static
../Core/Src/main.c:590:6:COMMTask	288	static
../Core/Src/main.c:1124:6:heartBeatTask	8	static
../Core/Src/main.c:1155:6:ssd1306Data	64	static
../Core/Src/main.c:1271:6:i2cTask	24	static
../Core/Src/main.c:1366:6:PWM_Control	0	static
../Core/Src/main.c:1424:6:FeedRxBuf	0	static
../Core/Src/main.c:1489:15:sendJSONTelemetry	120	static
../Core/Src/main.c:1513:15:sendHTMLForm	128	static
../Core/Src/main.c:1578:15:sendHTTPOKPage	16	static
../Core/Src/main.c:1594:6:parseHTTPGetParams	32	static
../Core/Src/main.c:1682:6:httpTask	192	static
../Core/Src/main.c:1747:6:initButton	0	static
../Core/Src/main.c:1756:9:updateMefTask	0	static
../Core/Src/main.c:1793:6:buttonTimeout10ms	16	static
../Core/Src/main.c:1093:6:do10ms	24	static
../Core/Src/main.c:1847:6:buttonTask	24	static
../Core/Src/main.c:1951:6:LineFollowingMEF	24	static
../Core/Src/main.c:2566:6:NormalizeLineSensors	16	static
../Core/Src/main.c:2577:6:HandleModeScreenTransition	24	static
../Core/Src/main.c:2772:6:SystemClock_Config	88	static,ignoring_inline_asm
../Core/Src/main.c:3292:6:HAL_UART_RxCpltCallback	8	static
../Core/Src/main.c:3305:6:HAL_UART_ErrorCallback	0	static
../Core/Src/main.c:3325:6:Speed_IntegrationTask	56	static
../Core/Src/main.c:2097:6:PID_ControlTask	72	static
../Core/Src/main.c:2628:5:main	112	static,ignoring_inline_asm
../Core/Src/main.c:3472:6:Error_Handler	0	static,ignoring_inline_asm
