../Core/Src/main.c:578:6:USBRxData	2
../Core/Src/main.c:1381:6:CHPD_Control	1
../Core/Src/main.c:1120:6:displayMemWrite	1
../Core/Src/main.c:1128:6:mpuMemWrite	1
../Core/Src/main.c:1124:6:displayMemWriteDMA	1
../Core/Src/main.c:1132:6:mpuMemReadDMA	1
../Core/Src/main.c:1392:5:USART_SendByte	1
../Core/Src/main.c:1410:6:DebugESP01_To_USB	1
../Core/Src/main.c:1416:6:WiFi_Data_Callback	7
../Core/Src/main.c:1544:6:OnESP01ChangeState	3
../Core/Src/main.c:2515:17:LUT_Interpolate.constprop	6
../Core/Src/main.c:526:6:HAL_ADC_ConvCpltCallback	2
../Core/Src/main.c:533:6:HAL_I2C_MemTxCpltCallback	1
../Core/Src/main.c:537:6:HAL_I2C_MemRxCpltCallback	1
../Core/Src/main.c:541:6:HAL_TIM_PeriodElapsedCallback	10
../Core/Src/main.c:615:6:decodeCommand	47
../Core/Src/main.c:587:6:COMMTask	6
../Core/Src/main.c:1105:6:heartBeatTask	2
../Core/Src/main.c:1136:6:ssd1306Data	3
../Core/Src/main.c:1252:6:i2cTask	17
../Core/Src/main.c:1347:6:PWM_Control	1
../Core/Src/main.c:1405:6:FeedRxBuf	1
../Core/Src/main.c:1459:6:sendHTMLForm	1
../Core/Src/main.c:1478:6:sendHTTPOKPage	1
../Core/Src/main.c:1494:6:parseHTTPGetParams	16
../Core/Src/main.c:1572:6:httpTask	8
../Core/Src/main.c:1628:6:initButton	1
../Core/Src/main.c:1637:9:updateMefTask	9
../Core/Src/main.c:1674:6:buttonTimeout10ms	9
../Core/Src/main.c:1074:6:do10ms	13
../Core/Src/main.c:1728:6:buttonTask	18
../Core/Src/main.c:1832:6:LineFollowingMEF	21
../Core/Src/main.c:2548:6:NormalizeLineSensors	1
../Core/Src/main.c:2559:6:HandleModeScreenTransition	9
../Core/Src/main.c:2756:6:SystemClock_Config	4
../Core/Src/main.c:3276:6:HAL_UART_RxCpltCallback	2
../Core/Src/main.c:3289:6:HAL_UART_ErrorCallback	2
../Core/Src/main.c:3309:6:Speed_IntegrationTask	7
../Core/Src/main.c:1978:6:PID_ControlTask	81
../Core/Src/main.c:2610:5:main	32
../Core/Src/main.c:3456:6:Error_Handler	1
