../Core/Src/main.c:550:6:USBRxData	20	static
../Core/Src/main.c:1353:6:CHPD_Control	0	static
../Core/Src/main.c:1092:6:displayMemWrite	24	static
../Core/Src/main.c:1100:6:mpuMemWrite	0	static
../Core/Src/main.c:1096:6:displayMemWriteDMA	16	static
../Core/Src/main.c:1104:6:mpuMemReadDMA	16	static
../Core/Src/main.c:1364:5:USART_SendByte	16	static
../Core/Src/main.c:1382:6:DebugESP01_To_USB	8	static
../Core/Src/main.c:1388:6:WiFi_Data_Callback	8	static
../Core/Src/main.c:1516:6:OnESP01ChangeState	8	static
../Core/Src/main.c:2245:17:LUT_Interpolate.constprop	12	static
../Core/Src/main.c:498:6:HAL_ADC_ConvCpltCallback	0	static
../Core/Src/main.c:505:6:HAL_I2C_MemTxCpltCallback	0	static
../Core/Src/main.c:509:6:HAL_I2C_MemRxCpltCallback	0	static
../Core/Src/main.c:513:6:HAL_TIM_PeriodElapsedCallback	8	static
../Core/Src/main.c:587:6:decodeCommand	88	static
../Core/Src/main.c:559:6:COMMTask	288	static
../Core/Src/main.c:1077:6:heartBeatTask	8	static
../Core/Src/main.c:1108:6:ssd1306Data	64	static
../Core/Src/main.c:1224:6:i2cTask	24	static
../Core/Src/main.c:1319:6:PWM_Control	0	static
../Core/Src/main.c:1377:6:FeedRxBuf	0	static
../Core/Src/main.c:1431:6:sendHTMLForm	16	static
../Core/Src/main.c:1450:6:sendHTTPOKPage	16	static
../Core/Src/main.c:1466:6:parseHTTPGetParams	32	static
../Core/Src/main.c:1544:6:httpTask	192	static
../Core/Src/main.c:1600:6:initButton	0	static
../Core/Src/main.c:1609:9:updateMefTask	0	static
../Core/Src/main.c:1646:6:buttonTimeout10ms	16	static
../Core/Src/main.c:1046:6:do10ms	24	static
../Core/Src/main.c:1700:6:buttonTask	24	static
../Core/Src/main.c:2278:6:NormalizeLineSensors	16	static
../Core/Src/main.c:2287:6:HandleModeScreenTransition	24	static
../Core/Src/main.c:2484:6:SystemClock_Config	88	static,ignoring_inline_asm
../Core/Src/main.c:3004:6:HAL_UART_RxCpltCallback	8	static
../Core/Src/main.c:3017:6:HAL_UART_ErrorCallback	0	static
../Core/Src/main.c:3037:6:Speed_IntegrationTask	56	static
../Core/Src/main.c:1803:6:PID_ControlTask	64	static
../Core/Src/main.c:2338:5:main	112	static,ignoring_inline_asm
../Core/Src/main.c:3184:6:Error_Handler	0	static,ignoring_inline_asm
