../Core/Src/main.c:573:6:USBRxData	20	static
../Core/Src/main.c:1376:6:CHPD_Control	0	static
../Core/Src/main.c:1115:6:displayMemWrite	24	static
../Core/Src/main.c:1123:6:mpuMemWrite	0	static
../Core/Src/main.c:1119:6:displayMemWriteDMA	16	static
../Core/Src/main.c:1127:6:mpuMemReadDMA	16	static
../Core/Src/main.c:1387:5:USART_SendByte	16	static
../Core/Src/main.c:1405:6:DebugESP01_To_USB	8	static
../Core/Src/main.c:1411:6:WiFi_Data_Callback	8	static
../Core/Src/main.c:1539:6:OnESP01ChangeState	8	static
../Core/Src/main.c:2439:17:LUT_Interpolate.constprop	12	static
../Core/Src/main.c:521:6:HAL_ADC_ConvCpltCallback	0	static
../Core/Src/main.c:528:6:HAL_I2C_MemTxCpltCallback	0	static
../Core/Src/main.c:532:6:HAL_I2C_MemRxCpltCallback	0	static
../Core/Src/main.c:536:6:HAL_TIM_PeriodElapsedCallback	8	static
../Core/Src/main.c:610:6:decodeCommand	88	static
../Core/Src/main.c:582:6:COMMTask	288	static
../Core/Src/main.c:1100:6:heartBeatTask	8	static
../Core/Src/main.c:1131:6:ssd1306Data	64	static
../Core/Src/main.c:1247:6:i2cTask	24	static
../Core/Src/main.c:1342:6:PWM_Control	0	static
../Core/Src/main.c:1400:6:FeedRxBuf	0	static
../Core/Src/main.c:1454:6:sendHTMLForm	16	static
../Core/Src/main.c:1473:6:sendHTTPOKPage	16	static
../Core/Src/main.c:1489:6:parseHTTPGetParams	32	static
../Core/Src/main.c:1567:6:httpTask	192	static
../Core/Src/main.c:1623:6:initButton	0	static
../Core/Src/main.c:1632:9:updateMefTask	0	static
../Core/Src/main.c:1669:6:buttonTimeout10ms	16	static
../Core/Src/main.c:1069:6:do10ms	24	static
../Core/Src/main.c:1723:6:buttonTask	24	static
../Core/Src/main.c:1827:6:LineFollowingMEF	24	static
../Core/Src/main.c:2472:6:NormalizeLineSensors	16	static
../Core/Src/main.c:2483:6:HandleModeScreenTransition	24	static
../Core/Src/main.c:2680:6:SystemClock_Config	88	static,ignoring_inline_asm
../Core/Src/main.c:3200:6:HAL_UART_RxCpltCallback	8	static
../Core/Src/main.c:3213:6:HAL_UART_ErrorCallback	0	static
../Core/Src/main.c:3233:6:Speed_IntegrationTask	56	static
../Core/Src/main.c:1973:6:PID_ControlTask	72	static
../Core/Src/main.c:2534:5:main	112	static,ignoring_inline_asm
../Core/Src/main.c:3380:6:Error_Handler	0	static,ignoring_inline_asm
