Archive member included to satisfy reference by file (symbol)

C:/ST/STM32CubeIDE_2.1.0/STM32CubeIDE/plugins/com.st.stm32cube.ide.mcu.externaltools.gnu-tools-for-stm32.14.3.rel1.win32_1.0.100.202602081740/tools/bin/../lib/gcc/arm-none-eabi/14.3.1/../../../../arm-none-eabi/lib/thumb/v7-m/nofp\libc_nano.a(libc_a-exit.o)
                              C:/ST/STM32CubeIDE_2.1.0/STM32CubeIDE/plugins/com.st.stm32cube.ide.mcu.externaltools.gnu-tools-for-stm32.14.3.rel1.win32_1.0.100.202602081740/tools/bin/../lib/gcc/arm-none-eabi/14.3.1/../../../../arm-none-eabi/lib/thumb/v7-m/nofp/crt0.o (exit)
C:/ST/STM32CubeIDE_2.1.0/STM32CubeIDE/plugins/com.st.stm32cube.ide.mcu.externaltools.gnu-tools-for-stm32.14.3.rel1.win32_1.0.100.202602081740/tools/bin/../lib/gcc/arm-none-eabi/14.3.1/../../../../arm-none-eabi/lib/thumb/v7-m/nofp\libc_nano.a(libc_a-itoa.o)
                              ./Core/Src/esp01.o (itoa)
C:/ST/STM32CubeIDE_2.1.0/STM32CubeIDE/plugins/com.st.stm32cube.ide.mcu.externaltools.gnu-tools-for-stm32.14.3.rel1.win32_1.0.100.202602081740/tools/bin/../lib/gcc/arm-none-eabi/14.3.1/../../../../arm-none-eabi/lib/thumb/v7-m/nofp\libc_nano.a(libc_a-utoa.o)
                              C:/ST/STM32CubeIDE_2.1.0/STM32CubeIDE/plugins/com.st.stm32cube.ide.mcu.externaltools.gnu-tools-for-stm32.14.3.rel1.win32_1.0.100.202602081740/tools/bin/../lib/gcc/arm-none-eabi/14.3.1/../../../../arm-none-eabi/lib/thumb/v7-m/nofp\libc_nano.a(libc_a-itoa.o) (__utoa)
C:/ST/STM32CubeIDE_2.1.0/STM32CubeIDE/plugins/com.st.stm32cube.ide.mcu.externaltools.gnu-tools-for-stm32.14.3.rel1.win32_1.0.100.202602081740/tools/bin/../lib/gcc/arm-none-eabi/14.3.1/../../../../arm-none-eabi/lib/thumb/v7-m/nofp\libc_nano.a(libc_a-findfp.o)
                              C:/ST/STM32CubeIDE_2.1.0/STM32CubeIDE/plugins/com.st.stm32cube.ide.mcu.externaltools.gnu-tools-for-stm32.14.3.rel1.win32_1.0.100.202602081740/tools/bin/../lib/gcc/arm-none-eabi/14.3.1/../../../../arm-none-eabi/lib/thumb/v7-m/nofp\libc_nano.a(libc_a-exit.o) (__stdio_exit_handler)
C:/ST/STM32CubeIDE_2.1.0/STM32CubeIDE/plugins/com.st.stm32cube.ide.mcu.externaltools.gnu-tools-for-stm32.14.3.rel1.win32_1.0.100.202602081740/tools/bin/../lib/gcc/arm-none-eabi/14.3.1/../../../../arm-none-eabi/lib/thumb/v7-m/nofp\libc_nano.a(libc_a-fwalk.o)
                              C:/ST/STM32CubeIDE_2.1.0/STM32CubeIDE/plugins/com.st.stm32cube.ide.mcu.externaltools.gnu-tools-for-stm32.14.3.rel1.win32_1.0.100.202602081740/tools/bin/../lib/gcc/arm-none-eabi/14.3.1/../../../../arm-none-eabi/lib/thumb/v7-m/nofp\libc_nano.a(libc_a-findfp.o) (_fwalk_sglue)
C:/ST/STM32CubeIDE_2.1.0/STM32CubeIDE/plugins/com.st.stm32cube.ide.mcu.externaltools.gnu-tools-for-stm32.14.3.rel1.win32_1.0.100.202602081740/tools/bin/../lib/gcc/arm-none-eabi/14.3.1/../../../../arm-none-eabi/lib/thumb/v7-m/nofp\libc_nano.a(libc_a-snprintf.o)
                              ./Core/Src/main.o (snprintf)
C:/ST/STM32CubeIDE_2.1.0/STM32CubeIDE/plugins/com.st.stm32cube.ide.mcu.externaltools.gnu-tools-for-stm32.14.3.rel1.win32_1.0.100.202602081740/tools/bin/../lib/gcc/arm-none-eabi/14.3.1/../../../../arm-none-eabi/lib/thumb/v7-m/nofp\libc_nano.a(libc_a-stdio.o)
                              C:/ST/STM32CubeIDE_2.1.0/STM32CubeIDE/plugins/com.st.stm32cube.ide.mcu.externaltools.gnu-tools-for-stm32.14.3.rel1.win32_1.0.100.202602081740/tools/bin/../lib/gcc/arm-none-eabi/14.3.1/../../../../arm-none-eabi/lib/thumb/v7-m/nofp\libc_nano.a(libc_a-findfp.o) (__sread)
C:/ST/STM32CubeIDE_2.1.0/STM32CubeIDE/plugins/com.st.stm32cube.ide.mcu.externaltools.gnu-tools-for-stm32.14.3.rel1.win32_1.0.100.202602081740/tools/bin/../lib/gcc/arm-none-eabi/14.3.1/../../../../arm-none-eabi/lib/thumb/v7-m/nofp\libc_nano.a(libc_a-memset.o)
                              C:/ST/STM32CubeIDE_2.1.0/STM32CubeIDE/plugins/com.st.stm32cube.ide.mcu.externaltools.gnu-tools-for-stm32.14.3.rel1.win32_1.0.100.202602081740/tools/bin/../lib/gcc/arm-none-eabi/14.3.1/../../../../arm-none-eabi/lib/thumb/v7-m/nofp/crt0.o (memset)
C:/ST/STM32CubeIDE_2.1.0/STM32CubeIDE/plugins/com.st.stm32cube.ide.mcu.externaltools.gnu-tools-for-stm32.14.3.rel1.win32_1.0.100.202602081740/tools/bin/../lib/gcc/arm-none-eabi/14.3.1/../../../../arm-none-eabi/lib/thumb/v7-m/nofp\libc_nano.a(libc_a-strncpy.o)
                              ./Core/Src/esp01.o (strncpy)
C:/ST/STM32CubeIDE_2.1.0/STM32CubeIDE/plugins/com.st.stm32cube.ide.mcu.externaltools.gnu-tools-for-stm32.14.3.rel1.win32_1.0.100.202602081740/tools/bin/../lib/gcc/arm-none-eabi/14.3.1/../../../../arm-none-eabi/lib/thumb/v7-m/nofp\libc_nano.a(libc_a-strstr.o)
                              ./Core/Src/main.o (strstr)
C:/ST/STM32CubeIDE_2.1.0/STM32CubeIDE/plugins/com.st.stm32cube.ide.mcu.externaltools.gnu-tools-for-stm32.14.3.rel1.win32_1.0.100.202602081740/tools/bin/../lib/gcc/arm-none-eabi/14.3.1/../../../../arm-none-eabi/lib/thumb/v7-m/nofp\libc_nano.a(libc_a-closer.o)
[...]
Memory Configuration

Name             Origin             Length             Attributes
RAM              0x20000000         0x00005000         xrw
FLASH            0x08000000         0x00010000         xr
*default*        0x00000000         0xffffffff

Linker script and memory map

LOAD C:/ST/STM32CubeIDE_2.1.0/STM32CubeIDE/plugins/com.st.stm32cube.ide.mcu.externaltools.gnu-tools-for-stm32.14.3.rel1.win32_1.0.100.202602081740/tools/bin/../lib/gcc/arm-none-eabi/14.3.1/thumb/v7-m/nofp/crti.o
LOAD C:/ST/STM32CubeIDE_2.1.0/STM32CubeIDE/plugins/com.st.stm32cube.ide.mcu.externaltools.gnu-tools-for-stm32.14.3.rel1.win32_1.0.100.202602081740/tools/bin/../lib/gcc/arm-none-eabi/14.3.1/thumb/v7-m/nofp/crtbegin.o
LOAD C:/ST/STM32CubeIDE_2.1.0/STM32CubeIDE/plugins/com.st.stm32cube.ide.mcu.externaltools.gnu-tools-for-stm32.14.3.rel1.win32_1.0.100.202602081740/tools/bin/../lib/gcc/arm-none-eabi/14.3.1/../../../../arm-none-eabi/lib/thumb/v7-m/nofp/crt0.o
LOAD ./Core/Src/esp01.o
LOAD ./Core/Src/fonts.o
LOAD ./Core/Src/main.o
LOAD ./Core/Src/mpu6050.o
LOAD ./Core/Src/ssd1306.o
LOAD ./Core/Src/stm32f1xx_hal_msp.o
LOAD ./Core/Src/stm32f1xx_it.o
LOAD ./Core/Src/syscalls.o
LOAD ./Core/Src/sysmem.o
LOAD ./Core/Src/system_stm32f1xx.o
LOAD ./Core/Src/unerPrtcl.o
LOAD ./Core/Src/wiregfx.o
LOAD ./Core/Startup/startup_stm32f103c8tx.o
LOAD ./Drivers/STM32F1xx_HAL_Driver/Src/stm32f1xx_hal.o
LOAD ./Drivers/STM32F1xx_HAL_Driver/Src/stm32f1xx_hal_adc.o
LOAD ./Drivers/STM32F1xx_HAL_Driver/Src/stm32f1xx_hal_adc_ex.o
LOAD ./Drivers/STM32F1xx_HAL_Driver/Src/stm32f1xx_hal_cortex.o
LOAD ./Drivers/STM32F1xx_HAL_Driver/Src/stm32f1xx_hal_dma.o
LOAD ./Drivers/STM32F1xx_HAL_Driver/Src/stm32f1xx_hal_exti.o
LOAD ./Drivers/STM32F1xx_HAL_Driver/Src/stm32f1xx_hal_flash.o
LOAD ./Drivers/STM32F1xx_HAL_Driver/Src/stm32f1xx_hal_flash_ex.o
LOAD ./Drivers/STM32F1xx_HAL_Driver/Src/stm32f1xx_hal_gpio.o
LOAD ./Drivers/STM32F1xx_HAL_Driver/Src/stm32f1xx_hal_gpio_ex.o
LOAD ./Drivers/STM32F1xx_HAL_Driver/Src/stm32f1xx_hal_i2c.o
LOAD ./Drivers/STM32F1xx_HAL_Driver/Src/stm32f1xx_hal_pcd.o
LOAD ./Drivers/STM32F1xx_HAL_Driver/Src/stm32f1xx_hal_pcd_ex.o
LOAD ./Drivers/STM32F1xx_HAL_Driver/Src/stm32f1xx_hal_pwr.o
LOAD ./Drivers/STM32F1xx_HAL_Driver/Src/stm32f1xx_hal_rcc.o
LOAD ./Drivers/STM32F1xx_HAL_Driver/Src/stm32f1xx_hal_rcc_ex.o
LOAD ./Drivers/STM32F1xx_HAL_Driver/Src/stm32f1xx_hal_tim.o
LOAD ./Drivers/STM32F1xx_HAL_Driver/Src/stm32f1xx_hal_tim_ex.o
LOAD ./Drivers/STM32F1xx_HAL_Driver/Src/stm32f1xx_hal_uart.o
LOAD ./Drivers/STM32F1xx_HAL_Driver/Src/stm32f1xx_ll_usb.o
LOAD ./Middlewares/ST/STM32_USB_Device_Library/Class/CDC/Src/usbd_cdc.o
LOAD ./Middlewares/ST/STM32_USB_Device_Library/Core/Src/usbd_core.o
LOAD ./Middlewares/ST/STM32_USB_Device_Library/Core/Src/usbd_ctlreq.o
LOAD ./Middlewares/ST/STM32_USB_Device_Library/Core/Src/usbd_ioreq.o
LOAD ./USB_DEVICE/App/usb_device.o
LOAD ./USB_DEVICE/App/usbd_cdc_if.o
LOAD ./USB_DEVICE/App/usbd_desc.o
LOAD ./USB_DEVICE/Target/usbd_conf.o
START GROUP
LOAD C:/ST/STM32CubeIDE_2.1.0/STM32CubeIDE/plugins/com.st.stm32cube.ide.mcu.externaltools.gnu-tools-for-stm32.14.3.rel1.win32_1.0.100.202602081740/tools/bin/../lib/gcc/arm-none-eabi/14.3.1/../../../../arm-none-eabi/lib/thumb/v7-m/nofp\libc_nano.a
LOAD C:/ST/STM32CubeIDE_2.1.0/STM32CubeIDE/plugins/com.st.stm32cube.ide.mcu.externaltools.gnu-tools-for-stm32.14.3.rel1.win32_1.0.100.202602081740/tools/bin/../lib/gcc/arm-none-eabi/14.3.1/../../../../arm-none-eabi/lib/thumb/v7-m/nofp\libm.a
END GROUP
START GROUP
LOAD C:/ST/STM32CubeIDE_2.1.0/STM32CubeIDE/plugins/com.st.stm32cube.ide.mcu.externaltools.gnu-tools-for-stm32.14.3.rel1.win32_1.0.100.202602081740/tools/bin/../lib/gcc/arm-none-eabi/14.3.1/thumb/v7-m/nofp\libgcc.a
LOAD C:/ST/STM32CubeIDE_2.1.0/STM32CubeIDE/plugins/com.st.stm32cube.ide.mcu.externaltools.gnu-tools-for-stm32.14.3.rel1.win32_1.0.100.202602081740/tools/bin/../lib/gcc/arm-none-eabi/14.3.1/../../../../arm-none-eabi/lib/thumb/v7-m/nofp\libc_nano.a
END GROUP
START GROUP
LOAD C:/ST/STM32CubeIDE_2.1.0/STM32CubeIDE/plugins/com.st.stm32cube.ide.mcu.externaltools.gnu-tools-for-stm32.14.3.rel1.win32_1.0.100.202602081740/tools/bin/../lib/gcc/arm-none-eabi/14.3.1/thumb/v7-m/nofp\libgcc.a
LOAD C:/ST/STM32CubeIDE_2.1.0/STM32CubeIDE/plugins/com.st.stm32cube.ide.mcu.externaltools.gnu-tools-for-stm32.14.3.rel1.win32_1.0.100.202602081740/tools/bin/../lib/gcc/arm-none-eabi/14.3.1/../../../../arm-none-eabi/lib/thumb/v7-m/nofp\libc_nano.a
LOAD C:/ST/STM32CubeIDE_2.1.0/STM32CubeIDE/plugins/com.st.stm32cube.ide.mcu.externaltools.gnu-tools-for-stm32.14.3.rel1.win32_1.0.100.202602081740/tools/bin/../lib/gcc/arm-none-eabi/14.3.1/../../../../arm-none-eabi/lib/thumb/v7-m/nofp\libnosys.a
END GROUP
START GROUP
LOAD C:/ST/STM32CubeIDE_2.1.0/STM32CubeIDE/plugins/com.st.stm32cube.ide.mcu.externaltools.gnu-tools-for-stm32.14.3.rel1.win32_1.0.100.202602081740/tools/bin/../lib/gcc/arm-none-eabi/14.3.1/thumb/v7-m/nofp\libgcc.a
LOAD C:/ST/STM32CubeIDE_2.1.0/STM32CubeIDE/plugins/com.st.stm32cube.ide.mcu.externaltools.gnu-tools-for-stm32.14.3.rel1.win32_1.0.100.202602081740/tools/bin/../lib/gcc/arm-none-eabi/14.3.1/../../../../arm-none-eabi/lib/thumb/v7-m/nofp\libc_nano.a
LOAD C:/ST/STM32CubeIDE_2.1.0/STM32CubeIDE/plugins/com.st.stm32cube.ide.mcu.externaltools.gnu-tools-for-stm32.14.3.rel1.win32_1.0.100.202602081740/tools/bin/../lib/gcc/arm-none-eabi/14.3.1/../../../../arm-none-eabi/lib/thumb/v7-m/nofp\libnosys.a
END GROUP
LOAD C:/ST/STM32CubeIDE_2.1.0/STM32CubeIDE/plugins/com.st.stm32cube.ide.mcu.externaltools.gnu-tools-for-stm32.14.3.rel1.win32_1.0.100.202602081740/tools/bin/../lib/gcc/arm-none-eabi/14.3.1/thumb/v7-m/nofp/crtend.o
LOAD C:/ST/STM32CubeIDE_2.1.0/STM32CubeIDE/plugins/com.st.stm32cube.ide.mcu.externaltools.gnu-tools-for-stm32.14.3.rel1.win32_1.0.100.202602081740/tools/bin/../lib/gcc/arm-none-eabi/14.3.1/thumb/v7-m/nofp/crtn.o
                0x20005000                        _estack = (ORIGIN (RAM) + LENGTH (RAM))
                0x00000200                        _Min_Heap_Size = 0x200
                0x00000400                        _Min_Stack_Size = 0x400

.isr_vector     0x08000000      0x10c
                0x08000000                        . = ALIGN (0x4)
 *(.isr_vector)
 .isr_vector    0x08000000      0x10c ./Core/Startup/startup_stm32f103c8tx.o
                0x08000000                g_pfnVectors
                0x0800010c                        . = ALIGN (0x4)

.text           0x08000110     0xcf84
                0x08000110                        . = ALIGN (0x4)
 *(.text)
 .text          0x08000110       0x40 C:/ST/STM32CubeIDE_2.1.0/STM32CubeIDE/plugins/com.st.stm32cube.ide.mcu.externaltools.gnu-tools-for-stm32.14.3.rel1.win32_1.0.100.202602081740/tools/bin/../lib/gcc/arm-none-eabi/14.3.1/thumb/v7-m/nofp/crtbegin.o
 .text          0x08000150       0x10 C:/ST/STM32CubeIDE_2.1.0/STM32CubeIDE/plugins/com.st.stm32cube.ide.mcu.externaltools.gnu-tools-for-stm32.14.3.rel1.win32_1.0.100.202602081740/tools/bin/../lib/gcc/arm-none-eabi/14.3.1/../../../../arm-none-eabi/lib/thumb/v7-m/nofp\libc_nano.a(libc_a-strlen.o)
                0x08000150                strlen
 .text          0x08000160       0xa0 C:/ST/STM32CubeIDE_2.1.0/STM32CubeIDE/plugins/com.st.stm32cube.ide.mcu.externaltools.gnu-tools-for-stm32.14.3.rel1.win32_1.0.100.202602081740/tools/bin/../lib/gcc/arm-none-eabi/14.3.1/thumb/v7-m/nofp\libgcc.a(_aeabi_ldivmod.o)
                0x08000160                __aeabi_ldivmod
 .text          0x08000200      0x2f4 C:/ST/STM32CubeIDE_2.1.0/STM32CubeIDE/plugins/com.st.stm32cube.ide.mcu.externaltools.gnu-tools-for-stm32.14.3.rel1.win32_1.0.100.202602081740/tools/bin/../lib/gcc/arm-none-eabi/14.3.1/thumb/v7-m/nofp\libgcc.a(_udivmoddi4.o)
                0x08000200                __udivmoddi4
 .text          0x080004f4        0x4 C:/ST/STM32CubeIDE_2.1.0/STM32CubeIDE/plugins/com.st.stm32cube.ide.mcu.externaltools.gnu-tools-for-stm32.14.3.rel1.win32_1.0.100.202602081740/tools/bin/../lib/gcc/arm-none-eabi/14.3.1/thumb/v7-m/nofp\libgcc.a(_dvmd_tls.o)
                0x080004f4                __aeabi_idiv0
                0x080004f4                __aeabi_ldiv0
 *(.text*)
 .text.ESP01StrToBufTX
                0x080004f8       0x3c ./Core/Src/esp01.o
 .text.ESP01ByteToBufTX
                0x08000534       0x28 ./Core/Src/esp01.o
 .text.ESP01_SetWIFI
                0x0800055c       0x5c ./Core/Src/esp01.o
                0x0800055c                ESP01_SetWIFI
 .text.ESP01_GetLastConnID
                0x080005b8        0xc ./Core/Src/esp01.o
                0x080005b8                ESP01_GetLastConnID
 .text.ESP01_StartUDP
                0x080005c4       0x8c ./Core/Src/esp01.o
                0x080005c4                ESP01_StartUDP
 .text.ESP01_StateUDPTCP
                0x08000650       0x24 ./Core/Src/esp01.o
                0x08000650                ESP01_StateUDPTCP
 .text.ESP01_WriteRX
                0x08000674       0x28 ./Core/Src/esp01.o
                0x08000674                ESP01_WriteRX
 .text.ESP01_Send
                0x0800069c      0x134 ./Core/Src/esp01.o
                0x0800069c                ESP01_Send
 .text.ESP01_Init
                0x080007d0       0x6c ./Core/Src/esp01.o
                0x080007d0                ESP01_Init
 .text.ESP01_Timeout10ms
                0x0800083c       0x78 ./Core/Src/esp01.o
                0x0800083c                ESP01_Timeout10ms
 .text.ESP01_Task
                0x080008b4      0xb8c ./Core/Src/esp01.o
                0x080008b4                ESP01_Task
 .text.ESP01_AttachChangeState
                0x08001440        0xc ./Core/Src/esp01.o
                0x08001440                ESP01_AttachChangeState
 .text.ESP01_AttachDebugStr
                0x0800144c        0xc ./Core/Src/esp01.o
                0x0800144c                ESP01_AttachDebugStr
 .text.USBRxData
                0x08001458       0x40 ./Core/Src/main.o
                0x08001458                USBRxData
 .text.WiFi_Data_Callback
                0x08001498       0x7c ./Core/Src/main.o
                0x08001498                WiFi_Data_Callback
 .text.CHPD_Control
                0x08001514       0x18 ./Core/Src/main.o
                0x08001514                CHPD_Control
 .text.displayMemWrite
                0x0800152c       0x24 ./Core/Src/main.o
                0x0800152c                displayMemWrite
 .text.mpuMemWrite
                0x08001550       0x24 ./Core/Src/main.o
                0x08001550                mpuMemWrite
 .text.displayMemWriteDMA
                0x08001574       0x20 ./Core/Src/main.o
                0x08001574                displayMemWriteDMA
 .text.mpuMemReadDMA
                0x08001594       0x20 ./Core/Src/main.o
                0x08001594                mpuMemReadDMA
 .text.USART_SendByte
                0x080015b4       0x24 ./Core/Src/main.o
                0x080015b4                USART_SendByte
 .text.DebugESP01_To_USB
                0x080015d8       0x12 ./Core/Src/main.o
                0x080015d8                DebugESP01_To_USB
 *fill*         0x080015ea        0x2 
 .text.OnESP01ChangeState
                0x080015ec       0x8c ./Core/Src/main.o
                0x080015ec                OnESP01ChangeState
 .text.HAL_ADC_ConvCpltCallback
                0x08001678       0x20 ./Core/Src/main.o
                0x08001678                HAL_ADC_ConvCpltCallback
 .text.HAL_I2C_MemTxCpltCallback
                0x08001698        0xc ./Core/Src/main.o
                0x08001698                HAL_I2C_MemTxCpltCallback
 .text.HAL_I2C_MemRxCpltCallback
                0x080016a4        0xc ./Core/Src/main.o
                0x080016a4                HAL_I2C_MemRxCpltCallback
 .text.HAL_TIM_PeriodElapsedCallback
                0x080016b0       0xa0 ./Core/Src/main.o
                0x080016b0                HAL_TIM_PeriodElapsedCallback
 .text.decodeCommand
                0x08001750      0xe50 ./Core/Src/main.o
                0x08001750                decodeCommand
 .text.COMMTask
                0x080025a0       0x90 ./Core/Src/main.o
                0x080025a0                COMMTask
 .text.heartBeatTask
                0x08002630       0x44 ./Core/Src/main.o
                0x08002630                heartBeatTask
 .text.ssd1306Data
                0x08002674      0x418 ./Core/Src/main.o
                0x08002674                ssd1306Data
 .text.i2cTask  0x08002a8c      0x148 ./Core/Src/main.o
                0x08002a8c                i2cTask
 .text.PWM_Control
                0x08002bd4       0x34 ./Core/Src/main.o
                0x08002bd4                PWM_Control
 .text.sendHTMLForm
                0x08002c08       0x44 ./Core/Src/main.o
                0x08002c08                sendHTMLForm
 .text.sendHTTPOKPage
                0x08002c4c       0x40 ./Core/Src/main.o
                0x08002c4c                sendHTTPOKPage
 .text.parseHTTPGetParams
                0x08002c8c      0x118 ./Core/Src/main.o
                0x08002c8c                parseHTTPGetParams
 .text.httpTask
                0x08002da4      0x104 ./Core/Src/main.o
                0x08002da4                httpTask
 .text.updateMefTask
                0x08002ea8       0x62 ./Core/Src/main.o
                0x08002ea8                updateMefTask
 *fill*         0x08002f0a        0x2 
 .text.buttonTimeout10ms
                0x08002f0c       0x50 ./Core/Src/main.o
                0x08002f0c                buttonTimeout10ms
 .text.do10ms   0x08002f5c      0x158 ./Core/Src/main.o
                0x08002f5c                do10ms
 .text.buttonTask
                0x080030b4       0x54 ./Core/Src/main.o
                0x080030b4                buttonTask
 .text.PID_ControlTask
                0x08003108      0xc28 ./Core/Src/main.o
                0x08003108                PID_ControlTask
 .text.SystemClock_Config
                0x08003d30       0x82 ./Core/Src/main.o
                0x08003d30                SystemClock_Config
 *fill*         0x08003db2        0x2 
 .text.main     0x08003db4      0x708 ./Core/Src/main.o
                0x08003db4                main
 .text.HAL_UART_RxCpltCallback
                0x080044bc       0x2c ./Core/Src/main.o
                0x080044bc                HAL_UART_RxCpltCallback
 .text.HAL_UART_ErrorCallback
                0x080044e8       0x30 ./Core/Src/main.o
                0x080044e8                HAL_UART_ErrorCallback
 .text.Error_Handler
                0x08004518        0x4 ./Core/Src/main.o
                0x08004518                Error_Handler
 .text.mpu6050_ADC_ConfCpltCallback
                0x0800451c        0xc ./Core/Src/mpu6050.o
                0x0800451c                mpu6050_ADC_ConfCpltCallback
 .text.mpu6050_Attach_MemWrite
                0x08004528        0xc ./Core/Src/mpu6050.o
                0x08004528                mpu6050_Attach_MemWrite
 .text.mpu6050_Attach_MemReadDMA
                0x08004534        0xc ./Core/Src/mpu6050.o
                0x08004534                mpu6050_Attach_MemReadDMA
 .text.mpu6050_WriteData
                0x08004540       0x18 ./Core/Src/mpu6050.o
                0x08004540                mpu6050_WriteData
 .text.mpu6050_ReadDataDMA
                0x08004558       0x18 ./Core/Src/mpu6050.o
                0x08004558                mpu6050_ReadDataDMA
 .text.mpu6050_Init
                0x08004570       0x3c ./Core/Src/mpu6050.o
                0x08004570                mpu6050_Init
 .text.mpu6050_Reset_State
                0x080045ac       0x1c ./Core/Src/mpu6050.o
                0x080045ac                mpu6050_Reset_State
 .text.mpu6050_Read
                0x080045c8       0xc0 ./Core/Src/mpu6050.o
                0x080045c8                mpu6050_Read
 .text.mpu6050_GetData
                0x08004688       0x58 ./Core/Src/mpu6050.o
                0x08004688                mpu6050_GetData
 .text.ssd1306_WriteCommand
                0x080046e0       0x20 ./Core/Src/ssd1306.o
                0x080046e0                ssd1306_WriteCommand
 .text.ssd1306_WriteCommandDMA
                0x08004700       0x20 ./Core/Src/ssd1306.o
                0x08004700                ssd1306_WriteCommandDMA
 .text.ssd1306_WriteData
                0x08004720       0x18 ./Core/Src/ssd1306.o
                0x08004720                ssd1306_WriteData
 .text.ssd1306_WriteDataDMA
                0x08004738       0x18 ./Core/Src/ssd1306.o
                0x08004738                ssd1306_WriteDataDMA
 .text.ssd1306_Attach_MemWriteDMA
                0x08004750        0xc ./Core/Src/ssd1306.o
                0x08004750                ssd1306_Attach_MemWriteDMA
 .text.ssd1306_Attach_MemWrite
                0x0800475c        0xc ./Core/Src/ssd1306.o
                0x0800475c                ssd1306_Attach_MemWrite
 .text.ssd1306_ADC_ConfCpltCallback
                0x08004768        0xc ./Core/Src/ssd1306.o
                0x08004768                ssd1306_ADC_ConfCpltCallback
 .text.ssd1306_Fill
                0x08004774       0x1c ./Core/Src/ssd1306.o
                0x08004774                ssd1306_Fill
 .text.ssd1306_UpdateScreen
                0x08004790       0x3c ./Core/Src/ssd1306.o
                0x08004790                ssd1306_UpdateScreen
 .text.ssd1306_UpdateScreenDMA
                0x080047cc       0xa4 ./Core/Src/ssd1306.o
                0x080047cc                ssd1306_UpdateScreenDMA
 .text.ssd1306_DrawPixel
                0x08004870       0x4c ./Core/Src/ssd1306.o
                0x08004870                ssd1306_DrawPixel
 .text.ssd1306_WriteChar
                0x080048bc       0xdc ./Core/Src/ssd1306.o
                0x080048bc                ssd1306_WriteChar
 .text.ssd1306_WriteString
                0x08004998       0x34 ./Core/Src/ssd1306.o
                0x08004998                ssd1306_WriteString
 .text.ssd1306_SetCursor
                0x080049cc        0xc ./Core/Src/ssd1306.o
                0x080049cc                ssd1306_SetCursor
 .text.ssd1306_Line
                0x080049d8       0x8a ./Core/Src/ssd1306.o
                0x080049d8                ssd1306_Line
 .text.ssd1306_FillRectangle
                0x08004a62       0x5e ./Core/Src/ssd1306.o
                0x08004a62                ssd1306_FillRectangle
 .text.ssd1306_SetContrast
                0x08004ac0       0x12 ./Core/Src/ssd1306.o
                0x08004ac0                ssd1306_SetContrast
 *fill*         0x08004ad2        0x2 
 .text.ssd1306_SetDisplayOn
                0x08004ad4       0x1c ./Core/Src/ssd1306.o
                0x08004ad4                ssd1306_SetDisplayOn
 .text.ssd1306_Init
                0x08004af0       0xc8 ./Core/Src/ssd1306.o
                0x08004af0                ssd1306_Init
 .text.HAL_MspInit
                0x08004bb8       0x44 ./Core/Src/stm32f1xx_hal_msp.o
                0x08004bb8                HAL_MspInit
 .text.HAL_ADC_MspInit
                0x08004bfc       0xa8 ./Core/Src/stm32f1xx_hal_msp.o
                0x08004bfc                HAL_ADC_MspInit
 .text.HAL_I2C_MspInit
                0x08004ca4       0xec ./Core/Src/stm32f1xx_hal_msp.o
                0x08004ca4                HAL_I2C_MspInit
 .text.HAL_I2C_MspDeInit
                0x08004d90       0x54 ./Core/Src/stm32f1xx_hal_msp.o
                0x08004d90                HAL_I2C_MspDeInit
 .text.HAL_TIM_Base_MspInit
                0x08004de4       0xfc ./Core/Src/stm32f1xx_hal_msp.o
                0x08004de4                HAL_TIM_Base_MspInit
 .text.HAL_TIM_MspPostInit
                0x08004ee0       0x64 ./Core/Src/stm32f1xx_hal_msp.o
                0x08004ee0                HAL_TIM_MspPostInit
 .text.HAL_UART_MspInit
                0x08004f44       0x8c ./Core/Src/stm32f1xx_hal_msp.o
                0x08004f44                HAL_UART_MspInit
 .text.NMI_Handler
                0x08004fd0        0x2 ./Core/Src/stm32f1xx_it.o
                0x08004fd0                NMI_Handler
 .text.HardFault_Handler
                0x08004fd2        0x2 ./Core/Src/stm32f1xx_it.o
                0x08004fd2                HardFault_Handler
 .text.MemManage_Handler
                0x08004fd4        0x2 ./Core/Src/stm32f1xx_it.o
                0x08004fd4                MemManage_Handler
 .text.BusFault_Handler
                0x08004fd6        0x2 ./Core/Src/stm32f1xx_it.o
                0x08004fd6                BusFault_Handler
 .text.UsageFault_Handler
                0x08004fd8        0x2 ./Core/Src/stm32f1xx_it.o
                0x08004fd8                UsageFault_Handler
 .text.SVC_Handler
                0x08004fda        0x2 ./Core/Src/stm32f1xx_it.o
                0x08004fda                SVC_Handler
 .text.DebugMon_Handler
                0x08004fdc        0x2 ./Core/Src/stm32f1xx_it.o
                0x08004fdc                DebugMon_Handler
 .text.PendSV_Handler
                0x08004fde        0x2 ./Core/Src/stm32f1xx_it.o
                0x08004fde                PendSV_Handler
 .text.SysTick_Handler
                0x08004fe0        0x8 ./Core/Src/stm32f1xx_it.o
                0x08004fe0                SysTick_Handler
 .text.DMA1_Channel1_IRQHandler
                0x08004fe8       0x10 ./Core/Src/stm32f1xx_it.o
                0x08004fe8                DMA1_Channel1_IRQHandler
 .text.DMA1_Channel4_IRQHandler
                0x08004ff8       0x10 ./Core/Src/stm32f1xx_it.o
                0x08004ff8                DMA1_Channel4_IRQHandler
 .text.DMA1_Channel5_IRQHandler
                0x08005008       0x10 ./Core/Src/stm32f1xx_it.o
                0x08005008                DMA1_Channel5_IRQHandler
 .text.ADC1_2_IRQHandler
                0x08005018       0x10 ./Core/Src/stm32f1xx_it.o
                0x08005018                ADC1_2_IRQHandler
 .text.USB_HP_CAN1_TX_IRQHandler
                0x08005028       0x10 ./Core/Src/stm32f1xx_it.o
                0x08005028                USB_HP_CAN1_TX_IRQHandler
 .text.USB_LP_CAN1_RX0_IRQHandler
                0x08005038       0x10 ./Core/Src/stm32f1xx_it.o
                0x08005038                USB_LP_CAN1_RX0_IRQHandler
 .text.TIM1_BRK_IRQHandler
                0x08005048       0x10 ./Core/Src/stm32f1xx_it.o
                0x08005048                TIM1_BRK_IRQHandler
 .text.TIM1_UP_IRQHandler
                0x08005058       0x10 ./Core/Src/stm32f1xx_it.o
                0x08005058                TIM1_UP_IRQHandler
 .text.TIM1_TRG_COM_IRQHandler
                0x08005068       0x10 ./Core/Src/stm32f1xx_it.o
                0x08005068                TIM1_TRG_COM_IRQHandler
 .text.TIM1_CC_IRQHandler
                0x08005078       0x10 ./Core/Src/stm32f1xx_it.o
                0x08005078                TIM1_CC_IRQHandler
 .text.TIM2_IRQHandler
                0x08005088       0x10 ./Core/Src/stm32f1xx_it.o
                0x08005088                TIM2_IRQHandler
 .text.TIM3_IRQHandler
                0x08005098       0x10 ./Core/Src/stm32f1xx_it.o
                0x08005098                TIM3_IRQHandler
 .text.TIM4_IRQHandler
                0x080050a8       0x10 ./Core/Src/stm32f1xx_it.o
                0x080050a8                TIM4_IRQHandler
 .text.I2C2_EV_IRQHandler
                0x080050b8       0x10 ./Core/Src/stm32f1xx_it.o
                0x080050b8                I2C2_EV_IRQHandler
 .text.I2C2_ER_IRQHandler
                0x080050c8       0x10 ./Core/Src/stm32f1xx_it.o
                0x080050c8                I2C2_ER_IRQHandler
 .text.USART1_IRQHandler
                0x080050d8       0x10 ./Core/Src/stm32f1xx_it.o
                0x080050d8                USART1_IRQHandler
 .text._sbrk    0x080050e8       0x48 ./Core/Src/sysmem.o
                0x080050e8                _sbrk
 .text.SystemInit
                0x08005130        0x2 ./Core/Src/system_stm32f1xx.o
                0x08005130                SystemInit
 .text.unerPrtcl_PutHeaderOnTx
                0x08005132       0xee ./Core/Src/unerPrtcl.o
                0x08005132                unerPrtcl_PutHeaderOnTx
 .text.unerPrtcl_PutByteOnTx
                0x08005220       0x28 ./Core/Src/unerPrtcl.o
                0x08005220                unerPrtcl_PutByteOnTx
 .text.unerPrtcl_PutStrOntx
                0x08005248       0x5c ./Core/Src/unerPrtcl.o
                0x08005248                unerPrtcl_PutStrOntx
 .text.unerPrtcl_GetByteFromRx
                0x080052a4       0x20 ./Core/Src/unerPrtcl.o
                0x080052a4                unerPrtcl_GetByteFromRx
 .text.unerPrtcl_DecodeHeader
                0x080052c4      0x114 ./Core/Src/unerPrtcl.o
                0x080052c4                unerPrtcl_DecodeHeader
 .text.unerPrtcl_Init
                0x080053d8       0x2c ./Core/Src/unerPrtcl.o
                0x080053d8                unerPrtcl_Init
 .text.Reset_Handler
                0x08005404       0x48 ./Core/Startup/startup_stm32f103c8tx.o
                0x08005404                Reset_Handler
 .text.Default_Handler
                0x0800544c        0x2 ./Core/Startup/startup_stm32f103c8tx.o
                0x0800544c                RTC_Alarm_IRQHandler
                0x0800544c                EXTI2_IRQHandler
                0x0800544c                PVD_IRQHandler
                0x0800544c                EXTI3_IRQHandler
                0x0800544c                EXTI0_IRQHandler
                0x0800544c                SPI1_IRQHandler
                0x0800544c                TAMPER_IRQHandler
                0x0800544c                USART3_IRQHandler
                0x0800544c                RTC_IRQHandler
                0x0800544c                DMA1_Channel7_IRQHandler
                0x0800544c                CAN1_RX1_IRQHandler
                0x0800544c                I2C1_EV_IRQHandler
                0x0800544c                DMA1_Channel6_IRQHandler
                0x0800544c                RCC_IRQHandler
                0x0800544c                Default_Handler
                0x0800544c                EXTI15_10_IRQHandler
                0x0800544c                EXTI9_5_IRQHandler
                0x0800544c                SPI2_IRQHandler
                0x0800544c                EXTI4_IRQHandler
                0x0800544c                DMA1_Channel3_IRQHandler
                0x0800544c                WWDG_IRQHandler
                0x0800544c                EXTI1_IRQHandler
                0x0800544c                USART2_IRQHandler
                0x0800544c                DMA1_Channel2_IRQHandler
                0x0800544c                CAN1_SCE_IRQHandler
                0x0800544c                FLASH_IRQHandler
                0x0800544c                I2C1_ER_IRQHandler
                0x0800544c                USBWakeUp_IRQHandler
 *fill*         0x0800544e        0x2 
 .text.HAL_InitTick
                0x08005450       0x4c ./Drivers/STM32F1xx_HAL_Driver/Src/stm32f1xx_hal.o
                0x08005450                HAL_InitTick
 .text.HAL_Init
                0x0800549c       0x24 ./Drivers/STM32F1xx_HAL_Driver/Src/stm32f1xx_hal.o
                0x0800549c                HAL_Init
 .text.HAL_IncTick
                0x080054c0       0x18 ./Drivers/STM32F1xx_HAL_Driver/Src/stm32f1xx_hal.o
                0x080054c0                HAL_IncTick
 .text.HAL_GetTick
                0x080054d8        0xc ./Drivers/STM32F1xx_HAL_Driver/Src/stm32f1xx_hal.o
                0x080054d8                HAL_GetTick
 .text.HAL_Delay
                0x080054e4       0x28 ./Drivers/STM32F1xx_HAL_Driver/Src/stm32f1xx_hal.o
                0x080054e4                HAL_Delay
 .text.ADC_DMAConvCplt
                0x0800550c       0x52 ./Drivers/STM32F1xx_HAL_Driver/Src/stm32f1xx_hal_adc.o
                0x0800550c                ADC_DMAConvCplt
 .text.HAL_ADC_ConvHalfCpltCallback
                0x0800555e        0x2 ./Drivers/STM32F1xx_HAL_Driver/Src/stm32f1xx_hal_adc.o
                0x0800555e                HAL_ADC_ConvHalfCpltCallback
 .text.ADC_DMAHalfConvCplt
                0x08005560        0xa ./Drivers/STM32F1xx_HAL_Driver/Src/stm32f1xx_hal_adc.o
                0x08005560                ADC_DMAHalfConvCplt
 .text.HAL_ADC_LevelOutOfWindowCallback
                0x0800556a        0x2 ./Drivers/STM32F1xx_HAL_Driver/Src/stm32f1xx_hal_adc.o
                0x0800556a                HAL_ADC_LevelOutOfWindowCallback
 .text.HAL_ADC_IRQHandler
                0x0800556c      0x102 ./Drivers/STM32F1xx_HAL_Driver/Src/stm32f1xx_hal_adc.o
                0x0800556c                HAL_ADC_IRQHandler
 .text.HAL_ADC_ErrorCallback
                0x0800566e        0x2 ./Drivers/STM32F1xx_HAL_Driver/Src/stm32f1xx_hal_adc.o
                0x0800566e                HAL_ADC_ErrorCallback
 .text.ADC_DMAError
                0x08005670       0x1a ./Drivers/STM32F1xx_HAL_Driver/Src/stm32f1xx_hal_adc.o
                0x08005670                ADC_DMAError
 *fill*         0x0800568a        0x2 
 .text.HAL_ADC_ConfigChannel
                0x0800568c      0x148 ./Drivers/STM32F1xx_HAL_Driver/Src/stm32f1xx_hal_adc.o
                0x0800568c                HAL_ADC_ConfigChannel
 .text.ADC_Enable
                0x080057d4       0x98 ./Drivers/STM32F1xx_HAL_Driver/Src/stm32f1xx_hal_adc.o
                0x080057d4                ADC_Enable
 .text.HAL_ADC_Start_DMA
                0x0800586c      0x128 ./Drivers/STM32F1xx_HAL_Driver/Src/stm32f1xx_hal_adc.o
                0x0800586c                HAL_ADC_Start_DMA
 .text.ADC_ConversionStop_Disable
                0x08005994       0x64 ./Drivers/STM32F1xx_HAL_Driver/Src/stm32f1xx_hal_adc.o
                0x08005994                ADC_ConversionStop_Disable
 .text.HAL_ADC_Init
                0x080059f8      0x108 ./Drivers/STM32F1xx_HAL_Driver/Src/stm32f1xx_hal_adc.o
                0x080059f8                HAL_ADC_Init
 .text.HAL_ADCEx_InjectedConvCpltCallback
                0x08005b00        0x2 ./Drivers/STM32F1xx_HAL_Driver/Src/stm32f1xx_hal_adc_ex.o
                0x08005b00                HAL_ADCEx_InjectedConvCpltCallback
 *fill*         0x08005b02        0x2 
 .text.HAL_NVIC_SetPriorityGrouping
                0x08005b04       0x24 ./Drivers/STM32F1xx_HAL_Driver/Src/stm32f1xx_hal_cortex.o
                0x08005b04                HAL_NVIC_SetPriorityGrouping
 .text.HAL_NVIC_SetPriority
                0x08005b28       0x6c ./Drivers/STM32F1xx_HAL_Driver/Src/stm32f1xx_hal_cortex.o
                0x08005b28                HAL_NVIC_SetPriority
 .text.HAL_NVIC_EnableIRQ
                0x08005b94       0x1c ./Drivers/STM32F1xx_HAL_Driver/Src/stm32f1xx_hal_cortex.o
                0x08005b94                HAL_NVIC_EnableIRQ
 .text.HAL_NVIC_DisableIRQ
                0x08005bb0       0x24 ./Drivers/STM32F1xx_HAL_Driver/Src/stm32f1xx_hal_cortex.o
                0x08005bb0                HAL_NVIC_DisableIRQ
 .text.HAL_SYSTICK_Config
                0x08005bd4       0x28 ./Drivers/STM32F1xx_HAL_Driver/Src/stm32f1xx_hal_cortex.o
                0x08005bd4                HAL_SYSTICK_Config
 .text.HAL_DMA_Init
                0x08005bfc       0x68 ./Drivers/STM32F1xx_HAL_Driver/Src/stm32f1xx_hal_dma.o
                0x08005bfc                HAL_DMA_Init
 .text.HAL_DMA_DeInit
                0x08005c64       0x68 ./Drivers/STM32F1xx_HAL_Driver/Src/stm32f1xx_hal_dma.o
                0x08005c64                HAL_DMA_DeInit
 .text.HAL_DMA_Start_IT
                0x08005ccc       0x9a ./Drivers/STM32F1xx_HAL_Driver/Src/stm32f1xx_hal_dma.o
                0x08005ccc                HAL_DMA_Start_IT
 .text.HAL_DMA_Abort
                0x08005d66       0x40 ./Drivers/STM32F1xx_HAL_Driver/Src/stm32f1xx_hal_dma.o
                0x08005d66                HAL_DMA_Abort
 *fill*         0x08005da6        0x2 
 .text.HAL_DMA_Abort_IT
                0x08005da8       0x94 ./Drivers/STM32F1xx_HAL_Driver/Src/stm32f1xx_hal_dma.o
                0x08005da8                HAL_DMA_Abort_IT
 .text.HAL_DMA_IRQHandler
                0x08005e3c      0x140 ./Drivers/STM32F1xx_HAL_Driver/Src/stm32f1xx_hal_dma.o
                0x08005e3c                HAL_DMA_IRQHandler
 .text.HAL_DMA_GetState
                0x08005f7c        0x6 ./Drivers/STM32F1xx_HAL_Driver/Src/stm32f1xx_hal_dma.o
                0x08005f7c                HAL_DMA_GetState
 *fill*         0x08005f82        0x2 
 .text.HAL_GPIO_Init
                0x08005f84      0x240 ./Drivers/STM32F1xx_HAL_Driver/Src/stm32f1xx_hal_gpio.o
                0x08005f84                HAL_GPIO_Init
 .text.HAL_GPIO_DeInit
                0x080061c4       0xfc ./Drivers/STM32F1xx_HAL_Driver/Src/stm32f1xx_hal_gpio.o
                0x080061c4                HAL_GPIO_DeInit
 .text.HAL_GPIO_ReadPin
                0x080062c0        0xc ./Drivers/STM32F1xx_HAL_Driver/Src/stm32f1xx_hal_gpio.o
                0x080062c0                HAL_GPIO_ReadPin
 .text.HAL_GPIO_WritePin
                0x080062cc        0xc ./Drivers/STM32F1xx_HAL_Driver/Src/stm32f1xx_hal_gpio.o
                0x080062cc                HAL_GPIO_WritePin
 .text.I2C_IsAcknowledgeFailed
                0x080062d8       0x32 ./Drivers/STM32F1xx_HAL_Driver/Src/stm32f1xx_hal_i2c.o
 .text.I2C_WaitOnFlagUntilTimeout
                0x0800630a       0x86 ./Drivers/STM32F1xx_HAL_Driver/Src/stm32f1xx_hal_i2c.o
 .text.I2C_WaitOnMasterAddressFlagUntilTimeout
                0x08006390       0xba ./Drivers/STM32F1xx_HAL_Driver/Src/stm32f1xx_hal_i2c.o
 .text.I2C_WaitOnTXEFlagUntilTimeout
                0x0800644a       0x5e ./Drivers/STM32F1xx_HAL_Driver/Src/stm32f1xx_hal_i2c.o
 .text.I2C_RequestMemoryWrite
                0x080064a8       0xe0 ./Drivers/STM32F1xx_HAL_Driver/Src/stm32f1xx_hal_i2c.o
 .text.I2C_RequestMemoryRead
                0x08006588      0x164 ./Drivers/STM32F1xx_HAL_Driver/Src/stm32f1xx_hal_i2c.o
 .text.I2C_WaitOnBTFFlagUntilTimeout
                0x080066ec       0x5e ./Drivers/STM32F1xx_HAL_Driver/Src/stm32f1xx_hal_i2c.o
 *fill*         0x0800674a        0x2 
 .text.HAL_I2C_Init
                0x0800674c      0x184 ./Drivers/STM32F1xx_HAL_Driver/Src/stm32f1xx_hal_i2c.o
                0x0800674c                HAL_I2C_Init
 .text.HAL_I2C_DeInit
                0x080068d0       0x32 ./Drivers/STM32F1xx_HAL_Driver/Src/stm32f1xx_hal_i2c.o
                0x080068d0                HAL_I2C_DeInit
 *fill*         0x08006902        0x2 
 .text.HAL_I2C_Mem_Write
                0x08006904      0x168 ./Drivers/STM32F1xx_HAL_Driver/Src/stm32f1xx_hal_i2c.o
                0x08006904                HAL_I2C_Mem_Write
 .text.HAL_I2C_Mem_Write_DMA
                0x08006a6c      0x1c8 ./Drivers/STM32F1xx_HAL_Driver/Src/stm32f1xx_hal_i2c.o
                0x08006a6c                HAL_I2C_Mem_Write_DMA
 .text.HAL_I2C_Mem_Read_DMA
                0x08006c34      0x204 ./Drivers/STM32F1xx_HAL_Driver/Src/stm32f1xx_hal_i2c.o
                0x08006c34                HAL_I2C_Mem_Read_DMA
 .text.HAL_I2C_MasterTxCpltCallback
                0x08006e38        0x2 ./Drivers/STM32F1xx_HAL_Driver/Src/stm32f1xx_hal_i2c.o
                0x08006e38                HAL_I2C_MasterTxCpltCallback
 .text.HAL_I2C_MasterRxCpltCallback
                0x08006e3a        0x2 ./Drivers/STM32F1xx_HAL_Driver/Src/stm32f1xx_hal_i2c.o
                0x08006e3a                HAL_I2C_MasterRxCpltCallback
 .text.HAL_I2C_SlaveTxCpltCallback
                0x08006e3c        0x2 ./Drivers/STM32F1xx_HAL_Driver/Src/stm32f1xx_hal_i2c.o
                0x08006e3c                HAL_I2C_SlaveTxCpltCallback
 .text.HAL_I2C_SlaveRxCpltCallback
                0x08006e3e        0x2 ./Drivers/STM32F1xx_HAL_Driver/Src/stm32f1xx_hal_i2c.o
                0x08006e3e                HAL_I2C_SlaveRxCpltCallback
 .text.HAL_I2C_AddrCallback
                0x08006e40        0x2 ./Drivers/STM32F1xx_HAL_Driver/Src/stm32f1xx_hal_i2c.o
                0x08006e40                HAL_I2C_AddrCallback
 .text.HAL_I2C_ListenCpltCallback
                0x08006e42        0x2 ./Drivers/STM32F1xx_HAL_Driver/Src/stm32f1xx_hal_i2c.o
                0x08006e42                HAL_I2C_ListenCpltCallback
 .text.I2C_MemoryTransmit_TXE_BTF
                0x08006e44       0xd0 ./Drivers/STM32F1xx_HAL_Driver/Src/stm32f1xx_hal_i2c.o
 .text.HAL_I2C_ErrorCallback
                0x08006f14        0x2 ./Drivers/STM32F1xx_HAL_Driver/Src/stm32f1xx_hal_i2c.o
                0x08006f14                HAL_I2C_ErrorCallback
 .text.I2C_DMAError
                0x08006f16       0x3a ./Drivers/STM32F1xx_HAL_Driver/Src/stm32f1xx_hal_i2c.o
 .text.I2C_DMAXferCplt
                0x08006f50      0x13a ./Drivers/STM32F1xx_HAL_Driver/Src/stm32f1xx_hal_i2c.o
 .text.HAL_I2C_AbortCpltCallback
                0x0800708a        0x2 ./Drivers/STM32F1xx_HAL_Driver/Src/stm32f1xx_hal_i2c.o
                0x0800708a                HAL_I2C_AbortCpltCallback
 .text.I2C_DMAAbort
                0x0800708c       0xe0 ./Drivers/STM32F1xx_HAL_Driver/Src/stm32f1xx_hal_i2c.o
 .text.I2C_ITError
                0x0800716c      0x17c ./Drivers/STM32F1xx_HAL_Driver/Src/stm32f1xx_hal_i2c.o
 .text.HAL_I2C_EV_IRQHandler
                0x080072e8      0xae4 ./Drivers/STM32F1xx_HAL_Driver/Src/stm32f1xx_hal_i2c.o
                0x080072e8                HAL_I2C_EV_IRQHandler
 .text.HAL_I2C_ER_IRQHandler
                0x08007dcc      0x1b8 ./Drivers/STM32F1xx_HAL_Driver/Src/stm32f1xx_hal_i2c.o
                0x08007dcc                HAL_I2C_ER_IRQHandler
 .text.HAL_I2C_GetState
                0x08007f84        0x6 ./Drivers/STM32F1xx_HAL_Driver/Src/stm32f1xx_hal_i2c.o
                0x08007f84                HAL_I2C_GetState
 .text.HAL_I2C_GetError
                0x08007f8a        0x4 ./Drivers/STM32F1xx_HAL_Driver/Src/stm32f1xx_hal_i2c.o
                0x08007f8a                HAL_I2C_GetError
 .text.HAL_PCD_Init
                0x08007f8e       0xd4 ./Drivers/STM32F1xx_HAL_Driver/Src/stm32f1xx_hal_pcd.o
                0x08007f8e                HAL_PCD_Init
 .text.HAL_PCD_Start
                0x08008062       0x32 ./Drivers/STM32F1xx_HAL_Driver/Src/stm32f1xx_hal_pcd.o
                0x08008062                HAL_PCD_Start
 .text.HAL_PCD_SetAddress
                0x08008094       0x26 ./Drivers/STM32F1xx_HAL_Driver/Src/stm32f1xx_hal_pcd.o
                0x08008094                HAL_PCD_SetAddress
 .text.HAL_PCD_IRQHandler
                0x080080ba      0xd4c ./Drivers/STM32F1xx_HAL_Driver/Src/stm32f1xx_hal_pcd.o
                0x080080ba                HAL_PCD_IRQHandler
 .text.HAL_PCD_EP_Open
                0x08008e06       0x78 ./Drivers/STM32F1xx_HAL_Driver/Src/stm32f1xx_hal_pcd.o
                0x08008e06                HAL_PCD_EP_Open
 .text.HAL_PCD_EP_Close
                0x08008e7e       0x6c ./Drivers/STM32F1xx_HAL_Driver/Src/stm32f1xx_hal_pcd.o
                0x08008e7e                HAL_PCD_EP_Close
 .text.HAL_PCD_EP_Receive
                0x08008eea       0x32 ./Drivers/STM32F1xx_HAL_Driver/Src/stm32f1xx_hal_pcd.o
                0x08008eea                HAL_PCD_EP_Receive
 .text.HAL_PCD_EP_GetRxCount
                0x08008f1c       0x12 ./Drivers/STM32F1xx_HAL_Driver/Src/stm32f1xx_hal_pcd.o
                0x08008f1c                HAL_PCD_EP_GetRxCount
 .text.HAL_PCD_EP_Transmit
                0x08008f2e       0x3c ./Drivers/STM32F1xx_HAL_Driver/Src/stm32f1xx_hal_pcd.o
                0x08008f2e                HAL_PCD_EP_Transmit
 .text.HAL_PCD_EP_SetStall
                0x08008f6a       0x80 ./Drivers/STM32F1xx_HAL_Driver/Src/stm32f1xx_hal_pcd.o
                0x08008f6a                HAL_PCD_EP_SetStall
 .text.HAL_PCD_EP_ClrStall
                0x08008fea       0x7e ./Drivers/STM32F1xx_HAL_Driver/Src/stm32f1xx_hal_pcd.o
                0x08008fea                HAL_PCD_EP_ClrStall
 .text.HAL_PCDEx_PMAConfig
                0x08009068       0x38 ./Drivers/STM32F1xx_HAL_Driver/Src/stm32f1xx_hal_pcd_ex.o
                0x08009068                HAL_PCDEx_PMAConfig
 .text.HAL_RCC_OscConfig
                0x080090a0      0x42c ./Drivers/STM32F1xx_HAL_Driver/Src/stm32f1xx_hal_rcc.o
                0x080090a0                HAL_RCC_OscConfig
 .text.HAL_RCC_GetSysClockFreq
                0x080094cc       0x54 ./Drivers/STM32F1xx_HAL_Driver/Src/stm32f1xx_hal_rcc.o
                0x080094cc                HAL_RCC_GetSysClockFreq
 .text.HAL_RCC_ClockConfig
                0x08009520      0x170 ./Drivers/STM32F1xx_HAL_Driver/Src/stm32f1xx_hal_rcc.o
                0x08009520                HAL_RCC_ClockConfig
 .text.HAL_RCC_GetPCLK1Freq
                0x08009690       0x20 ./Drivers/STM32F1xx_HAL_Driver/Src/stm32f1xx_hal_rcc.o
                0x08009690                HAL_RCC_GetPCLK1Freq
 .text.HAL_RCC_GetPCLK2Freq
                0x080096b0       0x20 ./Drivers/STM32F1xx_HAL_Driver/Src/stm32f1xx_hal_rcc.o
                0x080096b0                HAL_RCC_GetPCLK2Freq
 .text.HAL_RCCEx_PeriphCLKConfig
                0x080096d0      0x11c ./Drivers/STM32F1xx_HAL_Driver/Src/stm32f1xx_hal_rcc_ex.o
                0x080096d0                HAL_RCCEx_PeriphCLKConfig
 .text.TIM_OC1_SetConfig
                0x080097ec       0x54 ./Drivers/STM32F1xx_HAL_Driver/Src/stm32f1xx_hal_tim.o
 .text.TIM_OC3_SetConfig
                0x08009840       0x58 ./Drivers/STM32F1xx_HAL_Driver/Src/stm32f1xx_hal_tim.o
 .text.TIM_OC4_SetConfig
                0x08009898       0x48 ./Drivers/STM32F1xx_HAL_Driver/Src/stm32f1xx_hal_tim.o
 .text.HAL_TIM_Base_Start_IT
                0x080098e0       0x64 ./Drivers/STM32F1xx_HAL_Driver/Src/stm32f1xx_hal_tim.o
                0x080098e0                HAL_TIM_Base_Start_IT
 .text.HAL_TIM_PWM_MspInit
                0x08009944        0x2 ./Drivers/STM32F1xx_HAL_Driver/Src/stm32f1xx_hal_tim.o
                0x08009944                HAL_TIM_PWM_MspInit
 .text.HAL_TIM_OC_DelayElapsedCallback
                0x08009946        0x2 ./Drivers/STM32F1xx_HAL_Driver/Src/stm32f1xx_hal_tim.o
                0x08009946                HAL_TIM_OC_DelayElapsedCallback
 .text.HAL_TIM_IC_CaptureCallback
                0x08009948        0x2 ./Drivers/STM32F1xx_HAL_Driver/Src/stm32f1xx_hal_tim.o
                0x08009948                HAL_TIM_IC_CaptureCallback
 .text.HAL_TIM_PWM_PulseFinishedCallback
                0x0800994a        0x2 ./Drivers/STM32F1xx_HAL_Driver/Src/stm32f1xx_hal_tim.o
                0x0800994a                HAL_TIM_PWM_PulseFinishedCallback
 .text.HAL_TIM_TriggerCallback
                0x0800994c        0x2 ./Drivers/STM32F1xx_HAL_Driver/Src/stm32f1xx_hal_tim.o
                0x0800994c                HAL_TIM_TriggerCallback
 .text.HAL_TIM_IRQHandler
                0x0800994e      0x15e ./Drivers/STM32F1xx_HAL_Driver/Src/stm32f1xx_hal_tim.o
                0x0800994e                HAL_TIM_IRQHandler
 .text.TIM_Base_SetConfig
                0x08009aac       0xe4 ./Drivers/STM32F1xx_HAL_Driver/Src/stm32f1xx_hal_tim.o
                0x08009aac                TIM_Base_SetConfig
 .text.HAL_TIM_Base_Init
                0x08009b90       0x58 ./Drivers/STM32F1xx_HAL_Driver/Src/stm32f1xx_hal_tim.o
                0x08009b90                HAL_TIM_Base_Init
 .text.HAL_TIM_PWM_Init
                0x08009be8       0x58 ./Drivers/STM32F1xx_HAL_Driver/Src/stm32f1xx_hal_tim.o
                0x08009be8                HAL_TIM_PWM_Init
 .text.TIM_OC2_SetConfig
                0x08009c40       0x5c ./Drivers/STM32F1xx_HAL_Driver/Src/stm32f1xx_hal_tim.o
                0x08009c40                TIM_OC2_SetConfig
 .text.HAL_TIM_PWM_ConfigChannel
                0x08009c9c       0xdc ./Drivers/STM32F1xx_HAL_Driver/Src/stm32f1xx_hal_tim.o
                0x08009c9c                HAL_TIM_PWM_ConfigChannel
 .text.TIM_ETR_SetConfig
                0x08009d78       0x18 ./Drivers/STM32F1xx_HAL_Driver/Src/stm32f1xx_hal_tim.o
                0x08009d78                TIM_ETR_SetConfig
 .text.HAL_TIM_ConfigClockSource
                0x08009d90      0x16a ./Drivers/STM32F1xx_HAL_Driver/Src/stm32f1xx_hal_tim.o
                0x08009d90                HAL_TIM_ConfigClockSource
 .text.TIM_SlaveTimer_SetConfig
                0x08009efa       0xe6 ./Drivers/STM32F1xx_HAL_Driver/Src/stm32f1xx_hal_tim.o
 .text.HAL_TIM_SlaveConfigSynchro
                0x08009fe0       0x52 ./Drivers/STM32F1xx_HAL_Driver/Src/stm32f1xx_hal_tim.o
                0x08009fe0                HAL_TIM_SlaveConfigSynchro
 .text.TIM_CCxChannelCmd
                0x0800a032       0x1e ./Drivers/STM32F1xx_HAL_Driver/Src/stm32f1xx_hal_tim.o
                0x0800a032                TIM_CCxChannelCmd
 .text.HAL_TIM_PWM_Start
                0x0800a050       0xc4 ./Drivers/STM32F1xx_HAL_Driver/Src/stm32f1xx_hal_tim.o
                0x0800a050                HAL_TIM_PWM_Start
 .text.HAL_TIMEx_MasterConfigSynchronization
                0x0800a114       0x68 ./Drivers/STM32F1xx_HAL_Driver/Src/stm32f1xx_hal_tim_ex.o
                0x0800a114                HAL_TIMEx_MasterConfigSynchronization
 .text.HAL_TIMEx_CommutCallback
                0x0800a17c        0x2 ./Drivers/STM32F1xx_HAL_Driver/Src/stm32f1xx_hal_tim_ex.o
                0x0800a17c                HAL_TIMEx_CommutCallback
 .text.HAL_TIMEx_BreakCallback
                0x0800a17e        0x2 ./Drivers/STM32F1xx_HAL_Driver/Src/stm32f1xx_hal_tim_ex.o
                0x0800a17e                HAL_TIMEx_BreakCallback
 .text.UART_EndRxTransfer
                0x0800a180       0x5c ./Drivers/STM32F1xx_HAL_Driver/Src/stm32f1xx_hal_uart.o
 .text.UART_SetConfig
                0x0800a1dc       0x8c ./Drivers/STM32F1xx_HAL_Driver/Src/stm32f1xx_hal_uart.o
 .text.HAL_UART_Init
                0x0800a268       0x60 ./Drivers/STM32F1xx_HAL_Driver/Src/stm32f1xx_hal_uart.o
                0x0800a268                HAL_UART_Init
 .text.HAL_UART_Transmit_IT
                0x0800a2c8       0x36 ./Drivers/STM32F1xx_HAL_Driver/Src/stm32f1xx_hal_uart.o
                0x0800a2c8                HAL_UART_Transmit_IT
 .text.HAL_UART_TxCpltCallback
                0x0800a2fe        0x2 ./Drivers/STM32F1xx_HAL_Driver/Src/stm32f1xx_hal_uart.o
                0x0800a2fe                HAL_UART_TxCpltCallback
 .text.UART_DMAAbortOnError
                0x0800a300       0x10 ./Drivers/STM32F1xx_HAL_Driver/Src/stm32f1xx_hal_uart.o
 .text.HAL_UARTEx_RxEventCallback
                0x0800a310        0x2 ./Drivers/STM32F1xx_HAL_Driver/Src/stm32f1xx_hal_uart.o
                0x0800a310                HAL_UARTEx_RxEventCallback
 .text.UART_Receive_IT
                0x0800a312       0xda ./Drivers/STM32F1xx_HAL_Driver/Src/stm32f1xx_hal_uart.o
 .text.HAL_UART_IRQHandler
                0x0800a3ec      0x2f4 ./Drivers/STM32F1xx_HAL_Driver/Src/stm32f1xx_hal_uart.o
                0x0800a3ec                HAL_UART_IRQHandler
 .text.UART_Start_Receive_IT
                0x0800a6e0       0x36 ./Drivers/STM32F1xx_HAL_Driver/Src/stm32f1xx_hal_uart.o
                0x0800a6e0                UART_Start_Receive_IT
 .text.HAL_UART_Receive_IT
                0x0800a716       0x24 ./Drivers/STM32F1xx_HAL_Driver/Src/stm32f1xx_hal_uart.o
                0x0800a716                HAL_UART_Receive_IT
 .text.USB_CoreInit
                0x0800a73a        0xe ./Drivers/STM32F1xx_HAL_Driver/Src/stm32f1xx_ll_usb.o
                0x0800a73a                USB_CoreInit
 .text.USB_EnableGlobalInt
                0x0800a748       0x12 ./Drivers/STM32F1xx_HAL_Driver/Src/stm32f1xx_ll_usb.o
                0x0800a748                USB_EnableGlobalInt
 .text.USB_DisableGlobalInt
                0x0800a75a       0x14 ./Drivers/STM32F1xx_HAL_Driver/Src/stm32f1xx_ll_usb.o
                0x0800a75a                USB_DisableGlobalInt
 .text.USB_SetCurrentMode
                0x0800a76e        0x4 ./Drivers/STM32F1xx_HAL_Driver/Src/stm32f1xx_ll_usb.o
                0x0800a76e                USB_SetCurrentMode
 .text.USB_DevInit
                0x0800a772       0x22 ./Drivers/STM32F1xx_HAL_Driver/Src/stm32f1xx_ll_usb.o
                0x0800a772                USB_DevInit
 .text.USB_ActivateEndpoint
                0x0800a794      0x38e ./Drivers/STM32F1xx_HAL_Driver/Src/stm32f1xx_ll_usb.o
                0x0800a794                USB_ActivateEndpoint
 .text.USB_DeactivateEndpoint
                0x0800ab22      0x1d2 ./Drivers/STM32F1xx_HAL_Driver/Src/stm32f1xx_ll_usb.o
                0x0800ab22                USB_DeactivateEndpoint
 .text.USB_EPSetStall
                0x0800acf4       0x4a ./Drivers/STM32F1xx_HAL_Driver/Src/stm32f1xx_ll_usb.o
                0x0800acf4                USB_EPSetStall
 .text.USB_EPClearStall
                0x0800ad3e       0xa2 ./Drivers/STM32F1xx_HAL_Driver/Src/stm32f1xx_ll_usb.o
                0x0800ad3e                USB_EPClearStall
 .text.USB_SetDevAddress
                0x0800ade0        0xc ./Drivers/STM32F1xx_HAL_Driver/Src/stm32f1xx_ll_usb.o
                0x0800ade0                USB_SetDevAddress
 .text.USB_DevConnect
                0x0800adec        0x4 ./Drivers/STM32F1xx_HAL_Driver/Src/stm32f1xx_ll_usb.o
                0x0800adec                USB_DevConnect
 .text.USB_DevDisconnect
                0x0800adf0        0x4 ./Drivers/STM32F1xx_HAL_Driver/Src/stm32f1xx_ll_usb.o
                0x0800adf0                USB_DevDisconnect
 .text.USB_ReadInterrupts
                0x0800adf4        0x8 ./Drivers/STM32F1xx_HAL_Driver/Src/stm32f1xx_ll_usb.o
                0x0800adf4                USB_ReadInterrupts
 .text.USB_EP0_OutStart
                0x0800adfc        0x4 ./Drivers/STM32F1xx_HAL_Driver/Src/stm32f1xx_ll_usb.o
                0x0800adfc                USB_EP0_OutStart
 .text.USB_WritePMA
                0x0800ae00       0x2e ./Drivers/STM32F1xx_HAL_Driver/Src/stm32f1xx_ll_usb.o
                0x0800ae00                USB_WritePMA
 .text.USB_EPStartXfer
                0x0800ae2e      0x69e ./Drivers/STM32F1xx_HAL_Driver/Src/stm32f1xx_ll_usb.o
                0x0800ae2e                USB_EPStartXfer
 .text.USB_ReadPMA
                0x0800b4cc       0x44 ./Drivers/STM32F1xx_HAL_Driver/Src/stm32f1xx_ll_usb.o
                0x0800b4cc                USB_ReadPMA
 .text.USBD_CDC_EP0_RxReady
                0x0800b510       0x2c ./Middlewares/ST/STM32_USB_Device_Library/Class/CDC/Src/usbd_cdc.o
 .text.USBD_CDC_GetFSCfgDesc
                0x0800b53c        0xc ./Middlewares/ST/STM32_USB_Device_Library/Class/CDC/Src/usbd_cdc.o
 .text.USBD_CDC_GetHSCfgDesc
                0x0800b548        0xc ./Middlewares/ST/STM32_USB_Device_Library/Class/CDC/Src/usbd_cdc.o
 .text.USBD_CDC_GetOtherSpeedCfgDesc
                0x0800b554        0xc ./Middlewares/ST/STM32_USB_Device_Library/Class/CDC/Src/usbd_cdc.o
 .text.USBD_CDC_GetDeviceQualifierDescriptor
                0x0800b560        0xc ./Middlewares/ST/STM32_USB_Device_Library/Class/CDC/Src/usbd_cdc.o
                0x0800b560                USBD_CDC_GetDeviceQualifierDescriptor
 .text.USBD_CDC_DataOut
                0x0800b56c       0x2e ./Middlewares/ST/STM32_USB_Device_Library/Class/CDC/Src/usbd_cdc.o
 .text.USBD_CDC_DataIn
                0x0800b59a       0x58 ./Middlewares/ST/STM32_USB_Device_Library/Class/CDC/Src/usbd_cdc.o
 .text.USBD_CDC_Setup
                0x0800b5f2       0xd6 ./Middlewares/ST/STM32_USB_Device_Library/Class/CDC/Src/usbd_cdc.o
 .text.USBD_CDC_DeInit
                0x0800b6c8       0x42 ./Middlewares/ST/STM32_USB_Device_Library/Class/CDC/Src/usbd_cdc.o
 .text.USBD_CDC_Init
                0x0800b70a       0xa2 ./Middlewares/ST/STM32_USB_Device_Library/Class/CDC/Src/usbd_cdc.o
 .text.USBD_CDC_RegisterInterface
                0x0800b7ac        0xe ./Middlewares/ST/STM32_USB_Device_Library/Class/CDC/Src/usbd_cdc.o
                0x0800b7ac                USBD_CDC_RegisterInterface
 .text.USBD_CDC_SetTxBuffer
                0x0800b7ba       0x10 ./Middlewares/ST/STM32_USB_Device_Library/Class/CDC/Src/usbd_cdc.o
                0x0800b7ba                USBD_CDC_SetTxBuffer
 .text.USBD_CDC_SetRxBuffer
                0x0800b7ca        0xc ./Middlewares/ST/STM32_USB_Device_Library/Class/CDC/Src/usbd_cdc.o
                0x0800b7ca                USBD_CDC_SetRxBuffer
 .text.USBD_CDC_TransmitPacket
                0x0800b7d6       0x32 ./Middlewares/ST/STM32_USB_Device_Library/Class/CDC/Src/usbd_cdc.o
                0x0800b7d6                USBD_CDC_TransmitPacket
 .text.USBD_CDC_ReceivePacket
                0x0800b808       0x32 ./Middlewares/ST/STM32_USB_Device_Library/Class/CDC/Src/usbd_cdc.o
                0x0800b808                USBD_CDC_ReceivePacket
 .text.USBD_Init
                0x0800b83a       0x2e ./Middlewares/ST/STM32_USB_Device_Library/Core/Src/usbd_core.o
                0x0800b83a                USBD_Init
 .text.USBD_RegisterClass
                0x0800b868        0xe ./Middlewares/ST/STM32_USB_Device_Library/Core/Src/usbd_core.o
                0x0800b868                USBD_RegisterClass
 .text.USBD_Start
                0x0800b876        0xa ./Middlewares/ST/STM32_USB_Device_Library/Core/Src/usbd_core.o
                0x0800b876                USBD_Start
 .text.USBD_SetClassConfig
                0x0800b880       0x1a ./Middlewares/ST/STM32_USB_Device_Library/Core/Src/usbd_core.o
                0x0800b880                USBD_SetClassConfig
 .text.USBD_ClrClassConfig
                0x0800b89a        0xe ./Middlewares/ST/STM32_USB_Device_Library/Core/Src/usbd_core.o
                0x0800b89a                USBD_ClrClassConfig
 .text.USBD_LL_SetupStage
                0x0800b8a8       0x5a ./Middlewares/ST/STM32_USB_Device_Library/Core/Src/usbd_core.o
                0x0800b8a8                USBD_LL_SetupStage
 .text.USBD_LL_DataOutStage
                0x0800b902       0x88 ./Middlewares/ST/STM32_USB_Device_Library/Core/Src/usbd_core.o
                0x0800b902                USBD_LL_DataOutStage
 .text.USBD_LL_DataInStage
                0x0800b98a       0xd0 ./Middlewares/ST/STM32_USB_Device_Library/Core/Src/usbd_core.o
                0x0800b98a                USBD_LL_DataInStage
 .text.USBD_LL_Reset
                0x0800ba5a       0x50 ./Middlewares/ST/STM32_USB_Device_Library/Core/Src/usbd_core.o
                0x0800ba5a                USBD_LL_Reset
 .text.USBD_LL_SetSpeed
                0x0800baaa        0x6 ./Middlewares/ST/STM32_USB_Device_Library/Core/Src/usbd_core.o
                0x0800baaa                USBD_LL_SetSpeed
 .text.USBD_LL_Suspend
                0x0800bab0       0x12 ./Middlewares/ST/STM32_USB_Device_Library/Core/Src/usbd_core.o
                0x0800bab0                USBD_LL_Suspend
 .text.USBD_LL_Resume
                0x0800bac2       0x14 ./Middlewares/ST/STM32_USB_Device_Library/Core/Src/usbd_core.o
                0x0800bac2                USBD_LL_Resume
 .text.USBD_LL_SOF
                0x0800bad6       0x1c ./Middlewares/ST/STM32_USB_Device_Library/Core/Src/usbd_core.o
                0x0800bad6                USBD_LL_SOF
 .text.USBD_ParseSetupRequest
                0x0800baf2       0x28 ./Middlewares/ST/STM32_USB_Device_Library/Core/Src/usbd_ctlreq.o
                0x0800baf2                USBD_ParseSetupRequest
 .text.USBD_CtlError
                0x0800bb1a       0x14 ./Middlewares/ST/STM32_USB_Device_Library/Core/Src/usbd_ctlreq.o
                0x0800bb1a                USBD_CtlError
 *fill*         0x0800bb2e        0x2 
 .text.USBD_StdDevReq
                0x0800bb30      0x370 ./Middlewares/ST/STM32_USB_Device_Library/Core/Src/usbd_ctlreq.o
                0x0800bb30                USBD_StdDevReq
 .text.USBD_StdItfReq
                0x0800bea0       0x60 ./Middlewares/ST/STM32_USB_Device_Library/Core/Src/usbd_ctlreq.o
                0x0800bea0                USBD_StdItfReq
 .text.USBD_StdEPReq
                0x0800bf00      0x1a8 ./Middlewares/ST/STM32_USB_Device_Library/Core/Src/usbd_ctlreq.o
                0x0800bf00                USBD_StdEPReq
 .text.USBD_GetString
                0x0800c0a8       0x4e ./Middlewares/ST/STM32_USB_Device_Library/Core/Src/usbd_ctlreq.o
                0x0800c0a8                USBD_GetString
 .text.USBD_CtlSendData
                0x0800c0f6       0x1a ./Middlewares/ST/STM32_USB_Device_Library/Core/Src/usbd_ioreq.o
                0x0800c0f6                USBD_CtlSendData
 .text.USBD_CtlContinueSendData
                0x0800c110       0x10 ./Middlewares/ST/STM32_USB_Device_Library/Core/Src/usbd_ioreq.o
                0x0800c110                USBD_CtlContinueSendData
 .text.USBD_CtlPrepareRx
                0x0800c120       0x1e ./Middlewares/ST/STM32_USB_Device_Library/Core/Src/usbd_ioreq.o
                0x0800c120                USBD_CtlPrepareRx
 .text.USBD_CtlContinueRx
                0x0800c13e       0x10 ./Middlewares/ST/STM32_USB_Device_Library/Core/Src/usbd_ioreq.o
                0x0800c13e                USBD_CtlContinueRx
 .text.USBD_CtlSendStatus
                0x0800c14e       0x16 ./Middlewares/ST/STM32_USB_Device_Library/Core/Src/usbd_ioreq.o
                0x0800c14e                USBD_CtlSendStatus
 .text.USBD_CtlReceiveStatus
                0x0800c164       0x16 ./Middlewares/ST/STM32_USB_Device_Library/Core/Src/usbd_ioreq.o
                0x0800c164                USBD_CtlReceiveStatus
 *fill*         0x0800c17a        0x2 
 .text.MX_USB_DEVICE_Init
                0x0800c17c       0x54 ./USB_DEVICE/App/usb_device.o
                0x0800c17c                MX_USB_DEVICE_Init
 .text.CDC_DeInit_FS
                0x0800c1d0        0x4 ./USB_DEVICE/App/usbd_cdc_if.o
 .text.CDC_Control_FS
                0x0800c1d4       0x58 ./USB_DEVICE/App/usbd_cdc_if.o
 .text.CDC_Receive_FS
                0x0800c22c       0x2c ./USB_DEVICE/App/usbd_cdc_if.o
 .text.CDC_Init_FS
                0x0800c258       0x28 ./USB_DEVICE/App/usbd_cdc_if.o
 .text.CDC_Transmit_FS
                0x0800c280       0x2c ./USB_DEVICE/App/usbd_cdc_if.o
                0x0800c280                CDC_Transmit_FS
 .text.CDC_Attach_Rx
                0x0800c2ac        0xc ./USB_DEVICE/App/usbd_cdc_if.o
                0x0800c2ac                CDC_Attach_Rx
 .text.USBD_FS_DeviceDescriptor
                0x0800c2b8        0xc ./USB_DEVICE/App/usbd_desc.o
                0x0800c2b8                USBD_FS_DeviceDescriptor
 .text.USBD_FS_LangIDStrDescriptor
                0x0800c2c4        0xc ./USB_DEVICE/App/usbd_desc.o
                0x0800c2c4                USBD_FS_LangIDStrDescriptor
 .text.IntToUnicode
                0x0800c2d0       0x28 ./USB_DEVICE/App/usbd_desc.o
 .text.USBD_FS_SerialStrDescriptor
                0x0800c2f8       0x44 ./USB_DEVICE/App/usbd_desc.o
                0x0800c2f8                USBD_FS_SerialStrDescriptor
 .text.USBD_FS_ProductStrDescriptor
                0x0800c33c       0x18 ./USB_DEVICE/App/usbd_desc.o
                0x0800c33c                USBD_FS_ProductStrDescriptor
 .text.USBD_FS_ManufacturerStrDescriptor
                0x0800c354       0x1c ./USB_DEVICE/App/usbd_desc.o
                0x0800c354                USBD_FS_ManufacturerStrDescriptor
 .text.USBD_FS_ConfigStrDescriptor
                0x0800c370       0x18 ./USB_DEVICE/App/usbd_desc.o
                0x0800c370                USBD_FS_ConfigStrDescriptor
 .text.USBD_FS_InterfaceStrDescriptor
                0x0800c388       0x18 ./USB_DEVICE/App/usbd_desc.o
                0x0800c388                USBD_FS_InterfaceStrDescriptor
 .text.USBD_Get_USB_Status
                0x0800c3a0        0xe ./USB_DEVICE/Target/usbd_conf.o
 *fill*         0x0800c3ae        0x2 
 .text.HAL_PCD_MspInit
                0x0800c3b0       0x4c ./USB_DEVICE/Target/usbd_conf.o
                0x0800c3b0                HAL_PCD_MspInit
 .text.HAL_PCD_SetupStageCallback
                0x0800c3fc       0x10 ./USB_DEVICE/Target/usbd_conf.o
                0x0800c3fc                HAL_PCD_SetupStageCallback
 .text.HAL_PCD_DataOutStageCallback
                0x0800c40c       0x18 ./USB_DEVICE/Target/usbd_conf.o
                0x0800c40c                HAL_PCD_DataOutStageCallback
 .text.HAL_PCD_DataInStageCallback
                0x0800c424       0x16 ./USB_DEVICE/Target/usbd_conf.o
                0x0800c424                HAL_PCD_DataInStageCallback
 .text.HAL_PCD_SOFCallback
                0x0800c43a        0xc ./USB_DEVICE/Target/usbd_conf.o
                0x0800c43a                HAL_PCD_SOFCallback
 .text.HAL_PCD_ResetCallback
                0x0800c446       0x24 ./USB_DEVICE/Target/usbd_conf.o
                0x0800c446                HAL_PCD_ResetCallback
 *fill*         0x0800c46a        0x2 
 .text.HAL_PCD_SuspendCallback
                0x0800c46c       0x20 ./USB_DEVICE/Target/usbd_conf.o
                0x0800c46c                HAL_PCD_SuspendCallback
 .text.HAL_PCD_ResumeCallback
                0x0800c48c        0xc ./USB_DEVICE/Target/usbd_conf.o
                0x0800c48c                HAL_PCD_ResumeCallback
 .text.USBD_LL_Init
                0x0800c498       0x84 ./USB_DEVICE/Target/usbd_conf.o
                0x0800c498                USBD_LL_Init
 .text.USBD_LL_Start
                0x0800c51c       0x10 ./USB_DEVICE/Target/usbd_conf.o
                0x0800c51c                USBD_LL_Start
 .text.USBD_LL_OpenEP
                0x0800c52c       0x16 ./USB_DEVICE/Target/usbd_conf.o
                0x0800c52c                USBD_LL_OpenEP
 .text.USBD_LL_CloseEP
                0x0800c542       0x10 ./USB_DEVICE/Target/usbd_conf.o
                0x0800c542                USBD_LL_CloseEP
 .text.USBD_LL_StallEP
                0x0800c552       0x10 ./USB_DEVICE/Target/usbd_conf.o
                0x0800c552                USBD_LL_StallEP
 .text.USBD_LL_ClearStallEP
                0x0800c562       0x10 ./USB_DEVICE/Target/usbd_conf.o
                0x0800c562                USBD_LL_ClearStallEP
 .text.USBD_LL_IsStallEP
                0x0800c572       0x1e ./USB_DEVICE/Target/usbd_conf.o
                0x0800c572                USBD_LL_IsStallEP
 .text.USBD_LL_SetUSBAddress
                0x0800c590       0x10 ./USB_DEVICE/Target/usbd_conf.o
                0x0800c590                USBD_LL_SetUSBAddress
 .text.USBD_LL_Transmit
                0x0800c5a0       0x10 ./USB_DEVICE/Target/usbd_conf.o
                0x0800c5a0                USBD_LL_Transmit
 .text.USBD_LL_PrepareReceive
                0x0800c5b0       0x10 ./USB_DEVICE/Target/usbd_conf.o
                0x0800c5b0                USBD_LL_PrepareReceive
 .text.USBD_LL_GetRxDataSize
                0x0800c5c0        0xc ./USB_DEVICE/Target/usbd_conf.o
                0x0800c5c0                USBD_LL_GetRxDataSize
 .text.USBD_static_malloc
                0x0800c5cc        0x8 ./USB_DEVICE/Target/usbd_conf.o
                0x0800c5cc                USBD_static_malloc
 .text.USBD_static_free
                0x0800c5d4        0x2 ./USB_DEVICE/Target/usbd_conf.o
                0x0800c5d4                USBD_static_free
 .text.HAL_PCDEx_SetConnectionState
                0x0800c5d6        0x2 ./USB_DEVICE/Target/usbd_conf.o
                0x0800c5d6                HAL_PCDEx_SetConnectionState
 .text.__itoa   0x0800c5d8       0x30 C:/ST/STM32CubeIDE_2.1.0/STM32CubeIDE/plugins/com.st.stm32cube.ide.mcu.externaltools.gnu-tools-for-stm32.14.3.rel1.win32_1.0.100.202602081740/tools/bin/../lib/gcc/arm-none-eabi/14.3.1/../../../../arm-none-eabi/lib/thumb/v7-m/nofp\libc_nano.a(libc_a-itoa.o)
                0x0800c5d8                __itoa
 .text.itoa     0x0800c608        0x4 C:/ST/STM32CubeIDE_2.1.0/STM32CubeIDE/plugins/com.st.stm32cube.ide.mcu.externaltools.gnu-tools-for-stm32.14.3.rel1.win32_1.0.100.202602081740/tools/bin/../lib/gcc/arm-none-eabi/14.3.1/../../../../arm-none-eabi/lib/thumb/v7-m/nofp\libc_nano.a(libc_a-itoa.o)
                0x0800c608                itoa
 .text.__utoa   0x0800c60c       0x84 C:/ST/STM32CubeIDE_2.1.0/STM32CubeIDE/plugins/com.st.stm32cube.ide.mcu.externaltools.gnu-tools-for-stm32.14.3.rel1.win32_1.0.100.202602081740/tools/bin/../lib/gcc/arm-none-eabi/14.3.1/../../../../arm-none-eabi/lib/thumb/v7-m/nofp\libc_nano.a(libc_a-utoa.o)
                0x0800c60c                __utoa
 .text.snprintf
                0x0800c690       0x6c C:/ST/STM32CubeIDE_2.1.0/STM32CubeIDE/plugins/com.st.stm32cube.ide.mcu.externaltools.gnu-tools-for-stm32.14.3.rel1.win32_1.0.100.202602081740/tools/bin/../lib/gcc/arm-none-eabi/14.3.1/../../../../arm-none-eabi/lib/thumb/v7-m/nofp\libc_nano.a(libc_a-snprintf.o)
                0x0800c690                sniprintf
                0x0800c690                snprintf
 .text.memset   0x0800c6fc       0x10 C:/ST/STM32CubeIDE_2.1.0/STM32CubeIDE/plugins/com.st.stm32cube.ide.mcu.externaltools.gnu-tools-for-stm32.14.3.rel1.win32_1.0.100.202602081740/tools/bin/../lib/gcc/arm-none-eabi/14.3.1/../../../../arm-none-eabi/lib/thumb/v7-m/nofp\libc_nano.a(libc_a-memset.o)
                0x0800c6fc                memset
 .text.strncpy  0x0800c70c       0x26 C:/ST/STM32CubeIDE_2.1.0/STM32CubeIDE/plugins/com.st.stm32cube.ide.mcu.externaltools.gnu-tools-for-stm32.14.3.rel1.win32_1.0.100.202602081740/tools/bin/../lib/gcc/arm-none-eabi/14.3.1/../../../../arm-none-eabi/lib/thumb/v7-m/nofp\libc_nano.a(libc_a-strncpy.o)
                0x0800c70c                strncpy
 .text.strstr   0x0800c732       0x2c C:/ST/STM32CubeIDE_2.1.0/STM32CubeIDE/plugins/com.st.stm32cube.ide.mcu.externaltools.gnu-tools-for-stm32.14.3.rel1.win32_1.0.100.202602081740/tools/bin/../lib/gcc/arm-none-eabi/14.3.1/../../../../arm-none-eabi/lib/thumb/v7-m/nofp\libc_nano.a(libc_a-strstr.o)
                0x0800c732                strstr
 *fill*         0x0800c75e        0x2 
 .text.__errno  0x0800c760        0xc C:/ST/STM32CubeIDE_2.1.0/STM32CubeIDE/plugins/com.st.stm32cube.ide.mcu.externaltools.gnu-tools-for-stm32.14.3.rel1.win32_1.0.100.202602081740/tools/bin/../lib/gcc/arm-none-eabi/14.3.1/../../../../arm-none-eabi/lib/thumb/v7-m/nofp\libc_nano.a(libc_a-errno.o)
                0x0800c760                __errno
 .text.__libc_init_array
                0x0800c76c       0x48 C:/ST/STM32CubeIDE_2.1.0/STM32CubeIDE/plugins/com.st.stm32cube.ide.mcu.externaltools.gnu-tools-for-stm32.14.3.rel1.win32_1.0.100.202602081740/tools/bin/../lib/gcc/arm-none-eabi/14.3.1/../../../../arm-none-eabi/lib/thumb/v7-m/nofp\libc_nano.a(libc_a-init.o)
                0x0800c76c                __libc_init_array
 .text.__retarget_lock_acquire_recursive
                0x0800c7b4        0x2 C:/ST/STM32CubeIDE_2.1.0/STM32CubeIDE/plugins/com.st.stm32cube.ide.mcu.externaltools.gnu-tools-for-stm32.14.3.rel1.win32_1.0.100.202602081740/tools/bin/../lib/gcc/arm-none-eabi/14.3.1/../../../../arm-none-eabi/lib/thumb/v7-m/nofp\libc_nano.a(libc_a-lock.o)
                0x0800c7b4                __retarget_lock_acquire_recursive
 .text.__retarget_lock_release_recursive
                0x0800c7b6        0x2 C:/ST/STM32CubeIDE_2.1.0/STM32CubeIDE/plugins/com.st.stm32cube.ide.mcu.externaltools.gnu-tools-for-stm32.14.3.rel1.win32_1.0.100.202602081740/tools/bin/../lib/gcc/arm-none-eabi/14.3.1/../../../../arm-none-eabi/lib/thumb/v7-m/nofp\libc_nano.a(libc_a-lock.o)
                0x0800c7b6                __retarget_lock_release_recursive
 .text.memcpy   0x0800c7b8       0x1c C:/ST/STM32CubeIDE_2.1.0/STM32CubeIDE/plugins/com.st.stm32cube.ide.mcu.externaltools.gnu-tools-for-stm32.14.3.rel1.win32_1.0.100.202602081740/tools/bin/../lib/gcc/arm-none-eabi/14.3.1/../../../../arm-none-eabi/lib/thumb/v7-m/nofp\libc_nano.a(libc_a-memcpy-stub.o)
                0x0800c7b8                memcpy
 .text._free_r  0x0800c7d4       0x90 C:/ST/STM32CubeIDE_2.1.0/STM32CubeIDE/plugins/com.st.stm32cube.ide.mcu.externaltools.gnu-tools-for-stm32.14.3.rel1.win32_1.0.100.202602081740/tools/bin/../lib/gcc/arm-none-eabi/14.3.1/../../../../arm-none-eabi/lib/thumb/v7-m/nofp\libc_nano.a(libc_a-freer.o)
                0x0800c7d4                _free_r
 .text.sbrk_aligned
                0x0800c864       0x44 C:/ST/STM32CubeIDE_2.1.0/STM32CubeIDE/plugins/com.st.stm32cube.ide.mcu.externaltools.gnu-tools-for-stm32.14.3.rel1.win32_1.0.100.202602081740/tools/bin/../lib/gcc/arm-none-eabi/14.3.1/../../../../arm-none-eabi/lib/thumb/v7-m/nofp\libc_nano.a(libc_a-mallocr.o)
 .text._malloc_r
                0x0800c8a8      0x100 C:/ST/STM32CubeIDE_2.1.0/STM32CubeIDE/plugins/com.st.stm32cube.ide.mcu.externaltools.gnu-tools-for-stm32.14.3.rel1.win32_1.0.100.202602081740/tools/bin/../lib/gcc/arm-none-eabi/14.3.1/../../../../arm-none-eabi/lib/thumb/v7-m/nofp\libc_nano.a(libc_a-mallocr.o)
                0x0800c8a8                _malloc_r
 .text.__malloc_lock
                0x0800c9a8        0xc C:/ST/STM32CubeIDE_2.1.0/STM32CubeIDE/plugins/com.st.stm32cube.ide.mcu.externaltools.gnu-tools-for-stm32.14.3.rel1.win32_1.0.100.202602081740/tools/bin/../lib/gcc/arm-none-eabi/14.3.1/../../../../arm-none-eabi/lib/thumb/v7-m/nofp\libc_nano.a(libc_a-mlock.o)
                0x0800c9a8                __malloc_lock
 .text.__malloc_unlock
                0x0800c9b4        0xc C:/ST/STM32CubeIDE_2.1.0/STM32CubeIDE/plugins/com.st.stm32cube.ide.mcu.externaltools.gnu-tools-for-stm32.14.3.rel1.win32_1.0.100.202602081740/tools/bin/../lib/gcc/arm-none-eabi/14.3.1/../../../../arm-none-eabi/lib/thumb/v7-m/nofp\libc_nano.a(libc_a-mlock.o)
                0x0800c9b4                __malloc_unlock
 .text.__ssputs_r
                0x0800c9c0       0xc0 C:/ST/STM32CubeIDE_2.1.0/STM32CubeIDE/plugins/com.st.stm32cube.ide.mcu.externaltools.gnu-tools-for-stm32.14.3.rel1.win32_1.0.100.202602081740/tools/bin/../lib/gcc/arm-none-eabi/14.3.1/../../../../arm-none-eabi/lib/thumb/v7-m/nofp\libc_nano.a(libc_a-nano-svfprintf.o)
                0x0800c9c0                __ssputs_r
 .text._svfprintf_r
                0x0800ca80      0x1f0 C:/ST/STM32CubeIDE_2.1.0/STM32CubeIDE/plugins/com.st.stm32cube.ide.mcu.externaltools.gnu-tools-for-stm32.14.3.rel1.win32_1.0.100.202602081740/tools/bin/../lib/gcc/arm-none-eabi/14.3.1/../../../../arm-none-eabi/lib/thumb/v7-m/nofp\libc_nano.a(libc_a-nano-svfprintf.o)
                0x0800ca80                _svfiprintf_r
                0x0800ca80                _svfprintf_r
 .text._printf_common
                0x0800cc70       0xe4 C:/ST/STM32CubeIDE_2.1.0/STM32CubeIDE/plugins/com.st.stm32cube.ide.mcu.externaltools.gnu-tools-for-stm32.14.3.rel1.win32_1.0.100.202602081740/tools/bin/../lib/gcc/arm-none-eabi/14.3.1/../../../../arm-none-eabi/lib/thumb/v7-m/nofp\libc_nano.a(libc_a-nano-vfprintf_i.o)
                0x0800cc70                _printf_common
 .text._printf_i
                0x0800cd54      0x24c C:/ST/STM32CubeIDE_2.1.0/STM32CubeIDE/plugins/com.st.stm32cube.ide.mcu.externaltools.gnu-tools-for-stm32.14.3.rel1.win32_1.0.100.202602081740/tools/bin/../lib/gcc/arm-none-eabi/14.3.1/../../../../arm-none-eabi/lib/thumb/v7-m/nofp\libc_nano.a(libc_a-nano-vfprintf_i.o)
                0x0800cd54                _printf_i
 .text.memmove  0x0800cfa0       0x32 C:/ST/STM32CubeIDE_2.1.0/STM32CubeIDE/plugins/com.st.stm32cube.ide.mcu.externaltools.gnu-tools-for-stm32.14.3.rel1.win32_1.0.100.202602081740/tools/bin/../lib/gcc/arm-none-eabi/14.3.1/../../../../arm-none-eabi/lib/thumb/v7-m/nofp\libc_nano.a(libc_a-memmove.o)
                0x0800cfa0                memmove
 *fill*         0x0800cfd2        0x2 
 .text._sbrk_r  0x0800cfd4       0x20 C:/ST/STM32CubeIDE_2.1.0/STM32CubeIDE/plugins/com.st.stm32cube.ide.mcu.externaltools.gnu-tools-for-stm32.14.3.rel1.win32_1.0.100.202602081740/tools/bin/../lib/gcc/arm-none-eabi/14.3.1/../../../../arm-none-eabi/lib/thumb/v7-m/nofp\libc_nano.a(libc_a-sbrkr.o)
                0x0800cfd4                _sbrk_r
 .text.memchr   0x0800cff4       0x1c C:/ST/STM32CubeIDE_2.1.0/STM32CubeIDE/plugins/com.st.stm32cube.ide.mcu.externaltools.gnu-tools-for-stm32.14.3.rel1.win32_1.0.100.202602081740/tools/bin/../lib/gcc/arm-none-eabi/14.3.1/../../../../arm-none-eabi/lib/thumb/v7-m/nofp\libc_nano.a(libc_a-memchr-stub.o)
                0x0800cff4                memchr
 .text._realloc_r
                0x0800d010       0x5c C:/ST/STM32CubeIDE_2.1.0/STM32CubeIDE/plugins/com.st.stm32cube.ide.mcu.externaltools.gnu-tools-for-stm32.14.3.rel1.win32_1.0.100.202602081740/tools/bin/../lib/gcc/arm-none-eabi/14.3.1/../../../../arm-none-eabi/lib/thumb/v7-m/nofp\libc_nano.a(libc_a-reallocr.o)
                0x0800d010                _realloc_r
 .text._malloc_usable_size_r
                0x0800d06c       0x10 C:/ST/STM32CubeIDE_2.1.0/STM32CubeIDE/plugins/com.st.stm32cube.ide.mcu.externaltools.gnu-tools-for-stm32.14.3.rel1.win32_1.0.100.202602081740/tools/bin/../lib/gcc/arm-none-eabi/14.3.1/../../../../arm-none-eabi/lib/thumb/v7-m/nofp\libc_nano.a(libc_a-msizer.o)
                0x0800d06c                _malloc_usable_size_r
 *(.glue_7)
 .glue_7        0x0800d07c        0x0 linker stubs
 *(.glue_7t)
 .glue_7t       0x0800d07c        0x0 linker stubs
 *(.eh_frame)
 .eh_frame      0x0800d07c        0x0 C:/ST/STM32CubeIDE_2.1.0/STM32CubeIDE/plugins/com.st.stm32cube.ide.mcu.externaltools.gnu-tools-for-stm32.14.3.rel1.win32_1.0.100.202602081740/tools/bin/../lib/gcc/arm-none-eabi/14.3.1/thumb/v7-m/nofp/crtbegin.o
 *(.init)
 .init          0x0800d07c        0x4 C:/ST/STM32CubeIDE_2.1.0/STM32CubeIDE/plugins/com.st.stm32cube.ide.mcu.externaltools.gnu-tools-for-stm32.14.3.rel1.win32_1.0.100.202602081740/tools/bin/../lib/gcc/arm-none-eabi/14.3.1/thumb/v7-m/nofp/crti.o
                0x0800d07c                _init
 .init          0x0800d080        0x8 C:/ST/STM32CubeIDE_2.1.0/STM32CubeIDE/plugins/com.st.stm32cube.ide.mcu.externaltools.gnu-tools-for-stm32.14.3.rel1.win32_1.0.100.202602081740/tools/bin/../lib/gcc/arm-none-eabi/14.3.1/thumb/v7-m/nofp/crtn.o
 *(.fini)
 .fini          0x0800d088        0x4 C:/ST/STM32CubeIDE_2.1.0/STM32CubeIDE/plugins/com.st.stm32cube.ide.mcu.externaltools.gnu-tools-for-stm32.14.3.rel1.win32_1.0.100.202602081740/tools/bin/../lib/gcc/arm-none-eabi/14.3.1/thumb/v7-m/nofp/crti.o
                0x0800d088                _fini
 .fini          0x0800d08c        0x8 C:/ST/STM32CubeIDE_2.1.0/STM32CubeIDE/plugins/com.st.stm32cube.ide.mcu.externaltools.gnu-tools-for-stm32.14.3.rel1.win32_1.0.100.202602081740/tools/bin/../lib/gcc/arm-none-eabi/14.3.1/thumb/v7-m/nofp/crtn.o
                0x0800d094                        . = ALIGN (0x4)
                0x0800d094                        _etext = .

.vfp11_veneer   0x0800d094        0x0
 .vfp11_veneer  0x0800d094        0x0 linker stubs

.v4_bx          0x0800d094        0x0
 .v4_bx         0x0800d094        0x0 linker stubs

.iplt           0x0800d094        0x0
 .iplt          0x0800d094        0x0 C:/ST/STM32CubeIDE_2.1.0/STM32CubeIDE/plugins/com.st.stm32cube.ide.mcu.externaltools.gnu-tools-for-stm32.14.3.rel1.win32_1.0.100.202602081740/tools/bin/../lib/gcc/arm-none-eabi/14.3.1/thumb/v7-m/nofp/crtbegin.o

.rodata         0x0800d094     0x1ca0
                0x0800d094                        . = ALIGN (0x4)
 *(.rodata)
 *(.rodata*)
 .rodata.ESP01_Send.str1.4
                0x0800d094      0x502 ./Core/Src/esp01.o
                                 0x34 (size before relaxing)
 .rodata.ESP01_Task.str1.4
                0x0800d596      0x172 ./Core/Src/esp01.o
 *fill*         0x0800d596        0x2 
 .rodata.responses
                0x0800d598       0x4c ./Core/Src/esp01.o
                0x0800d598                responses
 .rodata.respBUSYS
                0x0800d5e4        0xb ./Core/Src/esp01.o
                0x0800d5e4                respBUSYS
 *fill*         0x0800d5ef        0x1 
 .rodata.respBUSYP
                0x0800d5f0        0xb ./Core/Src/esp01.o
                0x0800d5f0                respBUSYP
 *fill*         0x0800d5fb        0x1 
 .rodata.respReady
                0x0800d5fc        0xc ./Core/Src/esp01.o
                0x0800d5fc                respReady
 .rodata.respIPD
                0x0800d608        0x9 ./Core/Src/esp01.o
                0x0800d608                respIPD
 *fill*         0x0800d611        0x3 
 .rodata.respBUSY
                0x0800d614        0xb ./Core/Src/esp01.o
                0x0800d614                respBUSY
 *fill*         0x0800d61f        0x1 
 .rodata.respCIFSRAPIP
                0x0800d620       0x11 ./Core/Src/esp01.o
                0x0800d620                respCIFSRAPIP
 *fill*         0x0800d631        0x3 
 .rodata.respCLOSED
                0x0800d634        0xd ./Core/Src/esp01.o
                0x0800d634                respCLOSED
 *fill*         0x0800d641        0x3 
 .rodata.respCONNECT
                0x0800d644        0xe ./Core/Src/esp01.o
                0x0800d644                respCONNECT
 *fill*         0x0800d652        0x2 
 .rodata.respSENDOK
                0x0800d654        0xe ./Core/Src/esp01.o
                0x0800d654                respSENDOK
 *fill*         0x0800d662        0x2 
 .rodata.respDISCONNECTED
                0x0800d664       0x13 ./Core/Src/esp01.o
                0x0800d664                respDISCONNECTED
 *fill*         0x0800d677        0x1 
 .rodata.respWIFIDISCONNECTED
                0x0800d678       0x18 ./Core/Src/esp01.o
                0x0800d678                respWIFIDISCONNECTED
 .rodata.respWIFIDISCONNECT
                0x0800d690       0x16 ./Core/Src/esp01.o
                0x0800d690                respWIFIDISCONNECT
 *fill*         0x0800d6a6        0x2 
 .rodata.respWIFICONNECTED
                0x0800d6a8       0x15 ./Core/Src/esp01.o
                0x0800d6a8                respWIFICONNECTED
 *fill*         0x0800d6bd        0x3 
 .rodata.respWIFIGOTIP
                0x0800d6c0       0x12 ./Core/Src/esp01.o
                0x0800d6c0                respWIFIGOTIP
 *fill*         0x0800d6d2        0x2 
 .rodata.respERROR
                0x0800d6d4        0xc ./Core/Src/esp01.o
                0x0800d6d4                respERROR
 .rodata.respOK
                0x0800d6e0        0x9 ./Core/Src/esp01.o
                0x0800d6e0                respOK
 *fill*         0x0800d6e9        0x3 
 .rodata.respATp
                0x0800d6ec        0x8 ./Core/Src/esp01.o
                0x0800d6ec                respATp
 .rodata.respAT
                0x0800d6f4        0x8 ./Core/Src/esp01.o
                0x0800d6f4                respAT
 .rodata.ATCIPSERVER
                0x0800d6fc       0x14 ./Core/Src/esp01.o
                0x0800d6fc                ATCIPSERVER
 .rodata.ATCWDHCP
                0x0800d710       0x14 ./Core/Src/esp01.o
                0x0800d710                ATCWDHCP
 .rodata.ATCWSAP
                0x0800d724        0xe ./Core/Src/esp01.o
                0x0800d724                ATCWSAP
 *fill*         0x0800d732        0x2 
 .rodata.ATCIPSEND
                0x0800d734        0xc ./Core/Src/esp01.o
                0x0800d734                ATCIPSEND
 .rodata.ATCIPCLOSE
                0x0800d740        0xe ./Core/Src/esp01.o
                0x0800d740                ATCIPCLOSE
 *fill*         0x0800d74e        0x2 
 .rodata.ATCIPSTART
                0x0800d750        0xd ./Core/Src/esp01.o
                0x0800d750                ATCIPSTART
 *fill*         0x0800d75d        0x3 
 .rodata.ATCIFSR
                0x0800d760        0xb ./Core/Src/esp01.o
                0x0800d760                ATCIFSR
 *fill*         0x0800d76b        0x1 
 .rodata.ATCWJAP
                0x0800d76c        0xa ./Core/Src/esp01.o
                0x0800d76c                ATCWJAP
 *fill*         0x0800d776        0x2 
 .rodata.ATCWMODE
                0x0800d778        0xe ./Core/Src/esp01.o
                0x0800d778                ATCWMODE
 *fill*         0x0800d786        0x2 
 .rodata.ATAT   0x0800d788        0x5 ./Core/Src/esp01.o
                0x0800d788                ATAT
 *fill*         0x0800d78d        0x3 
 .rodata.Font_11x18
                0x0800d790        0xc ./Core/Src/fonts.o
                0x0800d790                Font_11x18
 .rodata.Font_7x10
                0x0800d79c        0xc ./Core/Src/fonts.o
                0x0800d79c                Font_7x10
 .rodata.Font11x18
                0x0800d7a8      0xd5c ./Core/Src/fonts.o
 .rodata.Font7x10
                0x0800e504      0x76c ./Core/Src/fonts.o
 .rodata.ssd1306Data.str1.4
                0x0800ec70       0x5d ./Core/Src/main.o
 .rodata.sendHTMLForm.str1.4
                0x0800ec70      0x14d ./Core/Src/main.o
 .rodata.sendHTTPOKPage.str1.4
                0x0800ec70       0x75 ./Core/Src/main.o
 .rodata.parseHTTPGetParams.str1.4
                0x0800ec70       0x1f ./Core/Src/main.o
 .rodata.httpTask.str1.4
                0x0800ec70       0x12 ./Core/Src/main.o
 .rodata.main.str1.4
                0x0800ec70       0x24 ./Core/Src/main.o
 .rodata.str1.4
                0x0800ec70       0x8d ./Core/Src/main.o
 .rodata.knownNetworks
                0x0800ec70       0x30 ./Core/Src/main.o
 .rodata.firmware
                0x0800eca0        0xd ./Core/Src/main.o
                0x0800eca0                firmware
 *fill*         0x0800ecad        0x3 
 .rodata.APBPrescTable
                0x0800ecb0        0x8 ./Core/Src/system_stm32f1xx.o
                0x0800ecb0                APBPrescTable
 .rodata.AHBPrescTable
                0x0800ecb8       0x10 ./Core/Src/system_stm32f1xx.o
                0x0800ecb8                AHBPrescTable
 .rodata.aPredivFactorTable.0
                0x0800ecc8        0x2 ./Drivers/STM32F1xx_HAL_Driver/Src/stm32f1xx_hal_rcc.o
 *fill*         0x0800ecca        0x2 
 .rodata.aPLLMULFactorTable.1
                0x0800eccc       0x10 ./Drivers/STM32F1xx_HAL_Driver/Src/stm32f1xx_hal_rcc.o
 .rodata.USBD_FS_ProductStrDescriptor.str1.4
                0x0800ecdc       0x16 ./USB_DEVICE/App/usbd_desc.o
 .rodata.USBD_FS_ManufacturerStrDescriptor.str1.4
                0x0800ecdc       0x13 ./USB_DEVICE/App/usbd_desc.o
 .rodata.USBD_FS_ConfigStrDescriptor.str1.4
                0x0800ecdc        0xb ./USB_DEVICE/App/usbd_desc.o
 .rodata.USBD_FS_InterfaceStrDescriptor.str1.4
                0x0800ecdc        0xe ./USB_DEVICE/App/usbd_desc.o
 .rodata.__utoa.str1.1
                0x0800ecdc       0x58 C:/ST/STM32CubeIDE_2.1.0/STM32CubeIDE/plugins/com.st.stm32cube.ide.mcu.externaltools.gnu-tools-for-stm32.14.3.rel1.win32_1.0.100.202602081740/tools/bin/../lib/gcc/arm-none-eabi/14.3.1/../../../../arm-none-eabi/lib/thumb/v7-m/nofp\libc_nano.a(libc_a-utoa.o)
                                 0x25 (size before relaxing)
 .rodata._svfprintf_r.str1.1
                0x0800ed34       0x11 C:/ST/STM32CubeIDE_2.1.0/STM32CubeIDE/plugins/com.st.stm32cube.ide.mcu.externaltools.gnu-tools-for-stm32.14.3.rel1.win32_1.0.100.202602081740/tools/bin/../lib/gcc/arm-none-eabi/14.3.1/../../../../arm-none-eabi/lib/thumb/v7-m/nofp\libc_nano.a(libc_a-nano-svfprintf.o)
 .rodata._printf_i.str1.1
                0x0800ed34       0x22 C:/ST/STM32CubeIDE_2.1.0/STM32CubeIDE/plugins/com.st.stm32cube.ide.mcu.externaltools.gnu-tools-for-stm32.14.3.rel1.win32_1.0.100.202602081740/tools/bin/../lib/gcc/arm-none-eabi/14.3.1/../../../../arm-none-eabi/lib/thumb/v7-m/nofp\libc_nano.a(libc_a-nano-vfprintf_i.o)
                0x0800ed58                        . = ALIGN (0x4)

.ARM.extab      0x0800ed34        0x0
                0x0800ed34                        . = ALIGN (0x4)
 *(.ARM.extab* .gnu.linkonce.armextab.*)
                0x0800ed34                        . = ALIGN (0x4)

.ARM            0x0800ed34        0x8
                0x0800ed34                        . = ALIGN (0x4)
                0x0800ed34                        __exidx_start = .
 *(.ARM.exidx*)
 .ARM.exidx     0x0800ed34        0x8 C:/ST/STM32CubeIDE_2.1.0/STM32CubeIDE/plugins/com.st.stm32cube.ide.mcu.externaltools.gnu-tools-for-stm32.14.3.rel1.win32_1.0.100.202602081740/tools/bin/../lib/gcc/arm-none-eabi/14.3.1/../../../../arm-none-eabi/lib/thumb/v7-m/nofp\libc_nano.a(libc_a-strlen.o)
 .ARM.exidx     0x0800ed3c        0x0 C:/ST/STM32CubeIDE_2.1.0/STM32CubeIDE/plugins/com.st.stm32cube.ide.mcu.externaltools.gnu-tools-for-stm32.14.3.rel1.win32_1.0.100.202602081740/tools/bin/../lib/gcc/arm-none-eabi/14.3.1/thumb/v7-m/nofp\libgcc.a(_udivmoddi4.o)
                                  0x8 (size before relaxing)
                0x0800ed3c                        __exidx_end = .
                0x0800ed3c                        . = ALIGN (0x4)

.preinit_array  0x0800ed3c        0x0
                0x0800ed3c                        . = ALIGN (0x4)
                0x0800ed3c                        PROVIDE (__preinit_array_start = .)
 *(.preinit_array*)
                0x0800ed3c                        PROVIDE (__preinit_array_end = .)
                0x0800ed3c                        . = ALIGN (0x4)

.init_array     0x0800ed3c        0x4
                0x0800ed3c                        . = ALIGN (0x4)
                0x0800ed3c                        PROVIDE (__init_array_start = .)
 *(SORT_BY_NAME(.init_array.*))
 *(.init_array*)
 .init_array    0x0800ed3c        0x4 C:/ST/STM32CubeIDE_2.1.0/STM32CubeIDE/plugins/com.st.stm32cube.ide.mcu.externaltools.gnu-tools-for-stm32.14.3.rel1.win32_1.0.100.202602081740/tools/bin/../lib/gcc/arm-none-eabi/14.3.1/thumb/v7-m/nofp/crtbegin.o
                0x0800ed40                        PROVIDE (__init_array_end = .)
                0x0800ed40                        . = ALIGN (0x4)

.fini_array     0x0800ed40        0x4
                0x0800ed40                        . = ALIGN (0x4)
                [!provide]                        PROVIDE (__fini_array_start = .)
 *(SORT_BY_NAME(.fini_array.*))
 *(.fini_array*)
 .fini_array    0x0800ed40        0x4 C:/ST/STM32CubeIDE_2.1.0/STM32CubeIDE/plugins/com.st.stm32cube.ide.mcu.externaltools.gnu-tools-for-stm32.14.3.rel1.win32_1.0.100.202602081740/tools/bin/../lib/gcc/arm-none-eabi/14.3.1/thumb/v7-m/nofp/crtbegin.o
                [!provide]                        PROVIDE (__fini_array_end = .)
                0x0800ed44                        . = ALIGN (0x4)
                0x0800ed44                        _sidata = LOADADDR (.data)

.rel.dyn        0x0800ed44        0x0
 .rel.iplt      0x0800ed44        0x0 C:/ST/STM32CubeIDE_2.1.0/STM32CubeIDE/plugins/com.st.stm32cube.ide.mcu.externaltools.gnu-tools-for-stm32.14.3.rel1.win32_1.0.100.202602081740/tools/bin/../lib/gcc/arm-none-eabi/14.3.1/thumb/v7-m/nofp/crtbegin.o

.data           0x20000000      0x280 load address 0x0800ed44
                0x20000000                        . = ALIGN (0x4)
                0x20000000                        _sdata = .
 *(.data)
 *(.data*)
 .data.esp01AP_ENC
                0x20000000        0x2 ./Core/Src/esp01.o
 *fill*         0x20000002        0x2 
 .data.esp01AP_CH
                0x20000004        0x3 ./Core/Src/esp01.o
 *fill*         0x20000007        0x1 
 .data.esp01PROTO
                0x20000008        0x4 ./Core/Src/esp01.o
 .data.bufferTx.18
                0x2000000c        0x9 ./Core/Src/main.o
 *fill*         0x20000015        0x1 
 .data.movingOff
                0x20000016        0x2 ./Core/Src/main.o
                0x20000016                movingOff
 .data.staticOff
                0x20000018        0x2 ./Core/Src/main.o
                0x20000018                staticOff
 .data.obs_align_dist
                0x2000001a        0x2 ./Core/Src/main.o
                0x2000001a                obs_align_dist
 .data.obs_stop_cycles
                0x2000001c        0x2 ./Core/Src/main.o
                0x2000001c                obs_stop_cycles
 .data.obs_side_dist
                0x2000001e        0x2 ./Core/Src/main.o
                0x2000001e                obs_side_dist
 .data.obs_lost_dist
                0x20000020        0x2 ./Core/Src/main.o
                0x20000020                obs_lost_dist
 .data.obs_corner_dist
                0x20000022        0x2 ./Core/Src/main.o
                0x20000022                obs_corner_dist
 .data.obs_detect_dist
                0x20000024        0x2 ./Core/Src/main.o
                0x20000024                obs_detect_dist
 .data.vel_limit
                0x20000026        0x2 ./Core/Src/main.o
                0x20000026                vel_limit
 .data.vel_setpoint_gain
                0x20000028        0x2 ./Core/Src/main.o
                0x20000028                vel_setpoint_gain
 .data.vel_decay
                0x2000002a        0x2 ./Core/Src/main.o
                0x2000002a                vel_decay
 .data.turn_limit
                0x2000002c        0x2 ./Core/Src/main.o
                0x2000002c                turn_limit
 .data.vel_damp_limit
                0x2000002e        0x2 ./Core/Src/main.o
                0x2000002e                vel_damp_limit
 .data.vel_damp_div
                0x20000030        0x2 ./Core/Src/main.o
                0x20000030                vel_damp_div
 .data.save_max
                0x20000032        0x2 ./Core/Src/main.o
                0x20000032                save_max
 .data.save_min
                0x20000034        0x2 ./Core/Src/main.o
                0x20000034                save_min
 .data.turn_divisor
                0x20000036        0x2 ./Core/Src/main.o
                0x20000036                turn_divisor
 .data.angle_limit
                0x20000038        0x4 ./Core/Src/main.o
                0x20000038                angle_limit
 .data.brake_angle_div
                0x2000003c        0x2 ./Core/Src/main.o
                0x2000003c                brake_angle_div
 .data.attack_setpoint
                0x2000003e        0x2 ./Core/Src/main.o
                0x2000003e                attack_setpoint
 .data.custom_turn
                0x20000040        0x2 ./Core/Src/main.o
                0x20000040                custom_turn
 .data.Kq_line  0x20000042        0x2 ./Core/Src/main.o
                0x20000042                Kq_line
 .data.Kp_line  0x20000044        0x2 ./Core/Src/main.o
                0x20000044                Kp_line
 *fill*         0x20000046        0x2 
 .data.setpoint
                0x20000048        0x4 ./Core/Src/main.o
                0x20000048                setpoint
 .data.PWM_RRot
                0x2000004c        0x2 ./Core/Src/main.o
                0x2000004c                PWM_RRot
 .data.PWM_LRot
                0x2000004e        0x2 ./Core/Src/main.o
                0x2000004e                PWM_LRot
 .data.minPWM_Right
                0x20000050        0x2 ./Core/Src/main.o
                0x20000050                minPWM_Right
 .data.minPWM_Left
                0x20000052        0x2 ./Core/Src/main.o
                0x20000052                minPWM_Left
 .data.maxPWM   0x20000054        0x2 ./Core/Src/main.o
                0x20000054                maxPWM
 .data.Kd_stable
                0x20000056        0x2 ./Core/Src/main.o
                0x20000056                Kd_stable
 .data.Kp_stable
                0x20000058        0x2 ./Core/Src/main.o
                0x20000058                Kp_stable
 *fill*         0x2000005a        0x2 
 .data.measured_dt_ms
                0x2000005c        0x4 ./Core/Src/main.o
                0x2000005c                measured_dt_ms
 .data.networkScanTimer
                0x20000060        0x2 ./Core/Src/main.o
 .data.udpTargetPort
                0x20000062        0x2 ./Core/Src/main.o
 .data.udpTargetIP
                0x20000064       0x10 ./Core/Src/main.o
 .data.udpSilenceCounter
                0x20000074        0x1 ./Core/Src/main.o
                0x20000074                udpSilenceCounter
 .data.tmo100   0x20000075        0x1 ./Core/Src/main.o
                0x20000075                tmo100
 .data.tmo20ms  0x20000076        0x1 ./Core/Src/main.o
                0x20000076                tmo20ms
 .data.tmo100ms
                0x20000077        0x1 ./Core/Src/main.o
                0x20000077                tmo100ms
 .data.heartBeatMask
                0x20000078       0x30 ./Core/Src/main.o
                0x20000078                heartBeatMask
 .data.mpu_state
                0x200000a8        0x1 ./Core/Src/mpu6050.o
 .data.state.1  0x200000a9        0x1 ./Core/Src/ssd1306.o
 *fill*         0x200000aa        0x2 
 .data.SystemCoreClock
                0x200000ac        0x4 ./Core/Src/system_stm32f1xx.o
                0x200000ac                SystemCoreClock
 .data.uwTickFreq
                0x200000b0        0x1 ./Drivers/STM32F1xx_HAL_Driver/Src/stm32f1xx_hal.o
                0x200000b0                uwTickFreq
 *fill*         0x200000b1        0x3 
 .data.uwTickPrio
                0x200000b4        0x4 ./Drivers/STM32F1xx_HAL_Driver/Src/stm32f1xx_hal.o
                0x200000b4                uwTickPrio
 .data.USBD_CDC_OtherSpeedCfgDesc
                0x200000b8       0x43 ./Middlewares/ST/STM32_USB_Device_Library/Class/CDC/Src/usbd_cdc.o
                0x200000b8                USBD_CDC_OtherSpeedCfgDesc
 *fill*         0x200000fb        0x1 
 .data.USBD_CDC_CfgFSDesc
                0x200000fc       0x43 ./Middlewares/ST/STM32_USB_Device_Library/Class/CDC/Src/usbd_cdc.o
                0x200000fc                USBD_CDC_CfgFSDesc
 *fill*         0x2000013f        0x1 
 .data.USBD_CDC_CfgHSDesc
                0x20000140       0x43 ./Middlewares/ST/STM32_USB_Device_Library/Class/CDC/Src/usbd_cdc.o
                0x20000140                USBD_CDC_CfgHSDesc
 *fill*         0x20000183        0x1 
 .data.USBD_CDC
                0x20000184       0x38 ./Middlewares/ST/STM32_USB_Device_Library/Class/CDC/Src/usbd_cdc.o
                0x20000184                USBD_CDC
 .data.USBD_CDC_DeviceQualifierDesc
                0x200001bc        0xa ./Middlewares/ST/STM32_USB_Device_Library/Class/CDC/Src/usbd_cdc.o
 *fill*         0x200001c6        0x2 
 .data.USBD_Interface_fops_FS
                0x200001c8       0x10 ./USB_DEVICE/App/usbd_cdc_if.o
                0x200001c8                USBD_Interface_fops_FS
 .data.LineCoding
                0x200001d8        0x8 ./USB_DEVICE/App/usbd_cdc_if.o
                0x200001d8                LineCoding
 .data.USBD_StringSerial
                0x200001e0       0x1a ./USB_DEVICE/App/usbd_desc.o
                0x200001e0                USBD_StringSerial
 *fill*         0x200001fa        0x2 
 .data.USBD_LangIDDesc
                0x200001fc        0x4 ./USB_DEVICE/App/usbd_desc.o
                0x200001fc                USBD_LangIDDesc
 .data.USBD_FS_DeviceDesc
                0x20000200       0x12 ./USB_DEVICE/App/usbd_desc.o
                0x20000200                USBD_FS_DeviceDesc
 *fill*         0x20000212        0x2 
 .data.FS_Desc  0x20000214       0x1c ./USB_DEVICE/App/usbd_desc.o
                0x20000214                FS_Desc
 .data._impure_ptr
                0x20000230        0x4 C:/ST/STM32CubeIDE_2.1.0/STM32CubeIDE/plugins/com.st.stm32cube.ide.mcu.externaltools.gnu-tools-for-stm32.14.3.rel1.win32_1.0.100.202602081740/tools/bin/../lib/gcc/arm-none-eabi/14.3.1/../../../../arm-none-eabi/lib/thumb/v7-m/nofp\libc_nano.a(libc_a-impure.o)
                0x20000230                _impure_ptr
 .data._impure_data